2026-01-29 07:40:58.634 [info] Reading sessions from keychain...
2026-01-29 07:40:58.634 [info] Getting sessions for all scopes...
2026-01-29 07:40:58.634 [info] Got stored sessions!
2026-01-29 07:40:58.634 [info] Got 1 verified sessions.
2026-01-29 07:40:58.634 [info] Got 1 sessions for ...
2026-01-29 07:40:58.634 [info] Getting sessions for all scopes...
2026-01-29 07:40:58.634 [info] Got 1 sessions for ...
2026-01-29 07:40:58.634 [info] Getting sessions for all scopes...
2026-01-29 07:40:58.634 [info] Got 1 sessions for ...
2026-01-29 07:40:58.634 [info] Getting sessions for all scopes...
2026-01-29 07:40:58.634 [info] Got 1 sessions for ...
2026-01-29 07:40:58.634 [info] Getting sessions for all scopes...
2026-01-29 07:40:58.634 [info] Got 1 sessions for ...
2026-01-29 07:40:58.634 [info] Getting sessions for all scopes...
2026-01-29 07:40:58.634 [info] Got 1 sessions for ...
2026-01-29 07:40:58.634 [info] Getting sessions for all scopes...
2026-01-29 07:40:58.634 [info] Got 1 sessions for ...
2026-01-29 07:40:58.634 [info] Getting sessions for all scopes...
2026-01-29 07:40:58.634 [info] Got 1 sessions for ...
2026-01-29 07:40:58.634 [info] Getting sessions for all scopes...
2026-01-29 07:40:58.634 [info] Got 1 sessions for ...
2026-01-29 07:40:58.634 [info] Getting sessions for all scopes...
2026-01-29 07:40:58.634 [info] Got 1 sessions for ...
2026-01-29 07:40:58.634 [info] Getting sessions for all scopes...
2026-01-29 07:40:58.634 [info] Got 1 sessions for ...
2026-01-29 07:40:58.634 [info] Getting sessions for all scopes...
2026-01-29 07:40:58.634 [info] Got 1 sessions for ...
2026-01-29 07:40:58.634 [info] Getting sessions for all scopes...
2026-01-29 07:40:58.634 [info] Got 1 sessions for ...
2026-01-29 07:40:58.634 [info] Getting sessions for all scopes...
2026-01-29 07:40:58.634 [info] Got 1 sessions for ...
2026-01-29 07:40:58.634 [info] Getting sessions for all scopes...
2026-01-29 07:40:58.634 [info] Got 1 sessions for ...
2026-01-29 07:40:58.634 [info] Getting sessions for all scopes...
2026-01-29 07:40:58.634 [info] Got 1 sessions for ...
2026-01-29 07:40:58.634 [info] Getting sessions for all scopes...
2026-01-29 07:40:58.634 [info] Got 1 sessions for ...
2026-01-29 07:40:58.634 [info] Getting sessions for all scopes...
2026-01-29 07:40:58.634 [info] Got 1 sessions for ...
2026-01-29 07:40:58.639 [info] Getting sessions for read:user,repo,user:email,workflow...
2026-01-29 07:40:58.639 [info] Got 0 sessions for read:user,repo,user:email,workflow...
2026-01-29 07:40:59.037 [info] Getting sessions for all scopes...
2026-01-29 07:40:59.037 [info] Got 1 sessions for ...
2026-01-29 07:40:59.067 [info] Getting sessions for user:email...
2026-01-29 07:40:59.068 [info] Got 1 sessions for user:email...
2026-01-29 07:40:59.068 [info] Getting sessions for read:user,repo,user:email,workflow...
2026-01-29 07:40:59.068 [info] Got 0 sessions for read:user,repo,user:email,workflow...
2026-01-29 07:40:59.641 [info] Getting sessions for all scopes...
2026-01-29 07:40:59.641 [info] Got 1 sessions for ...
2026-01-29 07:40:59.652 [info] Getting sessions for all scopes...
2026-01-29 07:40:59.652 [info] Got 1 sessions for ...
2026-01-29 07:40:59.663 [info] Getting sessions for all scopes...
2026-01-29 07:40:59.663 [info] Got 1 sessions for ...
2026-01-29 07:40:59.740 [info] Getting sessions for read:user,repo,user:email,workflow...
2026-01-29 07:40:59.740 [info] Got 0 sessions for read:user,repo,user:email,workflow...
2026-01-29 07:40:59.804 [info] Getting sessions for user:email...
2026-01-29 07:40:59.804 [info] Got 1 sessions for user:email...
2026-01-29 07:40:59.804 [info] Getting sessions for read:user,repo,user:email,workflow...
2026-01-29 07:40:59.804 [info] Got 0 sessions for read:user,repo,user:email,workflow...
2026-01-29 07:40:59.804 [info] Getting sessions for read:user,repo,user:email,workflow...
2026-01-29 07:40:59.804 [info] Got 0 sessions for read:user,repo,user:email,workflow...
2026-01-29 07:41:00.261 [info] FetcherService: Electron fetch failed with status: 429 
2026-01-29 07:41:00.416 [info] Getting sessions for all scopes...
2026-01-29 07:41:00.416 [info] Got 1 sessions for ...
2026-01-29 07:41:00.416 [info] Getting sessions for all scopes...
2026-01-29 07:41:00.416 [info] Got 1 sessions for ...
2026-01-29 07:41:00.423 [info] Getting sessions for read:user,repo,user:email,workflow...
2026-01-29 07:41:00.423 [info] Got 0 sessions for read:user,repo,user:email,workflow...
2026-01-29 07:41:00.423 [info] Getting sessions for user:email...
2026-01-29 07:41:00.423 [info] Got 1 sessions for user:email...
2026-01-29 07:41:00.423 [info] Getting sessions for read:user,repo,user:email,workflow...
2026-01-29 07:41:00.423 [info] Got 0 sessions for read:user,repo,user:email,workflow...
2026-01-29 07:41:00.469 [info] Getting sessions for all scopes...
2026-01-29 07:41:00.469 [info] Got 1 sessions for ...
2026-01-29 07:41:00.473 [info] Getting sessions for all scopes...
2026-01-29 07:41:00.473 [info] Got 1 sessions for ...
2026-01-29 07:41:00.474 [info] Getting sessions for all scopes...
2026-01-29 07:41:00.474 [info] Got 1 sessions for ...
2026-01-29 07:41:00.474 [info] Getting sessions for all scopes...
2026-01-29 07:41:00.474 [info] Got 1 sessions for ...
2026-01-29 07:41:00.482 [info] Getting sessions for read:user,repo,user:email,workflow...
2026-01-29 07:41:00.482 [info] Got 0 sessions for read:user,repo,user:email,workflow...
2026-01-29 07:41:00.482 [info] Getting sessions for user:email...
2026-01-29 07:41:00.482 [info] Got 1 sessions for user:email...
2026-01-29 07:41:00.483 [info] Getting sessions for read:user,repo,user:email,workflow...
2026-01-29 07:41:00.483 [info] Got 0 sessions for read:user,repo,user:email,workflow...
2026-01-29 07:41:02.823 [info] FetcherService: Node fetch failed with status: 429 Too Many Requests
2026-01-29 07:41:03.699 [info] FetcherService: Node http/s failed with status: 429 Too Many Requests
2026-01-28 23:41:17.717 [info] Getting sessions for all scopes...
2026-01-28 23:41:17.717 [info] Got 1 sessions for ...
2026-01-28 23:41:17.718 [info] Getting sessions for read:user,repo,user:email,workflow...
2026-01-28 23:41:17.718 [info] Got 0 sessions for read:user,repo,user:email,workflow...
2026-01-28 23:41:17.723 [info] Getting sessions for read:user,repo,user:email,workflow...
2026-01-28 23:41:17.723 [info] Got 0 sessions for read:user,repo,user:email,workflow...
2026-01-28 23:41:17.735 [info] Getting sessions for all scopes...
2026-01-28 23:41:17.735 [info] Got 1 sessions for ...
2026-01-28 23:41:17.755 [info] Getting sessions for read:user,repo,user:email,workflow...
2026-01-28 23:41:17.755 [info] Got 0 sessions for read:user,repo,user:email,workflow...
2026-01-28 23:41:17.756 [info] Getting sessions for user:email...
2026-01-28 23:41:17.756 [info] Got 1 sessions for user:email...
2026-01-28 23:41:18.299 [info] Getting sessions for all scopes...
2026-01-28 23:41:18.299 [info] Got 1 sessions for ...
2026-01-28 23:41:18.305 [info] Getting sessions for all scopes...
2026-01-28 23:41:18.305 [info] Got 1 sessions for ...
