2025-11-08 09:33:23.491 [info] [main] Log level: Info
2025-11-08 09:33:23.491 [info] [main] Validating found git in: "git"
2025-11-08 09:33:23.491 [info] [main] Using git "2.51.2" from "git"
2025-11-08 09:33:23.491 [info] [Model][doInitialScan] Initial repository scan started
2025-11-08 09:33:23.491 [info] > git rev-parse --show-toplevel [3ms]
2025-11-08 09:33:23.491 [info] fatal: not a git repository (or any of the parent directories): .git
2025-11-08 09:33:23.491 [info] [Model][doInitialScan] Initial repository scan completed - repositories (0), closed repositories (0), parent repositories (0), unsafe repositories (0)
2025-11-08 09:33:25.634 [info] > git rev-parse --show-toplevel [60ms]
2025-11-08 09:33:25.634 [info] fatal: not a git repository (or any of the parent directories): .git
2025-11-08 09:33:39.863 [info] [main] Log level: Info
2025-11-08 09:33:39.863 [info] [main] Validating found git in: "git"
2025-11-08 09:33:39.863 [info] [main] Using git "2.51.2" from "git"
2025-11-08 09:33:39.863 [info] [Model][doInitialScan] Initial repository scan started
2025-11-08 09:33:39.863 [info] > git rev-parse --show-toplevel [8ms]
2025-11-08 09:33:39.863 [info] fatal: not a git repository (or any of the parent directories): .git
2025-11-08 09:33:39.872 [info] > git rev-parse --show-toplevel [4ms]
2025-11-08 09:33:39.872 [info] fatal: not a git repository (or any of the parent directories): .git
2025-11-08 09:33:41.884 [info] > git rev-parse --show-toplevel [376ms]
2025-11-08 09:33:41.933 [info] > git rev-parse --path-format=relative --show-toplevel [43ms]
2025-11-08 09:33:42.310 [info] > git rev-parse --show-toplevel [5ms]
2025-11-08 09:33:42.310 [info] fatal: not a git repository (or any of the parent directories): .git
2025-11-08 09:33:42.491 [info] > git rev-parse --show-toplevel [19ms]
2025-11-08 09:33:42.491 [info] fatal: not a git repository (or any of the parent directories): .git
2025-11-08 09:33:42.529 [info] > git rev-parse --show-toplevel [9ms]
2025-11-08 09:33:42.529 [info] fatal: not a git repository (or any of the parent directories): .git
2025-11-08 09:33:42.537 [info] > git rev-parse --show-toplevel [1ms]
2025-11-08 09:33:42.537 [info] fatal: not a git repository (or any of the parent directories): .git
2025-11-08 09:33:42.565 [info] > git rev-parse --show-toplevel [20ms]
2025-11-08 09:33:42.565 [info] fatal: not a git repository (or any of the parent directories): .git
2025-11-08 09:33:42.577 [info] > git rev-parse --show-toplevel [3ms]
2025-11-08 09:33:42.577 [info] fatal: not a git repository (or any of the parent directories): .git
2025-11-08 09:33:42.585 [info] > git rev-parse --show-toplevel [1ms]
2025-11-08 09:33:42.585 [info] fatal: not a git repository (or any of the parent directories): .git
2025-11-08 09:33:42.673 [info] > git rev-parse --show-toplevel [76ms]
2025-11-08 09:33:42.673 [info] fatal: not a git repository (or any of the parent directories): .git
2025-11-08 09:33:42.699 [info] > git rev-parse --show-toplevel [11ms]
2025-11-08 09:33:42.699 [info] fatal: not a git repository (or any of the parent directories): .git
2025-11-08 09:33:42.715 [info] > git rev-parse --show-toplevel [8ms]
2025-11-08 09:33:42.715 [info] fatal: not a git repository (or any of the parent directories): .git
2025-11-08 09:33:42.722 [info] > git rev-parse --show-toplevel [1ms]
2025-11-08 09:33:42.722 [info] fatal: not a git repository (or any of the parent directories): .git
2025-11-08 09:33:42.729 [info] > git rev-parse --show-toplevel [0ms]
2025-11-08 09:33:42.729 [info] fatal: not a git repository (or any of the parent directories): .git
2025-11-08 09:33:42.735 [info] > git rev-parse --show-toplevel [1ms]
2025-11-08 09:33:42.735 [info] fatal: not a git repository (or any of the parent directories): .git
2025-11-08 09:33:42.744 [info] > git rev-parse --show-toplevel [1ms]
2025-11-08 09:33:42.744 [info] fatal: not a git repository (or any of the parent directories): .git
2025-11-08 09:33:42.794 [info] > git rev-parse --show-toplevel [44ms]
2025-11-08 09:33:42.794 [info] fatal: not a git repository (or any of the parent directories): .git
2025-11-08 09:33:42.806 [info] > git rev-parse --show-toplevel [2ms]
2025-11-08 09:33:42.806 [info] fatal: not a git repository (or any of the parent directories): .git
2025-11-08 09:33:42.816 [info] > git rev-parse --show-toplevel [3ms]
2025-11-08 09:33:42.816 [info] fatal: not a git repository (or any of the parent directories): .git
2025-11-08 09:33:42.924 [info] > git rev-parse --show-toplevel [102ms]
2025-11-08 09:33:42.970 [info] > git rev-parse --git-dir --git-common-dir --show-superproject-working-tree [38ms]
2025-11-08 09:33:42.976 [info] [Model][openRepository] Opened repository (path): /home/blueflowers/.config/quickshell-backup
2025-11-08 09:33:42.976 [info] [Model][openRepository] Opened repository (real path): /home/blueflowers/.config/quickshell-backup
2025-11-08 09:33:42.976 [info] [Model][openRepository] Opened repository (kind): repository
2025-11-08 09:33:42.993 [info] > git rev-parse --show-toplevel [2ms]
2025-11-08 09:33:42.993 [info] fatal: not a git repository (or any of the parent directories): .git
2025-11-08 09:33:43.009 [info] [Git][getRemotes] No remotes found in the git config file
2025-11-08 09:33:43.010 [info] > git rev-parse --show-toplevel [8ms]
2025-11-08 09:33:43.010 [info] fatal: not a git repository (or any of the parent directories): .git
2025-11-08 09:33:43.018 [info] > git rev-parse --show-toplevel [1ms]
2025-11-08 09:33:43.018 [info] fatal: not a git repository (or any of the parent directories): .git
2025-11-08 09:33:43.025 [info] > git rev-parse --show-toplevel [1ms]
2025-11-08 09:33:43.025 [info] fatal: not a git repository (or any of the parent directories): .git
2025-11-08 09:33:43.032 [info] > git rev-parse --show-toplevel [1ms]
2025-11-08 09:33:43.032 [info] fatal: not a git repository (or any of the parent directories): .git
2025-11-08 09:33:43.039 [info] > git rev-parse --show-toplevel [1ms]
2025-11-08 09:33:43.039 [info] fatal: not a git repository (or any of the parent directories): .git
2025-11-08 09:33:43.040 [info] [Model][doInitialScan] Initial repository scan completed - repositories (1), closed repositories (0), parent repositories (1), unsafe repositories (0)
2025-11-08 09:33:43.064 [info] > git config --get commit.template [80ms]
2025-11-08 09:33:43.110 [info] > git for-each-ref --format=%(refname)%00%(upstream:short)%00%(objectname)%00%(upstream:track)%00%(upstream:remotename)%00%(upstream:remoteref) refs/heads/master refs/remotes/master [102ms]
2025-11-08 09:33:43.474 [info] > git for-each-ref --sort -committerdate --format %(refname)%00%(objectname)%00%(*objectname) [349ms]
2025-11-08 09:33:43.581 [info] > git status -z -uall [464ms]
2025-11-08 09:33:43.604 [info] > git for-each-ref --format=%(refname)%00%(upstream:short)%00%(objectname)%00%(upstream:track)%00%(upstream:remotename)%00%(upstream:remoteref) refs/heads/master refs/remotes/master [11ms]
2025-11-08 09:33:43.614 [info] > git config --get --local branch.master.vscode-merge-base [2ms]
2025-11-08 09:33:43.614 [warning] [Git][config] git config failed: Failed to execute git
2025-11-08 09:33:43.622 [info] > git config --get commit.template [18ms]
2025-11-08 09:33:43.631 [info] [Git][getRemotes] No remotes found in the git config file
2025-11-08 09:33:43.634 [info] > git for-each-ref --format=%(refname)%00%(upstream:short)%00%(objectname)%00%(upstream:track)%00%(upstream:remotename)%00%(upstream:remoteref) refs/heads/master refs/remotes/master [3ms]
2025-11-08 09:33:43.653 [info] > git status -z -uall [11ms]
2025-11-08 09:33:43.656 [info] > git for-each-ref --sort -committerdate --format %(refname)%00%(objectname)%00%(*objectname) [5ms]
2025-11-08 09:33:43.744 [info] > git reflog master --grep-reflog=branch: Created from *. [122ms]
2025-11-08 09:33:58.902 [info] > git check-ignore -v -z --stdin [1ms]
2025-11-08 09:36:41.744 [info] > git rev-parse --show-toplevel [5ms]
2025-11-08 09:36:41.744 [info] fatal: not a git repository (or any of the parent directories): .git
2025-11-08 09:36:55.054 [info] > git rev-parse --show-toplevel [1ms]
2025-11-08 09:36:55.064 [info] > git rev-parse --path-format=relative --show-toplevel [2ms]
2025-11-08 09:36:55.768 [info] > git rev-parse --show-toplevel [3ms]
2025-11-08 09:36:55.776 [info] > git rev-parse --path-format=relative --show-toplevel [1ms]
2025-11-08 09:36:59.876 [info] > git rev-parse --show-toplevel [2ms]
2025-11-08 09:36:59.886 [info] > git rev-parse --path-format=relative --show-toplevel [2ms]
2025-11-08 09:37:03.167 [info] > git rev-parse --show-toplevel [5ms]
2025-11-08 09:37:03.176 [info] > git rev-parse --path-format=relative --show-toplevel [1ms]
2025-11-08 09:37:34.487 [info] > git rev-parse --show-toplevel [4ms]
2025-11-08 09:37:34.487 [info] fatal: not a git repository (or any of the parent directories): .git
2025-11-08 09:37:35.409 [info] > git rev-parse --show-toplevel [3ms]
2025-11-08 09:37:35.409 [info] fatal: not a git repository (or any of the parent directories): .git
2025-11-08 09:38:33.361 [info] > git rev-parse --show-toplevel [2ms]
2025-11-08 09:38:33.361 [info] fatal: not a git repository (or any of the parent directories): .git
2025-11-08 09:38:36.415 [info] > git rev-parse --show-toplevel [2ms]
2025-11-08 09:38:36.423 [info] > git rev-parse --path-format=relative --show-toplevel [1ms]
2025-11-08 09:38:54.415 [info] > git rev-parse --show-toplevel [3ms]
2025-11-08 09:38:54.415 [info] fatal: not a git repository (or any of the parent directories): .git
2025-11-08 09:39:25.737 [info] > git rev-parse --show-toplevel [3ms]
2025-11-08 09:39:25.737 [info] fatal: not a git repository (or any of the parent directories): .git
2025-11-08 09:39:48.540 [info] > git rev-parse --show-toplevel [3ms]
2025-11-08 09:39:48.540 [info] fatal: not a git repository (or any of the parent directories): .git
2025-11-08 09:39:49.660 [info] > git rev-parse --show-toplevel [2ms]
2025-11-08 09:39:49.660 [info] fatal: not a git repository (or any of the parent directories): .git
2025-11-08 09:40:02.143 [info] > git rev-parse --show-toplevel [3ms]
2025-11-08 09:40:02.143 [info] fatal: not a git repository (or any of the parent directories): .git
2025-11-08 09:40:25.650 [info] > git rev-parse --show-toplevel [2ms]
2025-11-08 09:40:25.650 [info] fatal: not a git repository (or any of the parent directories): .git
2025-11-08 09:40:26.042 [info] > git rev-parse --show-toplevel [4ms]
2025-11-08 09:40:26.042 [info] fatal: not a git repository (or any of the parent directories): .git
2025-11-08 09:41:56.651 [info] > git rev-parse --show-toplevel [3ms]
2025-11-08 09:41:56.651 [info] fatal: not a git repository (or any of the parent directories): .git
2025-11-08 09:44:34.695 [info] > git rev-parse --show-toplevel [3ms]
2025-11-08 09:44:34.703 [info] > git rev-parse --path-format=relative --show-toplevel [1ms]
2025-11-08 09:44:49.725 [info] > git rev-parse --show-toplevel [3ms]
2025-11-08 09:44:49.725 [info] fatal: not a git repository (or any of the parent directories): .git
2025-11-08 09:46:26.627 [info] > git rev-parse --show-toplevel [2ms]
2025-11-08 09:46:26.635 [info] > git rev-parse --path-format=relative --show-toplevel [1ms]
2025-11-08 09:49:46.111 [info] > git rev-parse --show-toplevel [2ms]
2025-11-08 09:49:46.111 [info] fatal: not a git repository (or any of the parent directories): .git
2025-11-08 09:53:00.630 [info] > git rev-parse --show-toplevel [2ms]
2025-11-08 09:53:00.630 [info] fatal: not a git repository (or any of the parent directories): .git
2025-11-08 09:53:01.284 [info] > git rev-parse --show-toplevel [2ms]
2025-11-08 09:53:01.284 [info] fatal: not a git repository (or any of the parent directories): .git
2025-11-08 09:53:01.916 [info] > git rev-parse --show-toplevel [2ms]
2025-11-08 09:53:01.916 [info] fatal: not a git repository (or any of the parent directories): .git
2025-11-08 09:53:02.491 [info] > git rev-parse --show-toplevel [3ms]
2025-11-08 09:53:02.491 [info] fatal: not a git repository (or any of the parent directories): .git
2025-11-08 09:55:10.348 [info] > git rev-parse --show-toplevel [2ms]
2025-11-08 09:55:10.348 [info] fatal: not a git repository (or any of the parent directories): .git
2025-11-08 09:55:39.931 [info] > git check-ignore -v -z --stdin [1ms]
2025-11-08 09:55:41.090 [info] > git check-ignore -v -z --stdin [1ms]
2025-11-08 09:57:34.132 [info] > git rev-parse --show-toplevel [3ms]
2025-11-08 09:57:34.140 [info] > git rev-parse --path-format=relative --show-toplevel [1ms]
2025-11-08 09:57:42.629 [info] > git rev-parse --show-toplevel [2ms]
2025-11-08 09:57:42.629 [info] fatal: not a git repository (or any of the parent directories): .git
2025-11-08 09:57:53.728 [info] > git rev-parse --show-toplevel [1ms]
2025-11-08 09:57:53.736 [info] > git rev-parse --path-format=relative --show-toplevel [1ms]
2025-11-08 09:58:23.495 [info] > git rev-parse --show-toplevel [1ms]
2025-11-08 09:58:23.495 [info] fatal: not a git repository (or any of the parent directories): .git
2025-11-08 09:58:27.263 [info] > git rev-parse --show-toplevel [10ms]
2025-11-08 09:58:27.271 [info] > git rev-parse --path-format=relative --show-toplevel [1ms]
2025-11-08 09:58:51.624 [info] > git rev-parse --show-toplevel [3ms]
2025-11-08 09:58:51.624 [info] fatal: not a git repository (or any of the parent directories): .git
2025-11-08 10:04:55.775 [info] > git rev-parse --show-toplevel [4ms]
2025-11-08 10:04:55.782 [info] > git rev-parse --path-format=relative --show-toplevel [1ms]
2025-11-08 10:06:39.351 [info] > git rev-parse --show-toplevel [3ms]
2025-11-08 10:06:39.359 [info] > git rev-parse --path-format=relative --show-toplevel [1ms]
2025-11-08 10:07:32.103 [info] > git rev-parse --show-toplevel [3ms]
2025-11-08 10:07:32.113 [info] > git rev-parse --path-format=relative --show-toplevel [1ms]
2025-11-08 10:07:39.649 [info] > git rev-parse --show-toplevel [4ms]
2025-11-08 10:07:39.661 [info] > git rev-parse --path-format=relative --show-toplevel [2ms]
2025-11-08 10:07:40.796 [info] > git rev-parse --show-toplevel [2ms]
2025-11-08 10:07:40.806 [info] > git rev-parse --path-format=relative --show-toplevel [2ms]
2025-11-08 10:07:52.772 [info] > git rev-parse --show-toplevel [3ms]
2025-11-08 10:07:52.780 [info] > git rev-parse --path-format=relative --show-toplevel [1ms]
2025-11-08 10:08:44.515 [info] > git rev-parse --show-toplevel [4ms]
2025-11-08 10:08:44.515 [info] fatal: not a git repository (or any of the parent directories): .git
2025-11-08 10:09:24.522 [info] > git rev-parse --show-toplevel [4ms]
2025-11-08 10:09:24.522 [info] fatal: not a git repository (or any of the parent directories): .git
2025-11-08 10:09:54.131 [info] > git rev-parse --show-toplevel [2ms]
2025-11-08 10:09:54.131 [info] fatal: not a git repository (or any of the parent directories): .git
2025-11-08 10:09:54.447 [info] > git rev-parse --show-toplevel [4ms]
2025-11-08 10:09:54.447 [info] fatal: not a git repository (or any of the parent directories): .git
2025-11-08 10:10:10.880 [info] > git rev-parse --show-toplevel [2ms]
2025-11-08 10:10:10.889 [info] > git rev-parse --path-format=relative --show-toplevel [1ms]
2025-11-08 10:10:32.519 [info] > git rev-parse --show-toplevel [3ms]
2025-11-08 10:10:32.519 [info] fatal: not a git repository (or any of the parent directories): .git
2025-11-08 10:10:42.885 [info] > git rev-parse --show-toplevel [3ms]
2025-11-08 10:10:42.893 [info] > git rev-parse --path-format=relative --show-toplevel [0ms]
2025-11-08 10:11:34.439 [info] > git rev-parse --show-toplevel [3ms]
2025-11-08 10:11:34.439 [info] fatal: not a git repository (or any of the parent directories): .git
2025-11-08 10:11:37.866 [info] > git rev-parse --show-toplevel [4ms]
2025-11-08 10:11:37.874 [info] > git rev-parse --path-format=relative --show-toplevel [1ms]
2025-11-08 10:12:26.669 [info] > git rev-parse --show-toplevel [4ms]
2025-11-08 10:12:26.679 [info] > git rev-parse --path-format=relative --show-toplevel [2ms]
2025-11-08 10:12:26.692 [info] > git rev-parse --show-toplevel [4ms]
2025-11-08 10:12:26.704 [info] > git rev-parse --path-format=relative --show-toplevel [2ms]
2025-11-08 10:12:26.718 [info] > git rev-parse --show-toplevel [2ms]
2025-11-08 10:12:26.729 [info] > git rev-parse --path-format=relative --show-toplevel [1ms]
2025-11-08 10:13:45.376 [info] > git rev-parse --show-toplevel [3ms]
2025-11-08 10:13:45.376 [info] fatal: not a git repository (or any of the parent directories): .git
2025-11-08 10:13:46.982 [info] > git rev-parse --show-toplevel [2ms]
2025-11-08 10:13:46.991 [info] > git rev-parse --path-format=relative --show-toplevel [1ms]
2025-11-08 10:14:01.035 [info] > git rev-parse --show-toplevel [2ms]
2025-11-08 10:14:01.044 [info] > git rev-parse --path-format=relative --show-toplevel [1ms]
2025-11-08 10:14:17.560 [info] > git rev-parse --show-toplevel [3ms]
2025-11-08 10:14:17.560 [info] fatal: not a git repository (or any of the parent directories): .git
2025-11-08 10:15:09.633 [info] > git rev-parse --show-toplevel [4ms]
2025-11-08 10:15:09.633 [info] fatal: not a git repository (or any of the parent directories): .git
2025-11-08 10:15:22.236 [info] > git rev-parse --show-toplevel [3ms]
2025-11-08 10:15:22.236 [info] fatal: not a git repository (or any of the parent directories): .git
2025-11-08 10:15:58.151 [info] > git rev-parse --show-toplevel [2ms]
2025-11-08 10:15:58.151 [info] fatal: not a git repository (or any of the parent directories): .git
2025-11-08 10:17:04.792 [info] > git rev-parse --show-toplevel [3ms]
2025-11-08 10:17:04.792 [info] fatal: not a git repository (or any of the parent directories): .git
2025-11-08 10:17:26.258 [info] > git rev-parse --show-toplevel [3ms]
2025-11-08 10:17:26.258 [info] fatal: not a git repository (or any of the parent directories): .git
2025-11-08 10:19:01.135 [info] > git rev-parse --show-toplevel [3ms]
2025-11-08 10:19:01.135 [info] fatal: not a git repository (or any of the parent directories): .git
2025-11-08 10:19:59.284 [info] > git rev-parse --show-toplevel [2ms]
2025-11-08 10:19:59.284 [info] fatal: not a git repository (or any of the parent directories): .git
2025-11-08 10:20:47.483 [info] > git rev-parse --show-toplevel [3ms]
2025-11-08 10:20:47.483 [info] fatal: not a git repository (or any of the parent directories): .git
2025-11-08 10:23:15.137 [info] > git rev-parse --show-toplevel [3ms]
2025-11-08 10:23:15.137 [info] fatal: not a git repository (or any of the parent directories): .git
2025-11-08 10:25:03.540 [info] > git show --textconv :qml_color.json [12ms]
2025-11-08 10:25:03.541 [info] > git ls-files --stage -- qml_color.json [2ms]
2025-11-08 10:25:03.550 [info] > git cat-file -s d0d1f3a66fda6ae1aa5a56282f089bc41bdc91e8 [1ms]
2025-11-08 10:29:24.087 [info] > git rev-parse --show-toplevel [3ms]
2025-11-08 10:29:24.087 [info] fatal: not a git repository (or any of the parent directories): .git
2025-11-08 10:32:26.387 [warning] [Git][getHEAD] Failed to parse HEAD file: ENOENT: no such file or directory, open '/home/blueflowers/.config/quickshell-backup/.git/HEAD'
2025-11-08 10:32:26.403 [warning] [Git][getRemotes] Error: ENOENT: no such file or directory, open '/home/blueflowers/.config/quickshell-backup/.git/config'
2025-11-08 10:32:26.422 [warning] [Git][getHEAD] Failed to parse HEAD file: ENOENT: no such file or directory, open '/home/blueflowers/.config/quickshell-backup/.git/HEAD'
2025-11-08 10:32:26.438 [warning] [Git][getRemotes] Error: ENOENT: no such file or directory, open '/home/blueflowers/.config/quickshell-backup/.git/config'
2025-11-08 10:32:29.715 [info] > git rev-parse --show-toplevel [2ms]
2025-11-08 10:32:29.724 [info] > git rev-parse --path-format=relative --show-toplevel [1ms]
2025-11-08 10:32:35.990 [info] > git rev-parse --show-toplevel [4ms]
2025-11-08 10:32:35.997 [info] > git rev-parse --path-format=relative --show-toplevel [0ms]
2025-11-08 10:32:45.398 [info] > git rev-parse --show-toplevel [3ms]
2025-11-08 10:32:45.407 [info] > git rev-parse --path-format=relative --show-toplevel [2ms]
2025-11-08 10:32:47.315 [info] > git rev-parse --show-toplevel [2ms]
2025-11-08 10:32:47.315 [info] fatal: not a git repository (or any of the parent directories): .git
2025-11-08 10:32:51.499 [info] > git rev-parse --show-toplevel [2ms]
2025-11-08 10:32:51.499 [info] fatal: not a git repository (or any of the parent directories): .git
2025-11-08 10:32:58.039 [info] > git rev-parse --show-toplevel [5ms]
2025-11-08 10:32:58.039 [info] fatal: not a git repository (or any of the parent directories): .git
2025-11-08 10:33:02.124 [info] > git rev-parse --show-toplevel [2ms]
2025-11-08 10:33:02.134 [info] > git rev-parse --path-format=relative --show-toplevel [2ms]
2025-11-08 10:33:06.223 [info] > git rev-parse --show-toplevel [3ms]
2025-11-08 10:33:06.232 [info] > git rev-parse --path-format=relative --show-toplevel [1ms]
2025-11-08 10:33:10.261 [info] > git rev-parse --show-toplevel [3ms]
2025-11-08 10:33:10.261 [info] fatal: not a git repository (or any of the parent directories): .git
2025-11-08 10:33:11.156 [info] > git rev-parse --show-toplevel [2ms]
2025-11-08 10:33:11.156 [info] fatal: not a git repository (or any of the parent directories): .git
2025-11-08 10:34:20.822 [info] > git rev-parse --show-toplevel [2ms]
2025-11-08 10:34:20.822 [info] fatal: not a git repository (or any of the parent directories): .git
2025-11-08 10:37:26.233 [info] > git rev-parse --show-toplevel [2ms]
2025-11-08 10:37:26.233 [info] fatal: not a git repository (or any of the parent directories): .git
2025-11-08 10:37:26.841 [info] > git rev-parse --show-toplevel [4ms]
2025-11-08 10:37:26.841 [info] fatal: not a git repository (or any of the parent directories): .git
2025-11-08 10:37:27.572 [info] > git rev-parse --show-toplevel [2ms]
2025-11-08 10:37:27.572 [info] fatal: not a git repository (or any of the parent directories): .git
2025-11-08 10:37:29.024 [info] > git rev-parse --show-toplevel [2ms]
2025-11-08 10:37:29.024 [info] fatal: not a git repository (or any of the parent directories): .git
