2025-12-05 22:19:01.089 [info] Reading sessions from keychain...
2025-12-05 22:19:01.089 [info] Got stored sessions!
2025-12-05 22:19:01.089 [info] Got 1 verified sessions.
2025-12-05 22:19:01.089 [info] Getting sessions for all scopes...
2025-12-05 22:19:01.089 [info] Got 1 sessions for ...
2025-12-05 22:19:01.089 [info] Getting sessions for all scopes...
2025-12-05 22:19:01.089 [info] Got 1 sessions for ...
2025-12-05 22:19:01.089 [info] Getting sessions for all scopes...
2025-12-05 22:19:01.089 [info] Got 1 sessions for ...
2025-12-05 22:19:01.089 [info] Getting sessions for all scopes...
2025-12-05 22:19:01.089 [info] Got 1 sessions for ...
2025-12-05 22:19:01.089 [info] Getting sessions for all scopes...
2025-12-05 22:19:01.089 [info] Got 1 sessions for ...
2025-12-05 22:19:01.089 [info] Getting sessions for all scopes...
2025-12-05 22:19:01.089 [info] Got 1 sessions for ...
2025-12-05 22:19:01.089 [info] Getting sessions for all scopes...
2025-12-05 22:19:01.089 [info] Got 1 sessions for ...
2025-12-05 22:19:01.089 [info] Getting sessions for all scopes...
2025-12-05 22:19:01.089 [info] Got 1 sessions for ...
2025-12-05 22:19:01.089 [info] Getting sessions for all scopes...
2025-12-05 22:19:01.089 [info] Got 1 sessions for ...
2025-12-05 22:19:01.089 [info] Getting sessions for all scopes...
2025-12-05 22:19:01.089 [info] Got 1 sessions for ...
2025-12-05 22:19:01.089 [info] Getting sessions for all scopes...
2025-12-05 22:19:01.089 [info] Got 1 sessions for ...
2025-12-05 22:19:01.089 [info] Getting sessions for all scopes...
2025-12-05 22:19:01.089 [info] Got 1 sessions for ...
2025-12-05 22:19:01.089 [info] Getting sessions for all scopes...
2025-12-05 22:19:01.089 [info] Got 1 sessions for ...
2025-12-05 22:19:01.089 [info] Getting sessions for all scopes...
2025-12-05 22:19:01.089 [info] Got 1 sessions for ...
2025-12-05 22:19:01.089 [info] Getting sessions for all scopes...
2025-12-05 22:19:01.089 [info] Got 1 sessions for ...
2025-12-05 22:19:01.089 [info] Getting sessions for all scopes...
2025-12-05 22:19:01.089 [info] Got 1 sessions for ...
2025-12-05 22:19:01.089 [info] Getting sessions for all scopes...
2025-12-05 22:19:01.089 [info] Got 1 sessions for ...
2025-12-05 22:19:01.089 [info] Getting sessions for all scopes...
2025-12-05 22:19:01.089 [info] Got 1 sessions for ...
2025-12-05 22:19:01.089 [info] Getting sessions for read:user,repo,user:email,workflow...
2025-12-05 22:19:01.089 [info] Got 0 sessions for read:user,repo,user:email,workflow...
2025-12-05 22:19:01.109 [info] Getting sessions for user:email...
2025-12-05 22:19:01.109 [info] Got 1 sessions for user:email...
2025-12-05 22:19:01.109 [info] Getting sessions for read:user,repo,user:email,workflow...
2025-12-05 22:19:01.109 [info] Got 0 sessions for read:user,repo,user:email,workflow...
2025-12-05 22:19:01.116 [info] Getting sessions for all scopes...
2025-12-05 22:19:01.116 [info] Got 1 sessions for ...
2025-12-05 22:19:01.117 [info] Getting sessions for read:user,repo,user:email,workflow...
2025-12-05 22:19:01.117 [info] Got 0 sessions for read:user,repo,user:email,workflow...
2025-12-05 22:19:01.117 [info] Getting sessions for user:email...
2025-12-05 22:19:01.117 [info] Got 1 sessions for user:email...
2025-12-05 22:19:01.357 [info] Getting sessions for all scopes...
2025-12-05 22:19:01.357 [info] Got 1 sessions for ...
2025-12-05 22:19:01.381 [info] Getting sessions for all scopes...
2025-12-05 22:19:01.381 [info] Got 1 sessions for ...
2025-12-05 22:19:01.381 [info] Getting sessions for all scopes...
2025-12-05 22:19:01.381 [info] Got 1 sessions for ...
2025-12-05 22:19:01.381 [info] Getting sessions for all scopes...
2025-12-05 22:19:01.381 [info] Got 1 sessions for ...
2025-12-05 22:19:01.389 [info] Getting sessions for read:user,repo,user:email,workflow...
2025-12-05 22:19:01.390 [info] Got 0 sessions for read:user,repo,user:email,workflow...
2025-12-05 22:19:01.391 [info] Getting sessions for user:email...
2025-12-05 22:19:01.391 [info] Got 1 sessions for user:email...
2025-12-05 22:19:01.392 [info] Getting sessions for read:user,repo,user:email,workflow...
2025-12-05 22:19:01.392 [info] Got 0 sessions for read:user,repo,user:email,workflow...
2025-12-05 22:19:02.119 [info] Getting sessions for all scopes...
2025-12-05 22:19:02.119 [info] Got 1 sessions for ...
2025-12-05 22:19:02.119 [info] Getting sessions for all scopes...
2025-12-05 22:19:02.119 [info] Got 1 sessions for ...
2025-12-05 22:19:02.131 [info] Getting sessions for read:user,repo,user:email,workflow...
2025-12-05 22:19:02.131 [info] Got 0 sessions for read:user,repo,user:email,workflow...
2025-12-05 22:19:02.177 [info] Getting sessions for user:email...
2025-12-05 22:19:02.177 [info] Got 1 sessions for user:email...
2025-12-05 22:19:02.340 [info] Getting sessions for read:user,repo,user:email,workflow...
2025-12-05 22:19:02.340 [info] Got 0 sessions for read:user,repo,user:email,workflow...
2025-12-05 22:19:02.346 [info] Getting sessions for all scopes...
2025-12-05 22:19:02.346 [info] Got 1 sessions for ...
2025-12-05 22:19:02.385 [info] Getting sessions for all scopes...
2025-12-05 22:19:02.385 [info] Got 1 sessions for ...
2025-12-05 22:19:02.386 [info] Getting sessions for all scopes...
2025-12-05 22:19:02.386 [info] Got 1 sessions for ...
2025-12-05 22:19:02.387 [info] Getting sessions for all scopes...
2025-12-05 22:19:02.387 [info] Got 1 sessions for ...
2025-12-05 22:19:02.387 [info] Getting sessions for all scopes...
2025-12-05 22:19:02.387 [info] Got 1 sessions for ...
2025-12-05 22:19:02.406 [info] Getting sessions for read:user,repo,user:email,workflow...
2025-12-05 22:19:02.406 [info] Got 0 sessions for read:user,repo,user:email,workflow...
2025-12-05 22:19:02.409 [info] Getting sessions for user:email...
2025-12-05 22:19:02.409 [info] Got 1 sessions for user:email...
2025-12-05 22:19:02.409 [info] Getting sessions for read:user,repo,user:email,workflow...
2025-12-05 22:19:02.409 [info] Got 0 sessions for read:user,repo,user:email,workflow...
2025-12-05 22:19:02.409 [info] Getting sessions for read:user,repo,user:email,workflow...
2025-12-05 22:19:02.409 [info] Got 0 sessions for read:user,repo,user:email,workflow...
2025-12-05 22:19:02.422 [info] Getting sessions for all scopes...
2025-12-05 22:19:02.422 [info] Got 1 sessions for ...
2025-12-05 22:19:02.423 [info] Getting sessions for read:user,repo,user:email,workflow...
2025-12-05 22:19:02.423 [info] Got 0 sessions for read:user,repo,user:email,workflow...
2025-12-05 22:19:02.423 [info] Getting sessions for user:email...
2025-12-05 22:19:02.423 [info] Got 1 sessions for user:email...
2025-12-05 22:19:02.879 [info] FetcherService: Electron fetch failed with status: 429 
2025-12-05 22:19:03.647 [info] FetcherService: Node fetch failed with status: 429 Too Many Requests
2025-12-05 22:19:04.389 [info] FetcherService: Node http/s failed with status: 429 Too Many Requests
2025-12-05 22:19:11.067 [info] Reading sessions from keychain...
2025-12-05 22:19:11.067 [info] Got stored sessions!
2025-12-05 22:19:11.068 [info] Got 1 verified sessions.
2025-12-05 22:19:11.068 [info] Getting sessions for all scopes...
2025-12-05 22:19:11.068 [info] Got 1 sessions for ...
2025-12-05 22:19:11.068 [info] Getting sessions for all scopes...
2025-12-05 22:19:11.068 [info] Got 1 sessions for ...
2025-12-05 22:19:11.068 [info] Getting sessions for all scopes...
2025-12-05 22:19:11.068 [info] Got 1 sessions for ...
2025-12-05 22:19:11.068 [info] Getting sessions for all scopes...
2025-12-05 22:19:11.068 [info] Got 1 sessions for ...
2025-12-05 22:19:11.068 [info] Getting sessions for all scopes...
2025-12-05 22:19:11.068 [info] Got 1 sessions for ...
2025-12-05 22:19:11.068 [info] Getting sessions for all scopes...
2025-12-05 22:19:11.068 [info] Got 1 sessions for ...
2025-12-05 22:19:11.068 [info] Getting sessions for all scopes...
2025-12-05 22:19:11.068 [info] Got 1 sessions for ...
2025-12-05 22:19:11.068 [info] Getting sessions for all scopes...
2025-12-05 22:19:11.068 [info] Got 1 sessions for ...
2025-12-05 22:19:11.068 [info] Getting sessions for all scopes...
2025-12-05 22:19:11.068 [info] Got 1 sessions for ...
2025-12-05 22:19:11.068 [info] Getting sessions for all scopes...
2025-12-05 22:19:11.068 [info] Got 1 sessions for ...
2025-12-05 22:19:11.068 [info] Getting sessions for all scopes...
2025-12-05 22:19:11.068 [info] Got 1 sessions for ...
2025-12-05 22:19:11.068 [info] Getting sessions for all scopes...
2025-12-05 22:19:11.068 [info] Got 1 sessions for ...
2025-12-05 22:19:11.068 [info] Getting sessions for all scopes...
2025-12-05 22:19:11.068 [info] Got 1 sessions for ...
2025-12-05 22:19:11.068 [info] Getting sessions for all scopes...
2025-12-05 22:19:11.068 [info] Got 1 sessions for ...
2025-12-05 22:19:11.068 [info] Getting sessions for all scopes...
2025-12-05 22:19:11.068 [info] Got 1 sessions for ...
2025-12-05 22:19:11.068 [info] Getting sessions for all scopes...
2025-12-05 22:19:11.068 [info] Got 1 sessions for ...
2025-12-05 22:19:11.068 [info] Getting sessions for all scopes...
2025-12-05 22:19:11.068 [info] Got 1 sessions for ...
2025-12-05 22:19:11.068 [info] Getting sessions for all scopes...
2025-12-05 22:19:11.068 [info] Got 1 sessions for ...
2025-12-05 22:19:11.087 [info] Getting sessions for read:user,repo,user:email,workflow...
2025-12-05 22:19:11.087 [info] Got 0 sessions for read:user,repo,user:email,workflow...
2025-12-05 22:19:11.147 [info] Getting sessions for user:email...
2025-12-05 22:19:11.147 [info] Got 1 sessions for user:email...
2025-12-05 22:19:11.147 [info] Getting sessions for read:user,repo,user:email,workflow...
2025-12-05 22:19:11.147 [info] Got 0 sessions for read:user,repo,user:email,workflow...
2025-12-05 22:19:11.524 [info] Getting sessions for all scopes...
2025-12-05 22:19:11.524 [info] Got 1 sessions for ...
2025-12-05 22:19:11.783 [info] Getting sessions for all scopes...
2025-12-05 22:19:11.783 [info] Got 1 sessions for ...
2025-12-05 22:19:11.783 [info] Getting sessions for all scopes...
2025-12-05 22:19:11.783 [info] Got 1 sessions for ...
2025-12-05 22:19:11.831 [info] Getting sessions for read:user,repo,user:email,workflow...
2025-12-05 22:19:11.831 [info] Got 0 sessions for read:user,repo,user:email,workflow...
2025-12-05 22:19:12.145 [info] Getting sessions for user:email...
2025-12-05 22:19:12.145 [info] Got 1 sessions for user:email...
2025-12-05 22:19:12.145 [info] FetcherService: Electron fetch failed with status: 429 
2025-12-05 22:19:12.325 [info] Getting sessions for read:user,repo,user:email,workflow...
2025-12-05 22:19:12.325 [info] Got 0 sessions for read:user,repo,user:email,workflow...
2025-12-05 22:19:12.983 [info] Getting sessions for all scopes...
2025-12-05 22:19:12.983 [info] Got 1 sessions for ...
2025-12-05 22:19:12.983 [info] Getting sessions for all scopes...
2025-12-05 22:19:12.983 [info] Got 1 sessions for ...
2025-12-05 22:19:12.990 [info] Getting sessions for read:user,repo,user:email,workflow...
2025-12-05 22:19:12.990 [info] Got 0 sessions for read:user,repo,user:email,workflow...
2025-12-05 22:19:12.990 [info] Getting sessions for user:email...
2025-12-05 22:19:12.990 [info] Got 1 sessions for user:email...
2025-12-05 22:19:12.991 [info] Getting sessions for read:user,repo,user:email,workflow...
2025-12-05 22:19:12.991 [info] Got 0 sessions for read:user,repo,user:email,workflow...
2025-12-05 22:19:13.030 [info] FetcherService: Node fetch failed with status: 429 Too Many Requests
2025-12-05 22:19:13.043 [info] Getting sessions for all scopes...
2025-12-05 22:19:13.043 [info] Got 1 sessions for ...
2025-12-05 22:19:13.044 [info] Getting sessions for all scopes...
2025-12-05 22:19:13.044 [info] Got 1 sessions for ...
2025-12-05 22:19:13.045 [info] Getting sessions for all scopes...
2025-12-05 22:19:13.045 [info] Got 1 sessions for ...
2025-12-05 22:19:13.054 [info] Getting sessions for all scopes...
2025-12-05 22:19:13.054 [info] Got 1 sessions for ...
2025-12-05 22:19:13.069 [info] Getting sessions for read:user,repo,user:email,workflow...
2025-12-05 22:19:13.069 [info] Got 0 sessions for read:user,repo,user:email,workflow...
2025-12-05 22:19:13.070 [info] Getting sessions for user:email...
2025-12-05 22:19:13.070 [info] Got 1 sessions for user:email...
2025-12-05 22:19:13.070 [info] Getting sessions for read:user,repo,user:email,workflow...
2025-12-05 22:19:13.070 [info] Got 0 sessions for read:user,repo,user:email,workflow...
2025-12-05 22:19:13.072 [info] Getting sessions for all scopes...
2025-12-05 22:19:13.072 [info] Got 1 sessions for ...
2025-12-05 22:19:13.072 [info] Getting sessions for read:user,repo,user:email,workflow...
2025-12-05 22:19:13.072 [info] Got 0 sessions for read:user,repo,user:email,workflow...
2025-12-05 22:19:13.073 [info] Getting sessions for user:email...
2025-12-05 22:19:13.073 [info] Got 1 sessions for user:email...
2025-12-05 22:19:13.790 [info] FetcherService: Node http/s failed with status: 429 Too Many Requests
2025-12-05 14:50:15.469 [info] Getting sessions for all scopes...
2025-12-05 14:50:15.469 [info] Got 1 sessions for ...
2025-12-05 14:50:15.469 [info] Getting sessions for all scopes...
2025-12-05 14:50:15.469 [info] Got 1 sessions for ...
2025-12-05 14:50:15.470 [info] Getting sessions for read:user,repo,user:email,workflow...
2025-12-05 14:50:15.470 [info] Got 0 sessions for read:user,repo,user:email,workflow...
2025-12-05 14:50:15.471 [info] Getting sessions for user:email...
2025-12-05 14:50:15.471 [info] Got 1 sessions for user:email...
2025-12-05 14:50:15.471 [info] Getting sessions for read:user,repo,user:email,workflow...
2025-12-05 14:50:15.471 [info] Got 0 sessions for read:user,repo,user:email,workflow...
2025-12-05 14:50:15.472 [info] Getting sessions for all scopes...
2025-12-05 14:50:15.472 [info] Got 1 sessions for ...
2025-12-05 14:50:15.472 [info] Getting sessions for read:user,repo,user:email,workflow...
2025-12-05 14:50:15.472 [info] Got 0 sessions for read:user,repo,user:email,workflow...
2025-12-05 14:50:15.473 [info] Getting sessions for user:email...
2025-12-05 14:50:15.473 [info] Got 1 sessions for user:email...
2025-12-05 14:50:16.087 [info] Getting sessions for all scopes...
2025-12-05 14:50:16.087 [info] Got 1 sessions for ...
2025-12-05 14:50:16.087 [info] Getting sessions for all scopes...
2025-12-05 14:50:16.087 [info] Got 1 sessions for ...
2025-12-05 14:50:16.089 [info] Getting sessions for read:user,repo,user:email,workflow...
2025-12-05 14:50:16.089 [info] Got 0 sessions for read:user,repo,user:email,workflow...
2025-12-05 14:50:16.090 [info] Getting sessions for user:email...
2025-12-05 14:50:16.090 [info] Got 1 sessions for user:email...
2025-12-05 14:50:16.090 [info] Getting sessions for read:user,repo,user:email,workflow...
2025-12-05 14:50:16.090 [info] Got 0 sessions for read:user,repo,user:email,workflow...
2025-12-05 14:50:16.096 [info] Getting sessions for all scopes...
2025-12-05 14:50:16.096 [info] Got 1 sessions for ...
2025-12-05 14:50:16.096 [info] Getting sessions for all scopes...
2025-12-05 14:50:16.096 [info] Got 1 sessions for ...
2025-12-05 14:50:16.097 [info] Getting sessions for read:user,repo,user:email,workflow...
2025-12-05 14:50:16.097 [info] Got 0 sessions for read:user,repo,user:email,workflow...
2025-12-05 14:50:16.097 [info] Getting sessions for user:email...
2025-12-05 14:50:16.097 [info] Got 1 sessions for user:email...
2025-12-05 14:50:16.097 [info] Getting sessions for read:user,repo,user:email,workflow...
2025-12-05 14:50:16.098 [info] Got 0 sessions for read:user,repo,user:email,workflow...
2025-12-05 14:50:16.098 [info] Getting sessions for all scopes...
2025-12-05 14:50:16.098 [info] Got 1 sessions for ...
2025-12-05 14:50:16.099 [info] Getting sessions for read:user,repo,user:email,workflow...
2025-12-05 14:50:16.099 [info] Got 0 sessions for read:user,repo,user:email,workflow...
2025-12-05 14:50:16.099 [info] Getting sessions for user:email...
2025-12-05 14:50:16.099 [info] Got 1 sessions for user:email...
2025-12-05 14:57:54.756 [info] Getting sessions for all scopes...
2025-12-05 14:57:54.756 [info] Got 1 sessions for ...
2025-12-05 14:57:54.760 [info] Getting sessions for read:user,repo,user:email,workflow...
2025-12-05 14:57:54.760 [info] Got 0 sessions for read:user,repo,user:email,workflow...
2025-12-05 14:57:54.761 [info] Getting sessions for user:email...
2025-12-05 14:57:54.761 [info] Got 1 sessions for user:email...
