2025-11-08 10:47:02.948 [info] Reading sessions from keychain...
2025-11-08 10:47:02.948 [info] Getting sessions for all scopes...
2025-11-08 10:47:02.948 [info] Got stored sessions!
2025-11-08 10:47:02.948 [info] Got 1 verified sessions.
2025-11-08 10:47:02.948 [info] Got 1 sessions for ...
2025-11-08 10:47:02.948 [info] Getting sessions for all scopes...
2025-11-08 10:47:02.948 [info] Got 1 sessions for ...
2025-11-08 10:47:02.948 [info] Getting sessions for all scopes...
2025-11-08 10:47:02.948 [info] Got 1 sessions for ...
2025-11-08 10:47:02.948 [info] Getting sessions for all scopes...
2025-11-08 10:47:02.948 [info] Got 1 sessions for ...
2025-11-08 10:47:02.948 [info] Getting sessions for all scopes...
2025-11-08 10:47:02.948 [info] Got 1 sessions for ...
2025-11-08 10:47:02.948 [info] Getting sessions for all scopes...
2025-11-08 10:47:02.948 [info] Got 1 sessions for ...
2025-11-08 10:47:02.948 [info] Getting sessions for all scopes...
2025-11-08 10:47:02.948 [info] Got 1 sessions for ...
2025-11-08 10:47:03.785 [info] Getting sessions for all scopes...
2025-11-08 10:47:03.786 [info] Got 1 sessions for ...
2025-11-08 10:47:03.786 [info] Getting sessions for all scopes...
2025-11-08 10:47:03.786 [info] Got 1 sessions for ...
2025-11-08 10:47:03.786 [info] Getting sessions for all scopes...
2025-11-08 10:47:03.786 [info] Got 1 sessions for ...
2025-11-08 10:47:03.786 [info] Getting sessions for all scopes...
2025-11-08 10:47:03.786 [info] Got 1 sessions for ...
2025-11-08 10:47:03.786 [info] Getting sessions for all scopes...
2025-11-08 10:47:03.786 [info] Got 1 sessions for ...
2025-11-08 10:47:03.786 [info] Getting sessions for all scopes...
2025-11-08 10:47:03.786 [info] Got 1 sessions for ...
2025-11-08 10:47:03.787 [info] Getting sessions for all scopes...
2025-11-08 10:47:03.787 [info] Got 1 sessions for ...
2025-11-08 10:47:03.787 [info] Getting sessions for all scopes...
2025-11-08 10:47:03.787 [info] Got 1 sessions for ...
2025-11-08 10:47:03.954 [info] Getting sessions for all scopes...
2025-11-08 10:47:03.954 [info] Got 1 sessions for ...
2025-11-08 10:47:03.962 [info] Getting sessions for all scopes...
2025-11-08 10:47:03.962 [info] Got 1 sessions for ...
2025-11-08 10:47:04.578 [info] Getting sessions for all scopes...
2025-11-08 10:47:04.578 [info] Got 1 sessions for ...
2025-11-08 10:47:04.578 [info] Getting sessions for all scopes...
2025-11-08 10:47:04.578 [info] Got 1 sessions for ...
2025-11-08 10:47:04.578 [info] Getting sessions for all scopes...
2025-11-08 10:47:04.578 [info] Got 1 sessions for ...
2025-11-08 10:47:04.605 [info] Getting sessions for read:user,repo,user:email,workflow...
2025-11-08 10:47:04.605 [info] Got 0 sessions for read:user,repo,user:email,workflow...
2025-11-08 10:47:06.277 [info] Getting sessions for user:email...
2025-11-08 10:47:06.277 [info] Got 1 sessions for user:email...
2025-11-08 10:47:06.277 [info] Getting sessions for read:user,repo,user:email,workflow...
2025-11-08 10:47:06.277 [info] Got 0 sessions for read:user,repo,user:email,workflow...
2025-11-08 10:47:06.437 [info] FetcherService: Electron fetch failed with status: 429 
2025-11-08 10:47:06.774 [info] Getting sessions for all scopes...
2025-11-08 10:47:06.774 [info] Got 1 sessions for ...
2025-11-08 10:47:07.131 [info] Getting sessions for all scopes...
2025-11-08 10:47:07.131 [info] Got 1 sessions for ...
2025-11-08 10:47:07.133 [info] Getting sessions for all scopes...
2025-11-08 10:47:07.133 [info] Got 1 sessions for ...
2025-11-08 10:47:07.133 [info] Getting sessions for read:user,repo,user:email,workflow...
2025-11-08 10:47:07.133 [info] Got 0 sessions for read:user,repo,user:email,workflow...
2025-11-08 10:47:07.134 [info] Getting sessions for all scopes...
2025-11-08 10:47:07.134 [info] Got 1 sessions for ...
2025-11-08 10:47:07.134 [info] Getting sessions for all scopes...
2025-11-08 10:47:07.134 [info] Got 1 sessions for ...
2025-11-08 10:47:07.328 [info] Getting sessions for read:user...
2025-11-08 10:47:07.328 [info] Got 0 sessions for read:user...
2025-11-08 10:47:07.328 [info] Getting sessions for read:user,repo,user:email,workflow...
2025-11-08 10:47:07.328 [info] Got 0 sessions for read:user,repo,user:email,workflow...
2025-11-08 10:47:07.361 [info] Getting sessions for user:email...
2025-11-08 10:47:07.361 [info] Got 1 sessions for user:email...
2025-11-08 10:47:07.361 [info] Getting sessions for user:email...
2025-11-08 10:47:07.361 [info] Got 1 sessions for user:email...
2025-11-08 10:47:07.478 [info] Getting sessions for read:user,repo,user:email,workflow...
2025-11-08 10:47:07.478 [info] Got 0 sessions for read:user,repo,user:email,workflow...
2025-11-08 10:47:07.559 [info] FetcherService: Node fetch failed with status: 429 Too Many Requests
2025-11-08 10:47:07.815 [info] Getting sessions for all scopes...
2025-11-08 10:47:07.815 [info] Got 1 sessions for ...
2025-11-08 10:47:08.293 [info] FetcherService: Node http/s failed with status: 429 Too Many Requests
2025-11-08 10:47:08.381 [info] Getting sessions for all scopes...
2025-11-08 10:47:08.381 [info] Got 1 sessions for ...
2025-11-08 10:47:08.381 [info] Getting sessions for all scopes...
2025-11-08 10:47:08.381 [info] Got 1 sessions for ...
2025-11-08 10:47:08.383 [info] Getting sessions for read:user,repo,user:email,workflow...
2025-11-08 10:47:08.383 [info] Got 0 sessions for read:user,repo,user:email,workflow...
2025-11-08 10:47:08.384 [info] Getting sessions for user:email...
2025-11-08 10:47:08.384 [info] Got 1 sessions for user:email...
2025-11-08 10:47:08.384 [info] Getting sessions for read:user,repo,user:email,workflow...
2025-11-08 10:47:08.384 [info] Got 0 sessions for read:user,repo,user:email,workflow...
2025-11-08 10:47:08.435 [info] Getting sessions for all scopes...
2025-11-08 10:47:08.435 [info] Got 1 sessions for ...
2025-11-08 10:47:08.442 [info] Getting sessions for all scopes...
2025-11-08 10:47:08.442 [info] Got 1 sessions for ...
2025-11-08 10:47:08.445 [info] Getting sessions for all scopes...
2025-11-08 10:47:08.445 [info] Got 1 sessions for ...
2025-11-08 10:47:08.445 [info] Getting sessions for all scopes...
2025-11-08 10:47:08.445 [info] Got 1 sessions for ...
2025-11-08 10:47:08.446 [info] Getting sessions for read:user,repo,user:email,workflow...
2025-11-08 10:47:08.446 [info] Got 0 sessions for read:user,repo,user:email,workflow...
2025-11-08 10:47:08.447 [info] Getting sessions for user:email...
2025-11-08 10:47:08.447 [info] Got 1 sessions for user:email...
2025-11-08 10:47:08.447 [info] Getting sessions for read:user,repo,user:email,workflow...
2025-11-08 10:47:08.447 [info] Got 0 sessions for read:user,repo,user:email,workflow...
2025-11-08 10:47:08.449 [info] Getting sessions for all scopes...
2025-11-08 10:47:08.449 [info] Got 1 sessions for ...
2025-11-08 10:47:08.449 [info] Getting sessions for read:user,repo,user:email,workflow...
2025-11-08 10:47:08.449 [info] Got 0 sessions for read:user,repo,user:email,workflow...
2025-11-08 10:47:08.450 [info] Getting sessions for user:email...
2025-11-08 10:47:08.450 [info] Got 1 sessions for user:email...
2025-11-08 10:47:08.651 [info] Getting sessions for all scopes...
2025-11-08 10:47:08.651 [info] Got 1 sessions for ...
2025-11-08 10:47:08.652 [info] Getting sessions for read:user,repo,user:email,workflow...
2025-11-08 10:47:08.652 [info] Got 0 sessions for read:user,repo,user:email,workflow...
2025-11-08 10:47:08.653 [info] Getting sessions for user:email...
2025-11-08 10:47:08.653 [info] Got 1 sessions for user:email...
2025-11-08 10:47:09.706 [info] Getting sessions for all scopes...
2025-11-08 10:47:09.706 [info] Got 1 sessions for ...
2025-11-08 10:47:11.068 [info] Getting sessions for all scopes...
2025-11-08 10:47:11.068 [info] Got 1 sessions for ...
2025-11-08 10:47:11.068 [info] Getting sessions for read:user,repo,user:email,workflow...
2025-11-08 10:47:11.068 [info] Got 0 sessions for read:user,repo,user:email,workflow...
2025-11-08 10:47:11.069 [info] Getting sessions for user:email...
2025-11-08 10:47:11.069 [info] Got 1 sessions for user:email...
2025-11-08 10:48:09.678 [info] Getting sessions for all scopes...
2025-11-08 10:48:09.678 [info] Got 1 sessions for ...
2025-11-08 10:48:09.680 [info] Getting sessions for read:user,repo,user:email,workflow...
2025-11-08 10:48:09.680 [info] Got 0 sessions for read:user,repo,user:email,workflow...
2025-11-08 10:48:09.680 [info] Getting sessions for user:email...
2025-11-08 10:48:09.680 [info] Got 1 sessions for user:email...
