2025-11-13 09:57:26.619 [info] Reading sessions from keychain...
2025-11-13 09:57:26.619 [info] Getting sessions for all scopes...
2025-11-13 09:57:26.619 [info] Got stored sessions!
2025-11-13 09:57:26.619 [info] Got 1 verified sessions.
2025-11-13 09:57:26.619 [info] Got 1 sessions for ...
2025-11-13 09:57:26.619 [info] Getting sessions for all scopes...
2025-11-13 09:57:26.619 [info] Got 1 sessions for ...
2025-11-13 09:57:26.619 [info] Getting sessions for all scopes...
2025-11-13 09:57:26.619 [info] Got 1 sessions for ...
2025-11-13 09:57:26.619 [info] Getting sessions for all scopes...
2025-11-13 09:57:26.619 [info] Got 1 sessions for ...
2025-11-13 09:57:26.619 [info] Getting sessions for all scopes...
2025-11-13 09:57:26.619 [info] Got 1 sessions for ...
2025-11-13 09:57:26.619 [info] Getting sessions for all scopes...
2025-11-13 09:57:26.619 [info] Got 1 sessions for ...
2025-11-13 09:57:26.619 [info] Getting sessions for all scopes...
2025-11-13 09:57:26.619 [info] Got 1 sessions for ...
2025-11-13 09:57:26.619 [info] Getting sessions for all scopes...
2025-11-13 09:57:26.619 [info] Got 1 sessions for ...
2025-11-13 09:57:26.634 [info] Getting sessions for all scopes...
2025-11-13 09:57:26.634 [info] Got 1 sessions for ...
2025-11-13 09:57:26.634 [info] Getting sessions for all scopes...
2025-11-13 09:57:26.634 [info] Got 1 sessions for ...
2025-11-13 09:57:26.634 [info] Getting sessions for all scopes...
2025-11-13 09:57:26.634 [info] Got 1 sessions for ...
2025-11-13 09:57:26.634 [info] Getting sessions for all scopes...
2025-11-13 09:57:26.634 [info] Got 1 sessions for ...
2025-11-13 09:57:26.634 [info] Getting sessions for all scopes...
2025-11-13 09:57:26.634 [info] Got 1 sessions for ...
2025-11-13 09:57:26.635 [info] Getting sessions for all scopes...
2025-11-13 09:57:26.635 [info] Got 1 sessions for ...
2025-11-13 09:57:28.964 [info] Getting sessions for all scopes...
2025-11-13 09:57:28.964 [info] Got 1 sessions for ...
2025-11-13 09:57:28.981 [info] Getting sessions for all scopes...
2025-11-13 09:57:28.981 [info] Got 1 sessions for ...
2025-11-13 09:57:28.981 [info] Getting sessions for all scopes...
2025-11-13 09:57:28.981 [info] Got 1 sessions for ...
2025-11-13 09:57:28.981 [info] Getting sessions for all scopes...
2025-11-13 09:57:28.981 [info] Got 1 sessions for ...
2025-11-13 09:57:29.310 [info] Getting sessions for all scopes...
2025-11-13 09:57:29.310 [info] Got 1 sessions for ...
2025-11-13 09:57:29.310 [info] Getting sessions for all scopes...
2025-11-13 09:57:29.310 [info] Got 1 sessions for ...
2025-11-13 09:57:29.689 [info] Getting sessions for read:user,repo,user:email,workflow...
2025-11-13 09:57:29.689 [info] Got 0 sessions for read:user,repo,user:email,workflow...
2025-11-13 09:57:29.695 [info] Getting sessions for all scopes...
2025-11-13 09:57:29.695 [info] Got 1 sessions for ...
2025-11-13 09:57:29.705 [info] Getting sessions for all scopes...
2025-11-13 09:57:29.705 [info] Got 1 sessions for ...
2025-11-13 09:57:29.705 [info] Getting sessions for read:user,repo,user:email,workflow...
2025-11-13 09:57:29.705 [info] Got 0 sessions for read:user,repo,user:email,workflow...
2025-11-13 09:57:29.714 [info] Getting sessions for user:email...
2025-11-13 09:57:29.714 [info] Got 1 sessions for user:email...
2025-11-13 09:57:29.714 [info] Getting sessions for read:user,repo,user:email,workflow...
2025-11-13 09:57:29.714 [info] Got 0 sessions for read:user,repo,user:email,workflow...
2025-11-13 09:57:29.763 [info] Getting sessions for read:user...
2025-11-13 09:57:29.763 [info] Got 0 sessions for read:user...
2025-11-13 09:57:29.942 [info] FetcherService: Electron fetch failed with status: 429 
2025-11-13 09:57:29.950 [info] Getting sessions for all scopes...
2025-11-13 09:57:29.950 [info] Got 1 sessions for ...
2025-11-13 09:57:29.975 [info] Getting sessions for user:email...
2025-11-13 09:57:29.975 [info] Got 1 sessions for user:email...
2025-11-13 09:57:30.022 [info] Getting sessions for all scopes...
2025-11-13 09:57:30.022 [info] Got 1 sessions for ...
2025-11-13 09:57:30.132 [info] Getting sessions for read:user,repo,user:email,workflow...
2025-11-13 09:57:30.132 [info] Got 0 sessions for read:user,repo,user:email,workflow...
2025-11-13 09:57:30.135 [info] Getting sessions for read:user,repo,user:email,workflow...
2025-11-13 09:57:30.135 [info] Got 0 sessions for read:user,repo,user:email,workflow...
2025-11-13 09:57:30.143 [info] Getting sessions for all scopes...
2025-11-13 09:57:30.143 [info] Got 1 sessions for ...
2025-11-13 09:57:30.146 [info] Getting sessions for user:email...
2025-11-13 09:57:30.146 [info] Got 1 sessions for user:email...
2025-11-13 09:57:30.146 [info] Getting sessions for read:user,repo,user:email,workflow...
2025-11-13 09:57:30.146 [info] Got 0 sessions for read:user,repo,user:email,workflow...
2025-11-13 09:57:30.152 [info] Getting sessions for user:email...
2025-11-13 09:57:30.152 [info] Got 1 sessions for user:email...
2025-11-13 09:57:30.628 [info] FetcherService: Node fetch failed with status: 429 Too Many Requests
2025-11-13 09:57:30.657 [info] Getting sessions for all scopes...
2025-11-13 09:57:30.657 [info] Got 1 sessions for ...
2025-11-13 09:57:30.657 [info] Getting sessions for all scopes...
2025-11-13 09:57:30.657 [info] Got 1 sessions for ...
2025-11-13 09:57:30.664 [info] Getting sessions for read:user,repo,user:email,workflow...
2025-11-13 09:57:30.664 [info] Got 0 sessions for read:user,repo,user:email,workflow...
2025-11-13 09:57:30.665 [info] Getting sessions for user:email...
2025-11-13 09:57:30.665 [info] Got 1 sessions for user:email...
2025-11-13 09:57:30.666 [info] Getting sessions for read:user,repo,user:email,workflow...
2025-11-13 09:57:30.666 [info] Got 0 sessions for read:user,repo,user:email,workflow...
2025-11-13 09:57:30.709 [info] Getting sessions for all scopes...
2025-11-13 09:57:30.710 [info] Got 1 sessions for ...
2025-11-13 09:57:30.710 [info] Getting sessions for all scopes...
2025-11-13 09:57:30.710 [info] Got 1 sessions for ...
2025-11-13 09:57:30.710 [info] Getting sessions for all scopes...
2025-11-13 09:57:30.710 [info] Got 1 sessions for ...
2025-11-13 09:57:30.710 [info] Getting sessions for all scopes...
2025-11-13 09:57:30.710 [info] Got 1 sessions for ...
2025-11-13 09:57:30.712 [info] Getting sessions for read:user,repo,user:email,workflow...
2025-11-13 09:57:30.712 [info] Got 0 sessions for read:user,repo,user:email,workflow...
2025-11-13 09:57:30.713 [info] Getting sessions for user:email...
2025-11-13 09:57:30.713 [info] Got 1 sessions for user:email...
2025-11-13 09:57:30.713 [info] Getting sessions for read:user,repo,user:email,workflow...
2025-11-13 09:57:30.713 [info] Got 0 sessions for read:user,repo,user:email,workflow...
2025-11-13 09:57:30.714 [info] Getting sessions for all scopes...
2025-11-13 09:57:30.714 [info] Got 1 sessions for ...
2025-11-13 09:57:30.714 [info] Getting sessions for read:user,repo,user:email,workflow...
2025-11-13 09:57:30.715 [info] Got 0 sessions for read:user,repo,user:email,workflow...
2025-11-13 09:57:30.715 [info] Getting sessions for user:email...
2025-11-13 09:57:30.715 [info] Got 1 sessions for user:email...
2025-11-13 09:57:31.341 [info] FetcherService: Node http/s failed with status: 429 Too Many Requests
2025-11-13 09:57:32.219 [info] Getting sessions for all scopes...
2025-11-13 09:57:32.219 [info] Got 1 sessions for ...
2025-11-13 09:57:39.557 [info] Getting sessions for read:user,repo,user:email,workflow...
2025-11-13 09:57:39.557 [info] Got 0 sessions for read:user,repo,user:email,workflow...
2025-11-13 09:58:55.634 [info] Getting sessions for all scopes...
2025-11-13 09:58:55.634 [info] Got 1 sessions for ...
