2026-01-04 20:29:28.448 [info] Reading sessions from keychain...
2026-01-04 20:29:28.448 [info] Getting sessions for all scopes...
2026-01-04 20:29:28.448 [info] Got stored sessions!
2026-01-04 20:29:28.448 [info] Got 1 verified sessions.
2026-01-04 20:29:28.448 [info] Got 1 sessions for ...
2026-01-04 20:29:28.448 [info] Getting sessions for all scopes...
2026-01-04 20:29:28.448 [info] Got 1 sessions for ...
2026-01-04 20:29:28.448 [info] Getting sessions for all scopes...
2026-01-04 20:29:28.448 [info] Got 1 sessions for ...
2026-01-04 20:29:28.448 [info] Getting sessions for all scopes...
2026-01-04 20:29:28.448 [info] Got 1 sessions for ...
2026-01-04 20:29:28.448 [info] Getting sessions for all scopes...
2026-01-04 20:29:28.448 [info] Got 1 sessions for ...
2026-01-04 20:29:28.448 [info] Getting sessions for all scopes...
2026-01-04 20:29:28.448 [info] Got 1 sessions for ...
2026-01-04 20:29:28.448 [info] Getting sessions for all scopes...
2026-01-04 20:29:28.448 [info] Got 1 sessions for ...
2026-01-04 20:29:28.448 [info] Getting sessions for all scopes...
2026-01-04 20:29:28.448 [info] Got 1 sessions for ...
2026-01-04 20:29:28.448 [info] Getting sessions for all scopes...
2026-01-04 20:29:28.448 [info] Got 1 sessions for ...
2026-01-04 20:29:28.448 [info] Getting sessions for all scopes...
2026-01-04 20:29:28.448 [info] Got 1 sessions for ...
2026-01-04 20:29:29.486 [info] Getting sessions for all scopes...
2026-01-04 20:29:29.486 [info] Got 1 sessions for ...
2026-01-04 20:29:29.486 [info] Getting sessions for all scopes...
2026-01-04 20:29:29.486 [info] Got 1 sessions for ...
2026-01-04 20:29:29.486 [info] Getting sessions for all scopes...
2026-01-04 20:29:29.486 [info] Got 1 sessions for ...
2026-01-04 20:29:29.486 [info] Getting sessions for all scopes...
2026-01-04 20:29:29.486 [info] Got 1 sessions for ...
2026-01-04 20:29:29.486 [info] Getting sessions for all scopes...
2026-01-04 20:29:29.486 [info] Got 1 sessions for ...
2026-01-04 20:29:29.487 [info] Getting sessions for all scopes...
2026-01-04 20:29:29.487 [info] Got 1 sessions for ...
2026-01-04 20:29:29.487 [info] Getting sessions for all scopes...
2026-01-04 20:29:29.487 [info] Got 1 sessions for ...
2026-01-04 20:29:29.487 [info] Getting sessions for all scopes...
2026-01-04 20:29:29.487 [info] Got 1 sessions for ...
2026-01-04 20:29:30.416 [info] Getting sessions for all scopes...
2026-01-04 20:29:30.416 [info] Got 1 sessions for ...
2026-01-04 20:29:30.652 [info] Getting sessions for read:user,repo,user:email,workflow...
2026-01-04 20:29:30.652 [info] Got 0 sessions for read:user,repo,user:email,workflow...
2026-01-04 20:29:30.784 [info] Getting sessions for user:email...
2026-01-04 20:29:30.784 [info] Got 1 sessions for user:email...
2026-01-04 20:29:30.784 [info] Getting sessions for read:user,repo,user:email,workflow...
2026-01-04 20:29:30.784 [info] Got 0 sessions for read:user,repo,user:email,workflow...
2026-01-04 20:29:31.666 [info] Getting sessions for all scopes...
2026-01-04 20:29:31.666 [info] Got 1 sessions for ...
2026-01-04 20:29:31.674 [info] Getting sessions for all scopes...
2026-01-04 20:29:31.674 [info] Got 1 sessions for ...
2026-01-04 20:29:31.680 [info] Getting sessions for all scopes...
2026-01-04 20:29:31.680 [info] Got 1 sessions for ...
2026-01-04 20:29:31.680 [info] Getting sessions for all scopes...
2026-01-04 20:29:31.680 [info] Got 1 sessions for ...
2026-01-04 20:29:31.681 [info] Getting sessions for all scopes...
2026-01-04 20:29:31.681 [info] Got 1 sessions for ...
2026-01-04 20:29:31.689 [info] Getting sessions for read:user,repo,user:email,workflow...
2026-01-04 20:29:31.689 [info] Got 0 sessions for read:user,repo,user:email,workflow...
2026-01-04 20:29:31.899 [info] Getting sessions for user:email...
2026-01-04 20:29:31.899 [info] Got 1 sessions for user:email...
2026-01-04 20:29:31.899 [info] Getting sessions for read:user,repo,user:email,workflow...
2026-01-04 20:29:31.899 [info] Got 0 sessions for read:user,repo,user:email,workflow...
2026-01-04 20:29:32.104 [info] FetcherService: Electron fetch failed with status: 429 
2026-01-04 20:29:32.257 [info] Getting sessions for read:user,repo,user:email,workflow...
2026-01-04 20:29:32.257 [info] Got 0 sessions for read:user,repo,user:email,workflow...
2026-01-04 20:29:32.906 [info] FetcherService: Node fetch failed with status: 429 Too Many Requests
2026-01-04 20:29:33.078 [info] Getting sessions for all scopes...
2026-01-04 20:29:33.078 [info] Got 1 sessions for ...
2026-01-04 20:29:33.078 [info] Getting sessions for all scopes...
2026-01-04 20:29:33.078 [info] Got 1 sessions for ...
2026-01-04 20:29:33.088 [info] Getting sessions for read:user,repo,user:email,workflow...
2026-01-04 20:29:33.088 [info] Got 0 sessions for read:user,repo,user:email,workflow...
2026-01-04 20:29:33.088 [info] Getting sessions for user:email...
2026-01-04 20:29:33.089 [info] Got 1 sessions for user:email...
2026-01-04 20:29:33.089 [info] Getting sessions for read:user,repo,user:email,workflow...
2026-01-04 20:29:33.089 [info] Got 0 sessions for read:user,repo,user:email,workflow...
2026-01-04 20:29:33.140 [info] Getting sessions for all scopes...
2026-01-04 20:29:33.140 [info] Got 1 sessions for ...
2026-01-04 20:29:33.152 [info] Getting sessions for all scopes...
2026-01-04 20:29:33.152 [info] Got 1 sessions for ...
2026-01-04 20:29:33.152 [info] Getting sessions for all scopes...
2026-01-04 20:29:33.152 [info] Got 1 sessions for ...
2026-01-04 20:29:33.153 [info] Getting sessions for all scopes...
2026-01-04 20:29:33.153 [info] Got 1 sessions for ...
2026-01-04 20:29:33.167 [info] Getting sessions for read:user,repo,user:email,workflow...
2026-01-04 20:29:33.167 [info] Got 0 sessions for read:user,repo,user:email,workflow...
2026-01-04 20:29:33.169 [info] Getting sessions for user:email...
2026-01-04 20:29:33.169 [info] Got 1 sessions for user:email...
2026-01-04 20:29:33.169 [info] Getting sessions for read:user,repo,user:email,workflow...
2026-01-04 20:29:33.169 [info] Got 0 sessions for read:user,repo,user:email,workflow...
2026-01-04 20:29:33.171 [info] Getting sessions for all scopes...
2026-01-04 20:29:33.171 [info] Got 1 sessions for ...
2026-01-04 20:29:33.174 [info] Getting sessions for read:user,repo,user:email,workflow...
2026-01-04 20:29:33.174 [info] Got 0 sessions for read:user,repo,user:email,workflow...
2026-01-04 20:29:33.175 [info] Getting sessions for user:email...
2026-01-04 20:29:33.175 [info] Got 1 sessions for user:email...
2026-01-04 20:29:33.643 [info] FetcherService: Node http/s failed with status: 429 Too Many Requests
