2025-11-17 20:34:19.891 [info] [aebc6443-996d-45c2-90f0-388ff96faa56] Native Broker is only available on Windows and macOS
2025-11-17 20:34:20.190 [info] [getSessions] [all] starting
2025-11-17 20:34:20.190 [info] [getSessions] [all] returned 0 session(s)
2025-11-17 20:34:20.190 [info] [getSessions] [all] starting
2025-11-17 20:34:20.190 [info] [getSessions] [all] returned 0 session(s)
2025-11-17 20:34:20.190 [info] [getSessions] [all] starting
2025-11-17 20:34:20.190 [info] [getSessions] [all] returned 0 session(s)
2025-11-17 20:34:20.190 [info] [getSessions] [all] starting
2025-11-17 20:34:20.190 [info] [getSessions] [all] returned 0 session(s)
2025-11-17 20:34:20.268 [info] [getSessions] [499b84ac-1321-427f-aa17-267ca6975798/.default offline_access] starting
2025-11-17 20:34:20.268 [info] [aebc6443-996d-45c2-90f0-388ff96faa56] Native Broker is only available on Windows and macOS
2025-11-17 20:34:20.554 [info] [getSessions] [499b84ac-1321-427f-aa17-267ca6975798/.default offline_access] returned 0 session(s)
2025-11-17 20:34:21.162 [info] [getSessions] [all] starting
2025-11-17 20:34:21.162 [info] [getSessions] [all] returned 0 session(s)
2025-11-17 20:34:22.041 [info] [getSessions] [499b84ac-1321-427f-aa17-267ca6975798/.default offline_access] starting
2025-11-17 20:34:22.041 [info] [getSessions] [499b84ac-1321-427f-aa17-267ca6975798/.default offline_access] returned 0 session(s)
2025-11-17 20:34:23.794 [info] [getSessions] [all] starting
2025-11-17 20:34:23.794 [info] [getSessions] [all] returned 0 session(s)
2025-11-17 20:36:25.566 [info] [aebc6443-996d-45c2-90f0-388ff96faa56] Native Broker is only available on Windows and macOS
2025-11-17 20:36:27.122 [info] [getSessions] [all] starting
2025-11-17 20:36:27.122 [info] [getSessions] [all] returned 0 session(s)
2025-11-17 20:36:27.122 [info] [getSessions] [all] starting
2025-11-17 20:36:27.122 [info] [getSessions] [all] returned 0 session(s)
2025-11-17 20:36:27.122 [info] [getSessions] [all] starting
2025-11-17 20:36:27.122 [info] [getSessions] [all] returned 0 session(s)
2025-11-17 20:36:27.122 [info] [getSessions] [all] starting
2025-11-17 20:36:27.122 [info] [getSessions] [all] returned 0 session(s)
2025-11-17 20:36:28.128 [info] [getSessions] [all] starting
2025-11-17 20:36:28.128 [info] [getSessions] [all] returned 0 session(s)
2025-11-17 20:36:28.333 [info] [getSessions] [499b84ac-1321-427f-aa17-267ca6975798/.default offline_access] starting
2025-11-17 20:36:28.333 [info] [aebc6443-996d-45c2-90f0-388ff96faa56] Native Broker is only available on Windows and macOS
2025-11-17 20:36:28.338 [info] [getSessions] [499b84ac-1321-427f-aa17-267ca6975798/.default offline_access] returned 0 session(s)
