2025-12-05 22:18:53.331 [info] Reading sessions from keychain...
2025-12-05 22:18:53.331 [info] Getting sessions for all scopes...
2025-12-05 22:18:53.331 [info] Got stored sessions!
2025-12-05 22:18:53.331 [info] Got 1 verified sessions.
2025-12-05 22:18:53.331 [info] Got 1 sessions for ...
2025-12-05 22:18:53.331 [info] Getting sessions for all scopes...
2025-12-05 22:18:53.331 [info] Got 1 sessions for ...
2025-12-05 22:18:53.331 [info] Getting sessions for all scopes...
2025-12-05 22:18:53.331 [info] Got 1 sessions for ...
2025-12-05 22:18:53.331 [info] Getting sessions for all scopes...
2025-12-05 22:18:53.331 [info] Got 1 sessions for ...
2025-12-05 22:18:53.331 [info] Getting sessions for all scopes...
2025-12-05 22:18:53.331 [info] Got 1 sessions for ...
2025-12-05 22:18:53.331 [info] Getting sessions for all scopes...
2025-12-05 22:18:53.331 [info] Got 1 sessions for ...
2025-12-05 22:18:53.331 [info] Getting sessions for all scopes...
2025-12-05 22:18:53.331 [info] Got 1 sessions for ...
2025-12-05 22:18:53.331 [info] Getting sessions for all scopes...
2025-12-05 22:18:53.331 [info] Got 1 sessions for ...
2025-12-05 22:18:53.331 [info] Getting sessions for all scopes...
2025-12-05 22:18:53.331 [info] Got 1 sessions for ...
2025-12-05 22:18:53.331 [info] Getting sessions for all scopes...
2025-12-05 22:18:53.331 [info] Got 1 sessions for ...
2025-12-05 22:18:53.331 [info] Getting sessions for all scopes...
2025-12-05 22:18:53.331 [info] Got 1 sessions for ...
2025-12-05 22:18:53.331 [info] Getting sessions for all scopes...
2025-12-05 22:18:53.331 [info] Got 1 sessions for ...
2025-12-05 22:18:53.331 [info] Getting sessions for all scopes...
2025-12-05 22:18:53.331 [info] Got 1 sessions for ...
2025-12-05 22:18:53.331 [info] Getting sessions for all scopes...
2025-12-05 22:18:53.331 [info] Got 1 sessions for ...
2025-12-05 22:18:53.331 [info] Getting sessions for all scopes...
2025-12-05 22:18:53.332 [info] Got 1 sessions for ...
2025-12-05 22:18:53.332 [info] Getting sessions for all scopes...
2025-12-05 22:18:53.332 [info] Got 1 sessions for ...
2025-12-05 22:18:53.332 [info] Getting sessions for all scopes...
2025-12-05 22:18:53.332 [info] Got 1 sessions for ...
2025-12-05 22:18:53.332 [info] Getting sessions for all scopes...
2025-12-05 22:18:53.332 [info] Got 1 sessions for ...
2025-12-05 22:18:53.332 [info] Getting sessions for all scopes...
2025-12-05 22:18:53.332 [info] Got 1 sessions for ...
2025-12-05 22:18:53.332 [info] Getting sessions for read:user,repo,user:email,workflow...
2025-12-05 22:18:53.332 [info] Got 0 sessions for read:user,repo,user:email,workflow...
2025-12-05 22:18:53.332 [info] Getting sessions for user:email...
2025-12-05 22:18:53.332 [info] Got 1 sessions for user:email...
2025-12-05 22:18:53.332 [info] Getting sessions for read:user,repo,user:email,workflow...
2025-12-05 22:18:53.332 [info] Got 0 sessions for read:user,repo,user:email,workflow...
2025-12-05 22:18:53.346 [info] Getting sessions for all scopes...
2025-12-05 22:18:53.346 [info] Got 1 sessions for ...
2025-12-05 22:18:53.629 [info] Getting sessions for all scopes...
2025-12-05 22:18:53.629 [info] Got 1 sessions for ...
2025-12-05 22:18:53.629 [info] Getting sessions for all scopes...
2025-12-05 22:18:53.629 [info] Got 1 sessions for ...
2025-12-05 22:18:53.667 [info] FetcherService: Electron fetch failed with status: 429 
2025-12-05 22:18:53.725 [info] Getting sessions for read:user,repo,user:email,workflow...
2025-12-05 22:18:53.725 [info] Got 0 sessions for read:user,repo,user:email,workflow...
