2025-12-04 20:33:38.495 [info] Reading sessions from keychain...
2025-12-04 20:33:38.495 [info] Getting sessions for all scopes...
2025-12-04 20:33:38.495 [info] Got stored sessions!
2025-12-04 20:33:38.495 [info] Got 1 verified sessions.
2025-12-04 20:33:38.495 [info] Got 1 sessions for ...
2025-12-04 20:33:38.495 [info] Getting sessions for all scopes...
2025-12-04 20:33:38.495 [info] Got 1 sessions for ...
2025-12-04 20:33:38.495 [info] Getting sessions for all scopes...
2025-12-04 20:33:38.495 [info] Got 1 sessions for ...
2025-12-04 20:33:38.495 [info] Getting sessions for all scopes...
2025-12-04 20:33:38.495 [info] Got 1 sessions for ...
2025-12-04 20:33:38.495 [info] Getting sessions for all scopes...
2025-12-04 20:33:38.495 [info] Got 1 sessions for ...
2025-12-04 20:33:38.495 [info] Getting sessions for all scopes...
2025-12-04 20:33:38.495 [info] Got 1 sessions for ...
2025-12-04 20:33:38.495 [info] Getting sessions for all scopes...
2025-12-04 20:33:38.495 [info] Got 1 sessions for ...
2025-12-04 20:33:38.495 [info] Getting sessions for all scopes...
2025-12-04 20:33:38.495 [info] Got 1 sessions for ...
2025-12-04 20:33:38.495 [info] Getting sessions for all scopes...
2025-12-04 20:33:38.495 [info] Got 1 sessions for ...
2025-12-04 20:33:38.495 [info] Getting sessions for all scopes...
2025-12-04 20:33:38.495 [info] Got 1 sessions for ...
2025-12-04 20:33:38.495 [info] Getting sessions for all scopes...
2025-12-04 20:33:38.495 [info] Got 1 sessions for ...
2025-12-04 20:33:38.495 [info] Getting sessions for all scopes...
2025-12-04 20:33:38.495 [info] Got 1 sessions for ...
2025-12-04 20:33:38.495 [info] Getting sessions for all scopes...
2025-12-04 20:33:38.495 [info] Got 1 sessions for ...
2025-12-04 20:33:38.495 [info] Getting sessions for all scopes...
2025-12-04 20:33:38.495 [info] Got 1 sessions for ...
2025-12-04 20:33:38.495 [info] Getting sessions for all scopes...
2025-12-04 20:33:38.495 [info] Got 1 sessions for ...
2025-12-04 20:33:38.495 [info] Getting sessions for all scopes...
2025-12-04 20:33:38.495 [info] Got 1 sessions for ...
2025-12-04 20:33:38.495 [info] Getting sessions for all scopes...
2025-12-04 20:33:38.495 [info] Got 1 sessions for ...
2025-12-04 20:33:38.495 [info] Getting sessions for all scopes...
2025-12-04 20:33:38.495 [info] Got 1 sessions for ...
2025-12-04 20:33:38.495 [info] Getting sessions for all scopes...
2025-12-04 20:33:38.495 [info] Got 1 sessions for ...
2025-12-04 20:33:38.495 [info] Getting sessions for read:user,repo,user:email,workflow...
2025-12-04 20:33:38.495 [info] Got 0 sessions for read:user,repo,user:email,workflow...
2025-12-04 20:33:38.551 [info] Getting sessions for user:email...
2025-12-04 20:33:38.551 [info] Got 1 sessions for user:email...
2025-12-04 20:33:38.551 [info] Getting sessions for read:user,repo,user:email,workflow...
2025-12-04 20:33:38.551 [info] Got 0 sessions for read:user,repo,user:email,workflow...
2025-12-04 20:33:38.984 [info] Getting sessions for all scopes...
2025-12-04 20:33:38.984 [info] Got 1 sessions for ...
2025-12-04 20:33:39.228 [info] Getting sessions for all scopes...
2025-12-04 20:33:39.228 [info] Got 1 sessions for ...
2025-12-04 20:33:39.228 [info] Getting sessions for all scopes...
2025-12-04 20:33:39.228 [info] Got 1 sessions for ...
2025-12-04 20:33:39.228 [info] Getting sessions for all scopes...
2025-12-04 20:33:39.228 [info] Got 1 sessions for ...
2025-12-04 20:33:39.228 [info] Getting sessions for all scopes...
2025-12-04 20:33:39.228 [info] Got 1 sessions for ...
2025-12-04 20:33:39.275 [info] Getting sessions for read:user,repo,user:email,workflow...
2025-12-04 20:33:39.275 [info] Got 0 sessions for read:user,repo,user:email,workflow...
2025-12-04 20:33:39.331 [info] Getting sessions for user:email...
2025-12-04 20:33:39.331 [info] Got 1 sessions for user:email...
2025-12-04 20:33:39.331 [info] Getting sessions for read:user,repo,user:email,workflow...
2025-12-04 20:33:39.331 [info] Got 0 sessions for read:user,repo,user:email,workflow...
2025-12-04 20:33:39.804 [info] FetcherService: Electron fetch failed with status: 429 
2025-12-04 20:33:39.852 [info] Getting sessions for read:user,repo,user:email,workflow...
2025-12-04 20:33:39.852 [info] Got 0 sessions for read:user,repo,user:email,workflow...
2025-12-04 20:33:40.169 [info] Getting sessions for all scopes...
2025-12-04 20:33:40.169 [info] Got 1 sessions for ...
2025-12-04 20:33:40.169 [info] Getting sessions for all scopes...
2025-12-04 20:33:40.169 [info] Got 1 sessions for ...
2025-12-04 20:33:40.258 [info] Getting sessions for read:user,repo,user:email,workflow...
2025-12-04 20:33:40.258 [info] Got 0 sessions for read:user,repo,user:email,workflow...
2025-12-04 20:33:40.261 [info] Getting sessions for user:email...
2025-12-04 20:33:40.261 [info] Got 1 sessions for user:email...
2025-12-04 20:33:40.262 [info] Getting sessions for read:user,repo,user:email,workflow...
2025-12-04 20:33:40.262 [info] Got 0 sessions for read:user,repo,user:email,workflow...
2025-12-04 20:33:40.323 [info] Getting sessions for all scopes...
2025-12-04 20:33:40.323 [info] Got 1 sessions for ...
2025-12-04 20:33:40.325 [info] Getting sessions for all scopes...
2025-12-04 20:33:40.325 [info] Got 1 sessions for ...
2025-12-04 20:33:40.328 [info] Getting sessions for all scopes...
2025-12-04 20:33:40.328 [info] Got 1 sessions for ...
2025-12-04 20:33:40.329 [info] Getting sessions for all scopes...
2025-12-04 20:33:40.329 [info] Got 1 sessions for ...
2025-12-04 20:33:40.331 [info] Getting sessions for read:user,repo,user:email,workflow...
2025-12-04 20:33:40.331 [info] Got 0 sessions for read:user,repo,user:email,workflow...
2025-12-04 20:33:40.332 [info] Getting sessions for user:email...
2025-12-04 20:33:40.332 [info] Got 1 sessions for user:email...
2025-12-04 20:33:40.332 [info] Getting sessions for read:user,repo,user:email,workflow...
2025-12-04 20:33:40.332 [info] Got 0 sessions for read:user,repo,user:email,workflow...
2025-12-04 20:33:40.337 [info] Getting sessions for all scopes...
2025-12-04 20:33:40.337 [info] Got 1 sessions for ...
2025-12-04 20:33:40.337 [info] Getting sessions for read:user,repo,user:email,workflow...
2025-12-04 20:33:40.337 [info] Got 0 sessions for read:user,repo,user:email,workflow...
2025-12-04 20:33:40.338 [info] Getting sessions for user:email...
2025-12-04 20:33:40.338 [info] Got 1 sessions for user:email...
2025-12-04 20:33:40.661 [info] FetcherService: Node fetch failed with status: 429 Too Many Requests
2025-12-04 20:33:41.495 [info] FetcherService: Node http/s failed with status: 429 Too Many Requests
