2025-11-18 04:30:43.735 [info] [aebc6443-996d-45c2-90f0-388ff96faa56] Native Broker is only available on Windows and macOS
2025-11-18 04:30:45.870 [info] [getSessions] [all] starting
2025-11-18 04:30:45.870 [info] [getSessions] [all] returned 0 session(s)
2025-11-18 04:30:45.870 [info] [getSessions] [all] starting
2025-11-18 04:30:45.870 [info] [getSessions] [all] returned 0 session(s)
2025-11-18 04:30:45.870 [info] [getSessions] [all] starting
2025-11-18 04:30:45.870 [info] [getSessions] [all] returned 0 session(s)
2025-11-18 04:30:45.870 [info] [getSessions] [all] starting
2025-11-18 04:30:45.870 [info] [getSessions] [all] returned 0 session(s)
2025-11-18 04:30:46.161 [info] [getSessions] [499b84ac-1321-427f-aa17-267ca6975798/.default offline_access] starting
2025-11-18 04:30:46.161 [info] [aebc6443-996d-45c2-90f0-388ff96faa56] Native Broker is only available on Windows and macOS
2025-11-18 04:30:46.336 [info] [getSessions] [499b84ac-1321-427f-aa17-267ca6975798/.default offline_access] returned 0 session(s)
2025-11-18 04:30:47.147 [info] [getSessions] [all] starting
2025-11-18 04:30:47.147 [info] [getSessions] [all] returned 0 session(s)
2025-11-18 04:30:47.436 [info] [getSessions] [499b84ac-1321-427f-aa17-267ca6975798/.default offline_access] starting
2025-11-18 04:30:47.436 [info] [getSessions] [499b84ac-1321-427f-aa17-267ca6975798/.default offline_access] returned 0 session(s)
2025-11-18 04:30:49.391 [info] [getSessions] [all] starting
2025-11-18 04:30:49.391 [info] [getSessions] [all] returned 0 session(s)
2025-11-17 20:33:32.278 [info] [aebc6443-996d-45c2-90f0-388ff96faa56] Native Broker is only available on Windows and macOS
2025-11-17 20:33:33.891 [info] [getSessions] [all] starting
2025-11-17 20:33:33.891 [info] [getSessions] [all] returned 0 session(s)
2025-11-17 20:33:33.891 [info] [getSessions] [all] starting
2025-11-17 20:33:33.891 [info] [getSessions] [all] returned 0 session(s)
2025-11-17 20:33:33.891 [info] [getSessions] [all] starting
2025-11-17 20:33:33.891 [info] [getSessions] [all] returned 0 session(s)
2025-11-17 20:33:33.891 [info] [getSessions] [all] starting
2025-11-17 20:33:33.892 [info] [getSessions] [all] returned 0 session(s)
2025-11-17 20:33:34.906 [info] [getSessions] [all] starting
2025-11-17 20:33:34.906 [info] [getSessions] [all] returned 0 session(s)
2025-11-17 20:33:35.181 [info] [getSessions] [499b84ac-1321-427f-aa17-267ca6975798/.default offline_access] starting
2025-11-17 20:33:35.181 [info] [aebc6443-996d-45c2-90f0-388ff96faa56] Native Broker is only available on Windows and macOS
2025-11-17 20:33:35.190 [info] [getSessions] [499b84ac-1321-427f-aa17-267ca6975798/.default offline_access] returned 0 session(s)
2025-11-17 20:33:36.668 [info] [getSessions] [all] starting
2025-11-17 20:33:36.668 [info] [getSessions] [all] returned 0 session(s)
