2025-12-04 20:29:44.070 [info] Reading sessions from keychain...
2025-12-04 20:29:44.070 [info] Getting sessions for all scopes...
2025-12-04 20:29:44.070 [info] Got stored sessions!
2025-12-04 20:29:44.070 [info] Got 1 verified sessions.
2025-12-04 20:29:44.070 [info] Got 1 sessions for ...
2025-12-04 20:29:44.070 [info] Getting sessions for all scopes...
2025-12-04 20:29:44.070 [info] Got 1 sessions for ...
2025-12-04 20:29:44.070 [info] Getting sessions for all scopes...
2025-12-04 20:29:44.070 [info] Got 1 sessions for ...
2025-12-04 20:29:44.070 [info] Getting sessions for all scopes...
2025-12-04 20:29:44.070 [info] Got 1 sessions for ...
2025-12-04 20:29:44.070 [info] Getting sessions for all scopes...
2025-12-04 20:29:44.070 [info] Got 1 sessions for ...
2025-12-04 20:29:44.070 [info] Getting sessions for all scopes...
2025-12-04 20:29:44.070 [info] Got 1 sessions for ...
2025-12-04 20:29:44.070 [info] Getting sessions for all scopes...
2025-12-04 20:29:44.070 [info] Got 1 sessions for ...
2025-12-04 20:29:44.070 [info] Getting sessions for all scopes...
2025-12-04 20:29:44.070 [info] Got 1 sessions for ...
2025-12-04 20:29:44.070 [info] Getting sessions for all scopes...
2025-12-04 20:29:44.070 [info] Got 1 sessions for ...
2025-12-04 20:29:44.070 [info] Getting sessions for all scopes...
2025-12-04 20:29:44.070 [info] Got 1 sessions for ...
2025-12-04 20:29:45.059 [info] Getting sessions for all scopes...
2025-12-04 20:29:45.059 [info] Got 1 sessions for ...
2025-12-04 20:29:45.060 [info] Getting sessions for all scopes...
2025-12-04 20:29:45.060 [info] Got 1 sessions for ...
2025-12-04 20:29:45.060 [info] Getting sessions for all scopes...
2025-12-04 20:29:45.060 [info] Got 1 sessions for ...
2025-12-04 20:29:45.060 [info] Getting sessions for all scopes...
2025-12-04 20:29:45.060 [info] Got 1 sessions for ...
2025-12-04 20:29:45.060 [info] Getting sessions for all scopes...
2025-12-04 20:29:45.060 [info] Got 1 sessions for ...
2025-12-04 20:29:45.060 [info] Getting sessions for all scopes...
2025-12-04 20:29:45.060 [info] Got 1 sessions for ...
2025-12-04 20:29:45.263 [info] Getting sessions for all scopes...
2025-12-04 20:29:45.263 [info] Got 1 sessions for ...
2025-12-04 20:29:47.759 [info] FetcherService: Electron fetch failed with status: 429 
2025-12-04 20:29:48.406 [info] Getting sessions for all scopes...
2025-12-04 20:29:48.406 [info] Got 1 sessions for ...
2025-12-04 20:29:48.407 [info] Getting sessions for all scopes...
2025-12-04 20:29:48.407 [info] Got 1 sessions for ...
2025-12-04 20:29:48.408 [info] Getting sessions for read:user,repo,user:email,workflow...
2025-12-04 20:29:48.408 [info] Got 0 sessions for read:user,repo,user:email,workflow...
2025-12-04 20:29:48.655 [info] Getting sessions for read:user...
2025-12-04 20:29:48.655 [info] Got 0 sessions for read:user...
2025-12-04 20:29:48.743 [info] Getting sessions for user:email...
2025-12-04 20:29:48.743 [info] Got 1 sessions for user:email...
2025-12-04 20:29:48.751 [info] Getting sessions for read:user,repo,user:email,workflow...
2025-12-04 20:29:48.751 [info] Got 0 sessions for read:user,repo,user:email,workflow...
2025-12-04 20:29:49.407 [info] FetcherService: Node fetch failed with status: 429 Too Many Requests
2025-12-04 20:29:51.309 [info] FetcherService: Node http/s failed with status: 429 Too Many Requests
2025-12-04 20:30:41.975 [info] Getting sessions for all scopes...
2025-12-04 20:30:41.975 [info] Got 1 sessions for ...
2025-12-04 20:30:41.975 [info] Getting sessions for all scopes...
2025-12-04 20:30:41.975 [info] Got 1 sessions for ...
2025-12-04 20:30:42.023 [info] Getting sessions for read:user,repo,user:email,workflow...
2025-12-04 20:30:42.023 [info] Got 0 sessions for read:user,repo,user:email,workflow...
2025-12-04 20:30:42.024 [info] Getting sessions for user:email...
2025-12-04 20:30:42.024 [info] Got 1 sessions for user:email...
2025-12-04 20:30:42.025 [info] Getting sessions for read:user,repo,user:email,workflow...
2025-12-04 20:30:42.025 [info] Got 0 sessions for read:user,repo,user:email,workflow...
2025-12-04 20:30:42.031 [info] Getting sessions for all scopes...
2025-12-04 20:30:42.031 [info] Got 1 sessions for ...
2025-12-04 20:30:42.032 [info] Getting sessions for read:user,repo,user:email,workflow...
2025-12-04 20:30:42.032 [info] Got 0 sessions for read:user,repo,user:email,workflow...
2025-12-04 20:30:42.032 [info] Getting sessions for user:email...
2025-12-04 20:30:42.032 [info] Got 1 sessions for user:email...
2025-12-04 20:30:42.246 [info] Getting sessions for all scopes...
2025-12-04 20:30:42.246 [info] Got 1 sessions for ...
2025-12-04 20:30:42.344 [info] Getting sessions for all scopes...
2025-12-04 20:30:42.344 [info] Got 1 sessions for ...
2025-12-04 20:30:42.349 [info] Getting sessions for read:user,repo,user:email,workflow...
2025-12-04 20:30:42.349 [info] Got 0 sessions for read:user,repo,user:email,workflow...
2025-12-04 20:30:42.458 [info] Getting sessions for user:email...
2025-12-04 20:30:42.458 [info] Got 1 sessions for user:email...
2025-12-04 20:30:42.460 [info] Getting sessions for read:user,repo,user:email,workflow...
2025-12-04 20:30:42.460 [info] Got 0 sessions for read:user,repo,user:email,workflow...
2025-12-04 20:30:42.730 [info] Getting sessions for all scopes...
2025-12-04 20:30:42.730 [info] Got 1 sessions for ...
2025-12-04 20:30:42.730 [info] Getting sessions for all scopes...
2025-12-04 20:30:42.730 [info] Got 1 sessions for ...
2025-12-04 20:30:42.758 [info] Getting sessions for read:user,repo,user:email,workflow...
2025-12-04 20:30:42.758 [info] Got 0 sessions for read:user,repo,user:email,workflow...
2025-12-04 20:30:42.758 [info] Getting sessions for user:email...
2025-12-04 20:30:42.758 [info] Got 1 sessions for user:email...
2025-12-04 20:30:42.758 [info] Getting sessions for read:user,repo,user:email,workflow...
2025-12-04 20:30:42.758 [info] Got 0 sessions for read:user,repo,user:email,workflow...
2025-12-04 20:30:42.805 [info] Getting sessions for all scopes...
2025-12-04 20:30:42.805 [info] Got 1 sessions for ...
2025-12-04 20:30:42.805 [info] Getting sessions for all scopes...
2025-12-04 20:30:42.806 [info] Got 1 sessions for ...
2025-12-04 20:30:42.806 [info] Getting sessions for all scopes...
2025-12-04 20:30:42.806 [info] Got 1 sessions for ...
2025-12-04 20:30:42.806 [info] Getting sessions for all scopes...
2025-12-04 20:30:42.806 [info] Got 1 sessions for ...
2025-12-04 20:30:42.807 [info] Getting sessions for read:user,repo,user:email,workflow...
2025-12-04 20:30:42.807 [info] Got 0 sessions for read:user,repo,user:email,workflow...
2025-12-04 20:30:42.808 [info] Getting sessions for user:email...
2025-12-04 20:30:42.808 [info] Got 1 sessions for user:email...
2025-12-04 20:30:42.808 [info] Getting sessions for read:user,repo,user:email,workflow...
2025-12-04 20:30:42.808 [info] Got 0 sessions for read:user,repo,user:email,workflow...
2025-12-04 20:30:42.809 [info] Getting sessions for all scopes...
2025-12-04 20:30:42.809 [info] Got 1 sessions for ...
2025-12-04 20:30:42.809 [info] Getting sessions for read:user,repo,user:email,workflow...
2025-12-04 20:30:42.809 [info] Got 0 sessions for read:user,repo,user:email,workflow...
2025-12-04 20:30:42.810 [info] Getting sessions for user:email...
2025-12-04 20:30:42.810 [info] Got 1 sessions for user:email...
