2025-11-08 10:38:41.575 [error] Error: Unable to read file '/home/blueflowers/.vscode/extensions/local.dynamic-base16-dankshell-0.0.1/package.json' (Error: Unable to resolve nonexistent file '/home/blueflowers/.vscode/extensions/local.dynamic-base16-dankshell-0.0.1/package.json')
    at Kh.G (file:///opt/visual-studio-code/resources/app/out/vs/code/electron-utility/sharedProcess/sharedProcessMain.js:74:89877)
    at Kh.F (file:///opt/visual-studio-code/resources/app/out/vs/code/electron-utility/sharedProcess/sharedProcessMain.js:74:89702)
    at async Kh.D (file:///opt/visual-studio-code/resources/app/out/vs/code/electron-utility/sharedProcess/sharedProcessMain.js:74:89074)
    at async $a.u (file:///opt/visual-studio-code/resources/app/out/vs/code/electron-utility/sharedProcess/sharedProcessMain.js:74:45884)
    at async $a.scanExtension (file:///opt/visual-studio-code/resources/app/out/vs/code/electron-utility/sharedProcess/sharedProcessMain.js:74:44391)
    at async Promise.all (index 13)
    at async $a.r (file:///opt/visual-studio-code/resources/app/out/vs/code/electron-utility/sharedProcess/sharedProcessMain.js:74:42817)
    at async Sf.scanAllUserExtensions (file:///opt/visual-studio-code/resources/app/out/vs/code/electron-utility/sharedProcess/sharedProcessMain.js:74:35677)
    at async Wh.I (file:///opt/visual-studio-code/resources/app/out/vs/code/electron-utility/sharedProcess/sharedProcessMain.js:74:76324)
    at async Wh.cleanUp (file:///opt/visual-studio-code/resources/app/out/vs/code/electron-utility/sharedProcess/sharedProcessMain.js:74:69176)
    at async qh.cleanUp (file:///opt/visual-studio-code/resources/app/out/vs/code/electron-utility/sharedProcess/sharedProcessMain.js:74:63578)
2025-11-08 10:38:41.598 [error] Error: Unable to read file '/home/blueflowers/.vscode/extensions/local.dynamic-base16-dankshell-0.0.1/package.json' (Error: Unable to resolve nonexistent file '/home/blueflowers/.vscode/extensions/local.dynamic-base16-dankshell-0.0.1/package.json')
    at Kh.G (file:///opt/visual-studio-code/resources/app/out/vs/code/electron-utility/sharedProcess/sharedProcessMain.js:74:89877)
    at Kh.F (file:///opt/visual-studio-code/resources/app/out/vs/code/electron-utility/sharedProcess/sharedProcessMain.js:74:89702)
    at async Kh.D (file:///opt/visual-studio-code/resources/app/out/vs/code/electron-utility/sharedProcess/sharedProcessMain.js:74:89074)
    at async $a.u (file:///opt/visual-studio-code/resources/app/out/vs/code/electron-utility/sharedProcess/sharedProcessMain.js:74:45884)
    at async $a.scanExtension (file:///opt/visual-studio-code/resources/app/out/vs/code/electron-utility/sharedProcess/sharedProcessMain.js:74:44391)
    at async Promise.all (index 13)
    at async $a.r (file:///opt/visual-studio-code/resources/app/out/vs/code/electron-utility/sharedProcess/sharedProcessMain.js:74:42817)
    at async Sf.scanAllUserExtensions (file:///opt/visual-studio-code/resources/app/out/vs/code/electron-utility/sharedProcess/sharedProcessMain.js:74:35677)
    at async Wh.scanAllUserExtensions (file:///opt/visual-studio-code/resources/app/out/vs/code/electron-utility/sharedProcess/sharedProcessMain.js:74:69775)
    at async G9.H (file:///opt/visual-studio-code/resources/app/out/vs/code/electron-utility/sharedProcess/sharedProcessMain.js:74:59589)
    at async G9.s (file:///opt/visual-studio-code/resources/app/out/vs/code/electron-utility/sharedProcess/sharedProcessMain.js:74:57484)
