2025-11-08 09:33:23.485 [info] Reading sessions from keychain...
2025-11-08 09:33:23.485 [info] Got stored sessions!
2025-11-08 09:33:23.485 [info] Got 1 verified sessions.
2025-11-08 09:33:23.485 [info] Getting sessions for all scopes...
2025-11-08 09:33:23.485 [info] Got 1 sessions for ...
2025-11-08 09:33:23.485 [info] Getting sessions for all scopes...
2025-11-08 09:33:23.485 [info] Got 1 sessions for ...
2025-11-08 09:33:23.485 [info] Getting sessions for all scopes...
2025-11-08 09:33:23.485 [info] Got 1 sessions for ...
2025-11-08 09:33:23.485 [info] Getting sessions for all scopes...
2025-11-08 09:33:23.485 [info] Got 1 sessions for ...
2025-11-08 09:33:23.485 [info] Getting sessions for all scopes...
2025-11-08 09:33:23.485 [info] Got 1 sessions for ...
2025-11-08 09:33:23.485 [info] Getting sessions for all scopes...
2025-11-08 09:33:23.485 [info] Got 1 sessions for ...
2025-11-08 09:33:23.485 [info] Getting sessions for all scopes...
2025-11-08 09:33:23.485 [info] Got 1 sessions for ...
2025-11-08 09:33:23.485 [info] Getting sessions for all scopes...
2025-11-08 09:33:23.485 [info] Got 1 sessions for ...
2025-11-08 09:33:23.485 [info] Getting sessions for all scopes...
2025-11-08 09:33:23.485 [info] Got 1 sessions for ...
2025-11-08 09:33:23.485 [info] Getting sessions for all scopes...
2025-11-08 09:33:23.485 [info] Got 1 sessions for ...
2025-11-08 09:33:23.485 [info] Getting sessions for all scopes...
2025-11-08 09:33:23.485 [info] Got 1 sessions for ...
2025-11-08 09:33:23.485 [info] Getting sessions for all scopes...
2025-11-08 09:33:23.485 [info] Got 1 sessions for ...
2025-11-08 09:33:23.485 [info] Getting sessions for all scopes...
2025-11-08 09:33:23.485 [info] Got 1 sessions for ...
2025-11-08 09:33:23.485 [info] Getting sessions for all scopes...
2025-11-08 09:33:23.485 [info] Got 1 sessions for ...
2025-11-08 09:33:23.485 [info] Getting sessions for all scopes...
2025-11-08 09:33:23.485 [info] Got 1 sessions for ...
2025-11-08 09:33:23.485 [info] Getting sessions for all scopes...
2025-11-08 09:33:23.485 [info] Got 1 sessions for ...
2025-11-08 09:33:23.485 [info] Getting sessions for all scopes...
2025-11-08 09:33:23.485 [info] Got 1 sessions for ...
2025-11-08 09:33:23.485 [info] Getting sessions for all scopes...
2025-11-08 09:33:23.485 [info] Got 1 sessions for ...
2025-11-08 09:33:23.485 [info] Getting sessions for read:user,repo,user:email,workflow...
2025-11-08 09:33:23.485 [info] Got 0 sessions for read:user,repo,user:email,workflow...
2025-11-08 09:33:23.492 [info] Getting sessions for user:email...
2025-11-08 09:33:23.492 [info] Got 1 sessions for user:email...
2025-11-08 09:33:23.492 [info] Getting sessions for read:user,repo,user:email,workflow...
2025-11-08 09:33:23.492 [info] Got 0 sessions for read:user,repo,user:email,workflow...
2025-11-08 09:33:23.497 [info] Getting sessions for all scopes...
2025-11-08 09:33:23.497 [info] Got 1 sessions for ...
2025-11-08 09:33:23.498 [info] Getting sessions for read:user,repo,user:email,workflow...
2025-11-08 09:33:23.498 [info] Got 0 sessions for read:user,repo,user:email,workflow...
2025-11-08 09:33:23.498 [info] Getting sessions for user:email...
2025-11-08 09:33:23.498 [info] Got 1 sessions for user:email...
2025-11-08 09:33:25.564 [info] Getting sessions for all scopes...
2025-11-08 09:33:25.564 [info] Got 1 sessions for ...
2025-11-08 09:33:25.564 [info] Getting sessions for all scopes...
2025-11-08 09:33:25.564 [info] Got 1 sessions for ...
2025-11-08 09:33:25.565 [info] Getting sessions for all scopes...
2025-11-08 09:33:25.565 [info] Got 1 sessions for ...
2025-11-08 09:33:25.636 [info] Getting sessions for all scopes...
2025-11-08 09:33:25.636 [info] Got 1 sessions for ...
2025-11-08 09:33:26.221 [info] Getting sessions for all scopes...
2025-11-08 09:33:26.221 [info] Got 1 sessions for ...
2025-11-08 09:33:26.505 [info] Getting sessions for read:user,repo,user:email,workflow...
2025-11-08 09:33:26.505 [info] Got 0 sessions for read:user,repo,user:email,workflow...
2025-11-08 09:33:26.506 [info] FetcherService: Electron fetch failed with status: 429 
2025-11-08 09:33:26.507 [info] Getting sessions for all scopes...
2025-11-08 09:33:26.507 [info] Got 1 sessions for ...
2025-11-08 09:33:26.530 [info] Getting sessions for all scopes...
2025-11-08 09:33:26.530 [info] Got 1 sessions for ...
2025-11-08 09:33:26.530 [info] Getting sessions for read:user,repo,user:email,workflow...
2025-11-08 09:33:26.530 [info] Got 0 sessions for read:user,repo,user:email,workflow...
2025-11-08 09:33:26.538 [info] Getting sessions for user:email...
2025-11-08 09:33:26.538 [info] Got 1 sessions for user:email...
2025-11-08 09:33:26.538 [info] Getting sessions for read:user,repo,user:email,workflow...
2025-11-08 09:33:26.538 [info] Got 0 sessions for read:user,repo,user:email,workflow...
2025-11-08 09:33:26.608 [info] Getting sessions for read:user...
2025-11-08 09:33:26.608 [info] Got 0 sessions for read:user...
2025-11-08 09:33:26.761 [info] Getting sessions for all scopes...
2025-11-08 09:33:26.761 [info] Got 1 sessions for ...
2025-11-08 09:33:26.762 [info] Getting sessions for all scopes...
2025-11-08 09:33:26.762 [info] Got 1 sessions for ...
2025-11-08 09:33:26.762 [info] Getting sessions for all scopes...
2025-11-08 09:33:26.762 [info] Got 1 sessions for ...
2025-11-08 09:33:26.768 [info] Getting sessions for all scopes...
2025-11-08 09:33:26.768 [info] Got 1 sessions for ...
2025-11-08 09:33:26.769 [info] Getting sessions for user:email...
2025-11-08 09:33:26.769 [info] Got 1 sessions for user:email...
2025-11-08 09:33:26.771 [info] Getting sessions for read:user,repo,user:email,workflow...
2025-11-08 09:33:26.771 [info] Got 0 sessions for read:user,repo,user:email,workflow...
2025-11-08 09:33:26.847 [info] Getting sessions for user:email...
2025-11-08 09:33:26.847 [info] Got 1 sessions for user:email...
2025-11-08 09:33:26.848 [info] Getting sessions for read:user,repo,user:email,workflow...
2025-11-08 09:33:26.848 [info] Got 0 sessions for read:user,repo,user:email,workflow...
2025-11-08 09:33:26.925 [info] Getting sessions for read:user,repo,user:email,workflow...
2025-11-08 09:33:26.925 [info] Got 0 sessions for read:user,repo,user:email,workflow...
2025-11-08 09:33:26.926 [info] Getting sessions for all scopes...
2025-11-08 09:33:26.926 [info] Got 1 sessions for ...
2025-11-08 09:33:26.935 [info] Getting sessions for read:user,repo,user:email,workflow...
2025-11-08 09:33:26.935 [info] Got 0 sessions for read:user,repo,user:email,workflow...
2025-11-08 09:33:26.936 [info] Getting sessions for user:email...
2025-11-08 09:33:26.936 [info] Got 1 sessions for user:email...
2025-11-08 09:33:27.424 [info] FetcherService: Node fetch failed with status: 429 Too Many Requests
2025-11-08 09:33:28.116 [info] Getting sessions for all scopes...
2025-11-08 09:33:28.116 [info] Got 1 sessions for ...
2025-11-08 09:33:28.147 [info] FetcherService: Node http/s failed with status: 429 Too Many Requests
2025-11-08 09:33:38.077 [info] Reading sessions from keychain...
2025-11-08 09:33:38.077 [info] Getting sessions for all scopes...
2025-11-08 09:33:38.077 [info] Got stored sessions!
2025-11-08 09:33:38.078 [info] Got 1 verified sessions.
2025-11-08 09:33:38.078 [info] Got 1 sessions for ...
2025-11-08 09:33:38.078 [info] Getting sessions for all scopes...
2025-11-08 09:33:38.078 [info] Got 1 sessions for ...
2025-11-08 09:33:38.078 [info] Getting sessions for all scopes...
2025-11-08 09:33:38.078 [info] Got 1 sessions for ...
2025-11-08 09:33:38.078 [info] Getting sessions for all scopes...
2025-11-08 09:33:38.078 [info] Got 1 sessions for ...
2025-11-08 09:33:38.078 [info] Getting sessions for all scopes...
2025-11-08 09:33:38.078 [info] Got 1 sessions for ...
2025-11-08 09:33:38.078 [info] Getting sessions for all scopes...
2025-11-08 09:33:38.078 [info] Got 1 sessions for ...
2025-11-08 09:33:38.078 [info] Getting sessions for all scopes...
2025-11-08 09:33:38.078 [info] Got 1 sessions for ...
2025-11-08 09:33:38.078 [info] Getting sessions for all scopes...
2025-11-08 09:33:38.078 [info] Got 1 sessions for ...
2025-11-08 09:33:38.078 [info] Getting sessions for all scopes...
2025-11-08 09:33:38.078 [info] Got 1 sessions for ...
2025-11-08 09:33:39.186 [info] Getting sessions for all scopes...
2025-11-08 09:33:39.186 [info] Got 1 sessions for ...
2025-11-08 09:33:39.186 [info] Getting sessions for all scopes...
2025-11-08 09:33:39.186 [info] Got 1 sessions for ...
2025-11-08 09:33:39.186 [info] Getting sessions for all scopes...
2025-11-08 09:33:39.186 [info] Got 1 sessions for ...
2025-11-08 09:33:39.187 [info] Getting sessions for all scopes...
2025-11-08 09:33:39.187 [info] Got 1 sessions for ...
2025-11-08 09:33:39.195 [info] Getting sessions for all scopes...
2025-11-08 09:33:39.195 [info] Got 1 sessions for ...
2025-11-08 09:33:39.195 [info] Getting sessions for all scopes...
2025-11-08 09:33:39.195 [info] Got 1 sessions for ...
2025-11-08 09:33:39.196 [info] Getting sessions for all scopes...
2025-11-08 09:33:39.196 [info] Got 1 sessions for ...
2025-11-08 09:33:39.196 [info] Getting sessions for all scopes...
2025-11-08 09:33:39.196 [info] Got 1 sessions for ...
2025-11-08 09:33:39.273 [info] Getting sessions for all scopes...
2025-11-08 09:33:39.273 [info] Got 1 sessions for ...
2025-11-08 09:33:39.613 [info] Getting sessions for all scopes...
2025-11-08 09:33:39.613 [info] Got 1 sessions for ...
2025-11-08 09:33:39.613 [info] Getting sessions for all scopes...
2025-11-08 09:33:39.613 [info] Got 1 sessions for ...
2025-11-08 09:33:39.613 [info] Getting sessions for all scopes...
2025-11-08 09:33:39.613 [info] Got 1 sessions for ...
2025-11-08 09:33:39.801 [info] FetcherService: Electron fetch failed with status: 429 
2025-11-08 09:33:39.827 [info] Getting sessions for read:user,repo,user:email,workflow...
2025-11-08 09:33:39.828 [info] Got 0 sessions for read:user,repo,user:email,workflow...
2025-11-08 09:33:41.530 [info] Getting sessions for all scopes...
2025-11-08 09:33:41.530 [info] Got 1 sessions for ...
2025-11-08 09:33:41.530 [info] Getting sessions for user:email...
2025-11-08 09:33:41.530 [info] Got 1 sessions for user:email...
2025-11-08 09:33:41.530 [info] Getting sessions for read:user,repo,user:email,workflow...
2025-11-08 09:33:41.530 [info] Got 0 sessions for read:user,repo,user:email,workflow...
2025-11-08 09:33:41.937 [info] Getting sessions for all scopes...
2025-11-08 09:33:41.937 [info] Got 1 sessions for ...
2025-11-08 09:33:42.048 [info] Getting sessions for user:email...
2025-11-08 09:33:42.048 [info] Got 1 sessions for user:email...
2025-11-08 09:33:42.258 [info] Getting sessions for all scopes...
2025-11-08 09:33:42.258 [info] Got 1 sessions for ...
2025-11-08 09:33:42.263 [info] Getting sessions for all scopes...
2025-11-08 09:33:42.263 [info] Got 1 sessions for ...
2025-11-08 09:33:42.263 [info] Getting sessions for read:user,repo,user:email,workflow...
2025-11-08 09:33:42.263 [info] Got 0 sessions for read:user,repo,user:email,workflow...
2025-11-08 09:33:42.483 [info] Getting sessions for read:user...
2025-11-08 09:33:42.483 [info] Got 0 sessions for read:user...
2025-11-08 09:33:42.484 [info] FetcherService: Node fetch failed with status: 429 Too Many Requests
2025-11-08 09:33:42.537 [info] Getting sessions for user:email...
2025-11-08 09:33:42.537 [info] Got 1 sessions for user:email...
2025-11-08 09:33:42.597 [info] Getting sessions for read:user,repo,user:email,workflow...
2025-11-08 09:33:42.597 [info] Got 0 sessions for read:user,repo,user:email,workflow...
2025-11-08 09:33:42.715 [info] Getting sessions for all scopes...
2025-11-08 09:33:42.715 [info] Got 1 sessions for ...
2025-11-08 09:33:42.715 [info] Getting sessions for all scopes...
2025-11-08 09:33:42.715 [info] Got 1 sessions for ...
2025-11-08 09:33:42.722 [info] Getting sessions for read:user,repo,user:email,workflow...
2025-11-08 09:33:42.722 [info] Got 0 sessions for read:user,repo,user:email,workflow...
2025-11-08 09:33:42.743 [info] Getting sessions for user:email...
2025-11-08 09:33:42.743 [info] Got 1 sessions for user:email...
2025-11-08 09:33:42.743 [info] Getting sessions for read:user,repo,user:email,workflow...
2025-11-08 09:33:42.743 [info] Got 0 sessions for read:user,repo,user:email,workflow...
2025-11-08 09:33:42.805 [info] Getting sessions for all scopes...
2025-11-08 09:33:42.805 [info] Got 1 sessions for ...
2025-11-08 09:33:42.806 [info] Getting sessions for all scopes...
2025-11-08 09:33:42.806 [info] Got 1 sessions for ...
2025-11-08 09:33:42.806 [info] Getting sessions for all scopes...
2025-11-08 09:33:42.806 [info] Got 1 sessions for ...
2025-11-08 09:33:42.813 [info] Getting sessions for all scopes...
2025-11-08 09:33:42.813 [info] Got 1 sessions for ...
2025-11-08 09:33:42.826 [info] Getting sessions for read:user,repo,user:email,workflow...
2025-11-08 09:33:42.826 [info] Got 0 sessions for read:user,repo,user:email,workflow...
2025-11-08 09:33:42.876 [info] Getting sessions for user:email...
2025-11-08 09:33:42.876 [info] Got 1 sessions for user:email...
2025-11-08 09:33:42.878 [info] Getting sessions for read:user,repo,user:email,workflow...
2025-11-08 09:33:42.878 [info] Got 0 sessions for read:user,repo,user:email,workflow...
2025-11-08 09:33:42.881 [info] Getting sessions for all scopes...
2025-11-08 09:33:42.881 [info] Got 1 sessions for ...
2025-11-08 09:33:42.882 [info] Getting sessions for read:user,repo,user:email,workflow...
2025-11-08 09:33:42.882 [info] Got 0 sessions for read:user,repo,user:email,workflow...
2025-11-08 09:33:42.894 [info] Getting sessions for user:email...
2025-11-08 09:33:42.894 [info] Got 1 sessions for user:email...
2025-11-08 09:33:42.934 [info] Getting sessions for all scopes...
2025-11-08 09:33:42.934 [info] Got 1 sessions for ...
2025-11-08 09:33:43.164 [info] Getting sessions for all scopes...
2025-11-08 09:33:43.164 [info] Got 1 sessions for ...
2025-11-08 09:33:43.240 [info] FetcherService: Node http/s failed with status: 429 Too Many Requests
2025-11-08 09:55:01.692 [info] Getting sessions for all scopes...
2025-11-08 09:55:01.692 [info] Got 1 sessions for ...
2025-11-08 09:55:01.692 [info] Getting sessions for read:user,repo,user:email,workflow...
2025-11-08 09:55:01.692 [info] Got 0 sessions for read:user,repo,user:email,workflow...
2025-11-08 09:55:01.693 [info] Getting sessions for user:email...
2025-11-08 09:55:01.693 [info] Got 1 sessions for user:email...
2025-11-08 09:55:02.626 [info] Getting sessions for all scopes...
2025-11-08 09:55:02.627 [info] Got 1 sessions for ...
2025-11-08 09:55:02.627 [info] Getting sessions for all scopes...
2025-11-08 09:55:02.627 [info] Got 1 sessions for ...
2025-11-08 09:55:02.631 [info] Getting sessions for read:user,repo,user:email,workflow...
2025-11-08 09:55:02.631 [info] Got 0 sessions for read:user,repo,user:email,workflow...
2025-11-08 09:55:02.631 [info] Getting sessions for user:email...
2025-11-08 09:55:02.631 [info] Got 1 sessions for user:email...
2025-11-08 09:55:02.632 [info] Getting sessions for read:user,repo,user:email,workflow...
2025-11-08 09:55:02.632 [info] Got 0 sessions for read:user,repo,user:email,workflow...
2025-11-08 09:55:02.638 [info] Getting sessions for all scopes...
2025-11-08 09:55:02.638 [info] Got 1 sessions for ...
2025-11-08 09:55:02.642 [info] Getting sessions for read:user,repo,user:email,workflow...
2025-11-08 09:55:02.642 [info] Got 0 sessions for read:user,repo,user:email,workflow...
2025-11-08 09:55:02.642 [info] Getting sessions for read:user,repo,user:email,workflow...
2025-11-08 09:55:02.642 [info] Got 0 sessions for read:user,repo,user:email,workflow...
2025-11-08 09:55:02.643 [info] Getting sessions for all scopes...
2025-11-08 09:55:02.643 [info] Got 1 sessions for ...
2025-11-08 09:55:02.643 [info] Getting sessions for read:user,repo,user:email,workflow...
2025-11-08 09:55:02.643 [info] Got 0 sessions for read:user,repo,user:email,workflow...
2025-11-08 09:55:02.644 [info] Getting sessions for user:email...
2025-11-08 09:55:02.644 [info] Got 1 sessions for user:email...
2025-11-08 10:05:03.746 [info] Getting sessions for read:user,repo,user:email,workflow...
2025-11-08 10:05:03.746 [info] Got 0 sessions for read:user,repo,user:email,workflow...
2025-11-08 10:05:03.747 [info] Getting sessions for read:user...
2025-11-08 10:05:03.747 [info] Got 0 sessions for read:user...
2025-11-08 10:05:03.748 [info] Getting sessions for user:email...
2025-11-08 10:05:03.748 [info] Got 1 sessions for user:email...
2025-11-08 10:16:35.394 [info] Getting sessions for all scopes...
2025-11-08 10:16:35.394 [info] Got 1 sessions for ...
2025-11-08 10:16:35.395 [info] Getting sessions for read:user,repo,user:email,workflow...
2025-11-08 10:16:35.395 [info] Got 0 sessions for read:user,repo,user:email,workflow...
2025-11-08 10:16:35.395 [info] Getting sessions for user:email...
2025-11-08 10:16:35.395 [info] Got 1 sessions for user:email...
2025-11-08 10:16:35.933 [info] Getting sessions for all scopes...
2025-11-08 10:16:35.933 [info] Got 1 sessions for ...
2025-11-08 10:16:35.933 [info] Getting sessions for all scopes...
2025-11-08 10:16:35.933 [info] Got 1 sessions for ...
2025-11-08 10:16:35.934 [info] Getting sessions for read:user,repo,user:email,workflow...
2025-11-08 10:16:35.934 [info] Got 0 sessions for read:user,repo,user:email,workflow...
2025-11-08 10:16:35.935 [info] Getting sessions for user:email...
2025-11-08 10:16:35.935 [info] Got 1 sessions for user:email...
2025-11-08 10:16:35.935 [info] Getting sessions for read:user,repo,user:email,workflow...
2025-11-08 10:16:35.935 [info] Got 0 sessions for read:user,repo,user:email,workflow...
2025-11-08 10:16:35.938 [info] Getting sessions for all scopes...
2025-11-08 10:16:35.938 [info] Got 1 sessions for ...
2025-11-08 10:16:35.939 [info] Getting sessions for read:user,repo,user:email,workflow...
2025-11-08 10:16:35.939 [info] Got 0 sessions for read:user,repo,user:email,workflow...
2025-11-08 10:16:35.939 [info] Getting sessions for read:user,repo,user:email,workflow...
2025-11-08 10:16:35.939 [info] Got 0 sessions for read:user,repo,user:email,workflow...
2025-11-08 10:16:35.940 [info] Getting sessions for all scopes...
2025-11-08 10:16:35.940 [info] Got 1 sessions for ...
2025-11-08 10:16:35.940 [info] Getting sessions for read:user,repo,user:email,workflow...
2025-11-08 10:16:35.940 [info] Got 0 sessions for read:user,repo,user:email,workflow...
2025-11-08 10:16:35.942 [info] Getting sessions for user:email...
2025-11-08 10:16:35.942 [info] Got 1 sessions for user:email...
