2025-11-08 10:51:45.047 [info] Reading sessions from keychain...
2025-11-08 10:51:45.047 [info] Getting sessions for all scopes...
2025-11-08 10:51:45.047 [info] Got stored sessions!
2025-11-08 10:51:45.047 [info] Got 1 verified sessions.
2025-11-08 10:51:45.047 [info] Got 1 sessions for ...
2025-11-08 10:51:45.047 [info] Getting sessions for all scopes...
2025-11-08 10:51:45.047 [info] Got 1 sessions for ...
2025-11-08 10:51:45.047 [info] Getting sessions for all scopes...
2025-11-08 10:51:45.047 [info] Got 1 sessions for ...
2025-11-08 10:51:45.047 [info] Getting sessions for all scopes...
2025-11-08 10:51:45.047 [info] Got 1 sessions for ...
2025-11-08 10:51:45.047 [info] Getting sessions for all scopes...
2025-11-08 10:51:45.047 [info] Got 1 sessions for ...
2025-11-08 10:51:45.047 [info] Getting sessions for all scopes...
2025-11-08 10:51:45.047 [info] Got 1 sessions for ...
2025-11-08 10:51:45.047 [info] Getting sessions for all scopes...
2025-11-08 10:51:45.047 [info] Got 1 sessions for ...
2025-11-08 10:51:45.047 [info] Getting sessions for all scopes...
2025-11-08 10:51:45.047 [info] Got 1 sessions for ...
2025-11-08 10:51:45.047 [info] Getting sessions for all scopes...
2025-11-08 10:51:45.047 [info] Got 1 sessions for ...
2025-11-08 10:51:45.047 [info] Getting sessions for all scopes...
2025-11-08 10:51:45.047 [info] Got 1 sessions for ...
2025-11-08 10:51:45.047 [info] Getting sessions for all scopes...
2025-11-08 10:51:45.047 [info] Got 1 sessions for ...
2025-11-08 10:51:45.047 [info] Getting sessions for all scopes...
2025-11-08 10:51:45.047 [info] Got 1 sessions for ...
2025-11-08 10:51:45.047 [info] Getting sessions for all scopes...
2025-11-08 10:51:45.047 [info] Got 1 sessions for ...
2025-11-08 10:51:45.047 [info] Getting sessions for all scopes...
2025-11-08 10:51:45.047 [info] Got 1 sessions for ...
2025-11-08 10:51:45.047 [info] Getting sessions for all scopes...
2025-11-08 10:51:45.047 [info] Got 1 sessions for ...
2025-11-08 10:51:45.047 [info] Getting sessions for all scopes...
2025-11-08 10:51:45.047 [info] Got 1 sessions for ...
2025-11-08 10:51:45.047 [info] Getting sessions for all scopes...
2025-11-08 10:51:45.047 [info] Got 1 sessions for ...
2025-11-08 10:51:45.047 [info] Getting sessions for all scopes...
2025-11-08 10:51:45.047 [info] Got 1 sessions for ...
2025-11-08 10:51:45.047 [info] Getting sessions for read:user,repo,user:email,workflow...
2025-11-08 10:51:45.047 [info] Got 0 sessions for read:user,repo,user:email,workflow...
2025-11-08 10:51:46.531 [info] Getting sessions for user:email...
2025-11-08 10:51:46.531 [info] Got 1 sessions for user:email...
2025-11-08 10:51:46.531 [info] Getting sessions for read:user,repo,user:email,workflow...
2025-11-08 10:51:46.531 [info] Got 0 sessions for read:user,repo,user:email,workflow...
2025-11-08 10:51:46.596 [info] Getting sessions for all scopes...
2025-11-08 10:51:46.596 [info] Got 1 sessions for ...
2025-11-08 10:51:46.596 [info] Getting sessions for all scopes...
2025-11-08 10:51:46.596 [info] Got 1 sessions for ...
2025-11-08 10:51:46.596 [info] Getting sessions for all scopes...
2025-11-08 10:51:46.596 [info] Got 1 sessions for ...
2025-11-08 10:51:46.913 [info] Getting sessions for all scopes...
2025-11-08 10:51:46.913 [info] Got 1 sessions for ...
2025-11-08 10:51:46.913 [info] Getting sessions for all scopes...
2025-11-08 10:51:46.913 [info] Got 1 sessions for ...
2025-11-08 10:51:47.253 [info] Getting sessions for read:user,repo,user:email,workflow...
2025-11-08 10:51:47.254 [info] Got 0 sessions for read:user,repo,user:email,workflow...
2025-11-08 10:51:47.269 [info] Getting sessions for all scopes...
2025-11-08 10:51:47.269 [info] Got 1 sessions for ...
2025-11-08 10:51:47.279 [info] Getting sessions for all scopes...
2025-11-08 10:51:47.279 [info] Got 1 sessions for ...
2025-11-08 10:51:47.280 [info] Getting sessions for read:user,repo,user:email,workflow...
2025-11-08 10:51:47.280 [info] Got 0 sessions for read:user,repo,user:email,workflow...
2025-11-08 10:51:47.287 [info] Getting sessions for user:email...
2025-11-08 10:51:47.287 [info] Got 1 sessions for user:email...
2025-11-08 10:51:47.329 [info] Getting sessions for read:user...
2025-11-08 10:51:47.329 [info] Got 0 sessions for read:user...
2025-11-08 10:51:47.494 [info] FetcherService: Electron fetch failed with status: 429 
2025-11-08 10:51:47.524 [info] Getting sessions for user:email...
2025-11-08 10:51:47.524 [info] Got 1 sessions for user:email...
2025-11-08 10:51:47.701 [info] Getting sessions for read:user,repo,user:email,workflow...
2025-11-08 10:51:47.701 [info] Got 0 sessions for read:user,repo,user:email,workflow...
2025-11-08 10:51:47.734 [info] Getting sessions for all scopes...
2025-11-08 10:51:47.734 [info] Got 1 sessions for ...
2025-11-08 10:51:47.735 [info] Getting sessions for all scopes...
2025-11-08 10:51:47.735 [info] Got 1 sessions for ...
2025-11-08 10:51:47.749 [info] Getting sessions for read:user,repo,user:email,workflow...
2025-11-08 10:51:47.749 [info] Got 0 sessions for read:user,repo,user:email,workflow...
2025-11-08 10:51:47.758 [info] Getting sessions for user:email...
2025-11-08 10:51:47.758 [info] Got 1 sessions for user:email...
2025-11-08 10:51:47.758 [info] Getting sessions for read:user,repo,user:email,workflow...
2025-11-08 10:51:47.758 [info] Got 0 sessions for read:user,repo,user:email,workflow...
2025-11-08 10:51:47.821 [info] Getting sessions for all scopes...
2025-11-08 10:51:47.821 [info] Got 1 sessions for ...
2025-11-08 10:51:47.822 [info] Getting sessions for all scopes...
2025-11-08 10:51:47.822 [info] Got 1 sessions for ...
2025-11-08 10:51:47.823 [info] Getting sessions for all scopes...
2025-11-08 10:51:47.823 [info] Got 1 sessions for ...
2025-11-08 10:51:47.823 [info] Getting sessions for all scopes...
2025-11-08 10:51:47.823 [info] Got 1 sessions for ...
2025-11-08 10:51:47.833 [info] Getting sessions for read:user,repo,user:email,workflow...
2025-11-08 10:51:47.833 [info] Got 0 sessions for read:user,repo,user:email,workflow...
2025-11-08 10:51:47.871 [info] Getting sessions for user:email...
2025-11-08 10:51:47.871 [info] Got 1 sessions for user:email...
2025-11-08 10:51:47.872 [info] Getting sessions for read:user,repo,user:email,workflow...
2025-11-08 10:51:47.872 [info] Got 0 sessions for read:user,repo,user:email,workflow...
2025-11-08 10:51:47.874 [info] Getting sessions for all scopes...
2025-11-08 10:51:47.874 [info] Got 1 sessions for ...
2025-11-08 10:51:47.887 [info] Getting sessions for all scopes...
2025-11-08 10:51:47.887 [info] Got 1 sessions for ...
2025-11-08 10:51:47.888 [info] Getting sessions for read:user,repo,user:email,workflow...
2025-11-08 10:51:47.888 [info] Got 0 sessions for read:user,repo,user:email,workflow...
2025-11-08 10:51:47.889 [info] Getting sessions for user:email...
2025-11-08 10:51:47.889 [info] Got 1 sessions for user:email...
2025-11-08 10:51:48.249 [info] FetcherService: Node fetch failed with status: 429 Too Many Requests
2025-11-08 10:51:48.886 [info] Getting sessions for all scopes...
2025-11-08 10:51:48.886 [info] Got 1 sessions for ...
2025-11-08 10:51:49.766 [info] FetcherService: Node http/s failed with status: 429 Too Many Requests
