2025-11-08 10:51:57.014 [info] Reading sessions from keychain...
2025-11-08 10:51:57.014 [info] Got stored sessions!
2025-11-08 10:51:57.014 [info] Got 1 verified sessions.
2025-11-08 10:51:57.014 [info] Getting sessions for all scopes...
2025-11-08 10:51:57.014 [info] Got 1 sessions for ...
2025-11-08 10:51:57.014 [info] Getting sessions for all scopes...
2025-11-08 10:51:57.014 [info] Got 1 sessions for ...
2025-11-08 10:51:57.014 [info] Getting sessions for all scopes...
2025-11-08 10:51:57.014 [info] Got 1 sessions for ...
2025-11-08 10:51:57.014 [info] Getting sessions for all scopes...
2025-11-08 10:51:57.014 [info] Got 1 sessions for ...
2025-11-08 10:51:57.014 [info] Getting sessions for all scopes...
2025-11-08 10:51:57.014 [info] Got 1 sessions for ...
2025-11-08 10:51:57.014 [info] Getting sessions for all scopes...
2025-11-08 10:51:57.014 [info] Got 1 sessions for ...
2025-11-08 10:51:57.014 [info] Getting sessions for all scopes...
2025-11-08 10:51:57.014 [info] Got 1 sessions for ...
2025-11-08 10:51:57.014 [info] Getting sessions for all scopes...
2025-11-08 10:51:57.014 [info] Got 1 sessions for ...
2025-11-08 10:51:57.014 [info] Getting sessions for all scopes...
2025-11-08 10:51:57.014 [info] Got 1 sessions for ...
2025-11-08 10:51:57.014 [info] Getting sessions for all scopes...
2025-11-08 10:51:57.014 [info] Got 1 sessions for ...
2025-11-08 10:51:57.014 [info] Getting sessions for all scopes...
2025-11-08 10:51:57.014 [info] Got 1 sessions for ...
2025-11-08 10:51:57.014 [info] Getting sessions for all scopes...
2025-11-08 10:51:57.014 [info] Got 1 sessions for ...
2025-11-08 10:51:57.014 [info] Getting sessions for all scopes...
2025-11-08 10:51:57.014 [info] Got 1 sessions for ...
2025-11-08 10:51:57.014 [info] Getting sessions for all scopes...
2025-11-08 10:51:57.014 [info] Got 1 sessions for ...
2025-11-08 10:51:57.014 [info] Getting sessions for all scopes...
2025-11-08 10:51:57.014 [info] Got 1 sessions for ...
2025-11-08 10:51:57.014 [info] Getting sessions for all scopes...
2025-11-08 10:51:57.014 [info] Got 1 sessions for ...
2025-11-08 10:51:57.014 [info] Getting sessions for all scopes...
2025-11-08 10:51:57.014 [info] Got 1 sessions for ...
2025-11-08 10:51:57.014 [info] Getting sessions for all scopes...
2025-11-08 10:51:57.014 [info] Got 1 sessions for ...
2025-11-08 10:51:57.014 [info] Getting sessions for all scopes...
2025-11-08 10:51:57.014 [info] Got 1 sessions for ...
2025-11-08 10:51:57.014 [info] Getting sessions for all scopes...
2025-11-08 10:51:57.014 [info] Got 1 sessions for ...
2025-11-08 10:51:57.014 [info] Getting sessions for all scopes...
2025-11-08 10:51:57.014 [info] Got 1 sessions for ...
2025-11-08 10:51:57.014 [info] Getting sessions for read:user,repo,user:email,workflow...
2025-11-08 10:51:57.014 [info] Got 0 sessions for read:user,repo,user:email,workflow...
2025-11-08 10:51:58.538 [info] Getting sessions for user:email...
2025-11-08 10:51:58.538 [info] Got 1 sessions for user:email...
2025-11-08 10:51:58.539 [info] Getting sessions for read:user,repo,user:email,workflow...
2025-11-08 10:51:58.539 [info] Got 0 sessions for read:user,repo,user:email,workflow...
2025-11-08 10:51:58.880 [info] Getting sessions for all scopes...
2025-11-08 10:51:58.880 [info] Got 1 sessions for ...
2025-11-08 10:51:58.880 [info] Getting sessions for all scopes...
2025-11-08 10:51:58.880 [info] Got 1 sessions for ...
2025-11-08 10:51:59.238 [info] Getting sessions for all scopes...
2025-11-08 10:51:59.238 [info] Got 1 sessions for ...
2025-11-08 10:51:59.242 [info] Getting sessions for read:user,repo,user:email,workflow...
2025-11-08 10:51:59.242 [info] Got 0 sessions for read:user,repo,user:email,workflow...
2025-11-08 10:51:59.247 [info] Getting sessions for all scopes...
2025-11-08 10:51:59.247 [info] Got 1 sessions for ...
2025-11-08 10:51:59.247 [info] Getting sessions for read:user,repo,user:email,workflow...
2025-11-08 10:51:59.247 [info] Got 0 sessions for read:user,repo,user:email,workflow...
2025-11-08 10:51:59.454 [info] FetcherService: Electron fetch failed with status: 429 
2025-11-08 10:51:59.462 [info] Getting sessions for user:email...
2025-11-08 10:51:59.462 [info] Got 1 sessions for user:email...
2025-11-08 10:51:59.501 [info] Getting sessions for read:user...
2025-11-08 10:51:59.501 [info] Got 0 sessions for read:user...
2025-11-08 10:51:59.533 [info] Getting sessions for user:email...
2025-11-08 10:51:59.533 [info] Got 1 sessions for user:email...
2025-11-08 10:51:59.770 [info] Getting sessions for read:user,repo,user:email,workflow...
2025-11-08 10:51:59.770 [info] Got 0 sessions for read:user,repo,user:email,workflow...
2025-11-08 10:51:59.993 [info] Getting sessions for all scopes...
2025-11-08 10:51:59.993 [info] Got 1 sessions for ...
2025-11-08 10:52:00.222 [info] FetcherService: Node fetch failed with status: 429 Too Many Requests
2025-11-08 10:52:00.324 [info] Getting sessions for all scopes...
2025-11-08 10:52:00.324 [info] Got 1 sessions for ...
2025-11-08 10:52:00.324 [info] Getting sessions for all scopes...
2025-11-08 10:52:00.324 [info] Got 1 sessions for ...
2025-11-08 10:52:00.330 [info] Getting sessions for read:user,repo,user:email,workflow...
2025-11-08 10:52:00.330 [info] Got 0 sessions for read:user,repo,user:email,workflow...
2025-11-08 10:52:00.331 [info] Getting sessions for user:email...
2025-11-08 10:52:00.331 [info] Got 1 sessions for user:email...
2025-11-08 10:52:00.331 [info] Getting sessions for read:user,repo,user:email,workflow...
2025-11-08 10:52:00.331 [info] Got 0 sessions for read:user,repo,user:email,workflow...
2025-11-08 10:52:00.384 [info] Getting sessions for all scopes...
2025-11-08 10:52:00.384 [info] Got 1 sessions for ...
2025-11-08 10:52:00.385 [info] Getting sessions for all scopes...
2025-11-08 10:52:00.385 [info] Got 1 sessions for ...
2025-11-08 10:52:00.385 [info] Getting sessions for all scopes...
2025-11-08 10:52:00.385 [info] Got 1 sessions for ...
2025-11-08 10:52:00.389 [info] Getting sessions for all scopes...
2025-11-08 10:52:00.389 [info] Got 1 sessions for ...
2025-11-08 10:52:00.421 [info] Getting sessions for read:user,repo,user:email,workflow...
2025-11-08 10:52:00.421 [info] Got 0 sessions for read:user,repo,user:email,workflow...
2025-11-08 10:52:00.426 [info] Getting sessions for user:email...
2025-11-08 10:52:00.426 [info] Got 1 sessions for user:email...
2025-11-08 10:52:00.427 [info] Getting sessions for read:user,repo,user:email,workflow...
2025-11-08 10:52:00.427 [info] Got 0 sessions for read:user,repo,user:email,workflow...
2025-11-08 10:52:00.430 [info] Getting sessions for all scopes...
2025-11-08 10:52:00.430 [info] Got 1 sessions for ...
2025-11-08 10:52:00.430 [info] Getting sessions for read:user,repo,user:email,workflow...
2025-11-08 10:52:00.430 [info] Got 0 sessions for read:user,repo,user:email,workflow...
2025-11-08 10:52:00.431 [info] Getting sessions for user:email...
2025-11-08 10:52:00.431 [info] Got 1 sessions for user:email...
2025-11-08 10:52:01.491 [info] Getting sessions for all scopes...
2025-11-08 10:52:01.491 [info] Got 1 sessions for ...
2025-11-08 10:52:01.731 [info] FetcherService: Node http/s failed with status: 429 Too Many Requests
