2025-10-05 06:15:05 Loading main app package /usr/lib/obsidian/obsidian.asar
2025-10-05 06:15:06 Checking for update using Github
2025-10-05 06:15:06 Loading main app package /usr/lib/obsidian/obsidian.asar
2025-10-05 06:15:06 Checking for update using Github
2025-10-05 06:15:06 Loading main app package /usr/lib/obsidian/obsidian.asar
2025-10-05 06:15:06 Success.
2025-10-05 06:15:06 Latest version is 1.9.14
2025-10-05 06:15:06 App is up to date.
2025-10-05 06:15:06 Checking for update using Github
2025-10-05 06:15:06 Loading main app package /usr/lib/obsidian/obsidian.asar
2025-10-05 06:15:06 Checking for update using Github
2025-10-06 06:18:09 Loading main app package /usr/lib/obsidian/obsidian.asar
2025-10-06 06:18:09 Checking for update using Github
2025-10-06 06:18:10 Success.
2025-10-06 06:18:10 Latest version is 1.9.14
2025-10-06 06:18:10 App is up to date.
2025-10-06 08:27:38 Loading main app package /usr/lib/obsidian/obsidian.asar
2025-10-06 08:27:38 Checking for update using Github
2025-10-06 08:27:38 Success.
2025-10-06 08:27:38 Latest version is 1.9.14
2025-10-06 08:27:38 App is up to date.
2025-10-06 08:33:32 Loading main app package /usr/lib/obsidian/obsidian.asar
2025-10-06 08:33:32 Checking for update using Github
2025-10-06 08:33:33 Success.
2025-10-06 08:33:33 Latest version is 1.9.14
2025-10-06 08:33:33 App is up to date.
2025-10-06 08:43:13 Loading main app package /usr/lib/obsidian/obsidian.asar
2025-10-06 08:43:14 Checking for update using Github
2025-10-06 08:43:14 Success.
2025-10-06 08:43:14 Latest version is 1.9.14
2025-10-06 08:43:14 App is up to date.
2025-10-06 08:47:35 Loading main app package /usr/lib/obsidian/obsidian.asar
2025-10-06 08:47:35 Checking for update using Github
2025-10-06 08:47:35 Success.
2025-10-06 08:47:35 Latest version is 1.9.14
2025-10-06 08:47:35 App is up to date.
2025-10-06 14:44:29 Loading main app package /usr/lib/obsidian/obsidian.asar
2025-10-06 14:44:30 Checking for update using Github
2025-10-06 14:44:30 Success.
2025-10-06 14:44:30 Latest version is 1.9.14
2025-10-06 14:44:30 App is up to date.
2025-10-06 15:38:49 Loading main app package /usr/lib/obsidian/obsidian.asar
2025-10-06 15:38:49 Checking for update using Github
2025-10-06 15:38:49 Success.
2025-10-06 15:38:49 Latest version is 1.9.14
2025-10-06 15:38:49 App is up to date.
2025-10-06 16:00:12 Loading main app package /usr/lib/obsidian/obsidian.asar
2025-10-06 16:00:12 Checking for update using Github
2025-10-06 16:00:13 Success.
2025-10-06 16:00:13 Latest version is 1.9.14
2025-10-06 16:00:13 App is up to date.
2025-10-06 23:32:47 Loading main app package /usr/lib/obsidian/obsidian.asar
2025-10-06 23:32:48 Checking for update using Github
2025-10-06 23:32:48 Success.
2025-10-06 23:32:48 Latest version is 1.9.14
2025-10-06 23:32:48 App is up to date.
2025-10-06 23:56:51 Loading main app package /usr/lib/obsidian/obsidian.asar
2025-10-06 23:56:51 Checking for update using Github
2025-10-06 23:56:51 Success.
2025-10-06 23:56:51 Latest version is 1.9.14
2025-10-06 23:56:51 App is up to date.
2025-10-07 02:28:45 Loading main app package /usr/lib/obsidian/obsidian.asar
2025-10-07 02:28:45 Checking for update using Github
2025-10-07 02:28:45 Success.
2025-10-07 02:28:45 Latest version is 1.9.14
2025-10-07 02:28:45 App is up to date.
2025-10-07 03:28:45 Checking for update using Github
2025-10-07 03:28:45 Success.
2025-10-07 03:28:45 Latest version is 1.9.14
2025-10-07 03:28:45 App is up to date.
2025-10-07 03:54:23 Loading main app package /usr/lib/obsidian/obsidian.asar
2025-10-07 03:54:23 Checking for update using Github
2025-10-07 04:31:13 Loading main app package /usr/lib/obsidian/obsidian.asar
2025-10-07 04:31:13 Checking for update using Github
2025-10-07 04:31:13 Success.
2025-10-07 04:31:13 Latest version is 1.9.14
2025-10-07 04:31:13 App is up to date.
2025-10-07 07:17:18 Loading main app package /usr/lib/obsidian/obsidian.asar
2025-10-07 07:17:18 Checking for update using Github
2025-10-07 07:17:19 Success.
2025-10-07 07:17:19 Latest version is 1.9.14
2025-10-07 07:17:19 App is up to date.
2025-10-08 01:37:12 Loading main app package /usr/lib/obsidian/obsidian.asar
2025-10-08 01:37:13 Checking for update using Github
2025-10-08 01:37:13 Loading main app package /usr/lib/obsidian/obsidian.asar
2025-10-08 01:37:13 Checking for update using Github
2025-10-08 01:37:13 Success.
2025-10-08 01:37:13 Latest version is 1.9.14
2025-10-08 01:37:13 App is up to date.
2025-10-08 01:50:10 Loading main app package /usr/lib/obsidian/obsidian.asar
2025-10-08 01:50:10 Checking for update using Github
2025-10-08 01:50:10 Success.
2025-10-08 01:50:10 Latest version is 1.9.14
2025-10-08 01:50:10 App is up to date.
2025-10-08 11:39:15 Loading main app package /usr/lib/obsidian/obsidian.asar
2025-10-08 11:39:15 Checking for update using Github
2025-10-08 11:39:16 Success.
2025-10-08 11:39:16 Latest version is 1.9.14
2025-10-08 11:39:16 App is up to date.
2025-10-08 12:12:29 Loading main app package /usr/lib/obsidian/obsidian.asar
2025-10-08 12:12:29 Checking for update using Github
2025-10-08 12:12:29 Success.
2025-10-08 12:12:29 Latest version is 1.9.14
2025-10-08 12:12:29 App is up to date.
2025-10-08 12:37:34 Loading main app package /usr/lib/obsidian/obsidian.asar
2025-10-08 12:37:34 Checking for update using Github
2025-10-08 12:37:34 Success.
2025-10-08 12:37:34 Latest version is 1.9.14
2025-10-08 12:37:34 App is up to date.
2025-10-08 12:39:31 Loading main app package /usr/lib/obsidian/obsidian.asar
2025-10-08 12:39:32 Checking for update using Github
2025-10-08 12:39:32 Success.
2025-10-08 12:39:32 Latest version is 1.9.14
2025-10-08 12:39:32 App is up to date.
2025-10-09 05:16:54 Loading main app package /usr/lib/obsidian/obsidian.asar
2025-10-09 05:16:55 Checking for update using Github
2025-10-09 05:16:55 Success.
2025-10-09 05:16:55 Latest version is 1.9.14
2025-10-09 05:16:55 App is up to date.
2025-10-09 05:48:25 Loading main app package /usr/lib/obsidian/obsidian.asar
2025-10-09 05:48:25 Checking for update using Github
2025-10-09 05:48:25 Success.
2025-10-09 05:48:25 Latest version is 1.9.14
2025-10-09 05:48:25 App is up to date.
2025-10-10 11:40:09 Loading main app package /usr/lib/obsidian/obsidian.asar
2025-10-10 11:40:10 Checking for update using Github
2025-10-10 11:40:10 Success.
2025-10-10 11:40:10 Latest version is 1.9.14
2025-10-10 11:40:10 App is up to date.
2025-10-10 14:12:56 Loading main app package /usr/lib/obsidian/obsidian.asar
2025-10-10 14:12:56 Checking for update using Github
2025-10-10 14:12:56 Success.
2025-10-10 14:12:56 Latest version is 1.9.14
2025-10-10 14:12:56 App is up to date.
2025-10-10 14:14:04 Loading main app package /usr/lib/obsidian/obsidian.asar
2025-10-10 14:14:04 Checking for update using Github
2025-10-10 14:14:04 Success.
2025-10-10 14:14:04 Latest version is 1.9.14
2025-10-10 14:14:04 App is up to date.
2025-10-10 14:14:05 Loading main app package /usr/lib/obsidian/obsidian.asar
2025-10-10 14:14:05 Checking for update using Github
2025-10-10 14:49:18 Loading main app package /usr/lib/obsidian/obsidian.asar
2025-10-10 14:49:18 Checking for update using Github
2025-10-10 14:49:18 Success.
2025-10-10 14:49:18 Latest version is 1.9.14
2025-10-10 14:49:18 App is up to date.
2025-10-16 05:26:46 Loading main app package /usr/lib/obsidian/obsidian.asar
2025-10-16 05:26:47 Checking for update using Github
2025-10-16 05:26:47 Success.
2025-10-16 05:26:47 Latest version is 1.9.14
2025-10-16 05:26:47 App is up to date.
2025-10-16 05:28:59 Loading main app package /usr/lib/obsidian/obsidian.asar
2025-10-16 05:28:59 Checking for update using Github
2025-10-16 05:28:59 Success.
2025-10-16 05:28:59 Latest version is 1.9.14
2025-10-16 05:28:59 App is up to date.
2025-10-16 05:33:26 Loading main app package /usr/lib/obsidian/obsidian.asar
2025-10-16 05:33:26 Checking for update using Github
2025-10-16 05:33:27 Success.
2025-10-16 05:33:27 Latest version is 1.9.14
2025-10-16 05:33:27 App is up to date.
2025-11-08 02:59:31 Loading main app package /usr/lib/obsidian/obsidian.asar
2025-11-08 02:59:31 Checking for update using Github
2025-11-08 02:59:32 Success.
2025-11-08 02:59:32 Latest version is 1.9.14
2025-11-08 02:59:32 App is up to date.
2025-11-09 11:53:52 Loading main app package /usr/lib/obsidian/obsidian.asar
2025-11-09 11:53:52 Checking for update using Github
2025-11-09 11:53:53 Success.
2025-11-09 11:53:53 Latest version is 1.9.14
2025-11-09 11:53:53 App is up to date.
2025-12-04 12:34:08 Loading main app package /usr/lib/obsidian/obsidian.asar
2025-12-04 12:34:09 Checking for update using Github
2025-12-04 12:34:12 Success.
2025-12-04 12:34:12 Latest version is 1.10.6
2025-12-04 12:34:12 Downloading update from https://github.com/obsidianmd/obsidian-releases/releases/download/v1.10.6/obsidian-1.10.6.asar.gz
2025-12-04 12:34:26 Verifying hash & signature. Size= 9054843
2025-12-04 12:34:26 Saving file
2025-12-04 12:34:26 Update complete.
2025-12-04 12:42:59 Loading updated app package /home/blueflowers/.config/obsidian/obsidian-1.10.6.asar
2025-12-04 12:42:59 Checking for update using Github
2025-12-04 12:42:59 Success.
2025-12-04 12:42:59 Latest version is 1.10.6
2025-12-04 12:42:59 App is up to date.
2026-01-04 12:35:24 Loading main app package /usr/lib/obsidian/obsidian.asar
2026-01-04 12:35:26 Checking for update using Github
2026-01-04 12:35:26 Success.
2026-01-04 12:35:26 Latest version is 1.10.6
2026-01-04 12:35:26 App is up to date.
2026-01-04 12:37:10 Loading main app package /usr/lib/obsidian/obsidian.asar
2026-01-04 12:37:10 Checking for update using Github
2026-01-04 12:37:10 Success.
2026-01-04 12:37:10 Latest version is 1.10.6
2026-01-04 12:37:10 App is up to date.
