2026-01-29 07:40:58.660 [info] [main] Log level: Info
2026-01-29 07:40:58.660 [info] [main] Validating found git in: "git"
2026-01-29 07:40:58.660 [info] [main] Using git "2.52.0" from "git"
2026-01-29 07:40:58.660 [info] [Model][doInitialScan] Initial repository scan started
2026-01-29 07:40:58.660 [info] > git rev-parse --show-toplevel [11ms]
2026-01-29 07:40:58.660 [info] fatal: not a git repository (or any of the parent directories): .git
2026-01-29 07:40:58.660 [info] > git rev-parse --show-toplevel [4ms]
2026-01-29 07:40:58.660 [info] fatal: not a git repository (or any of the parent directories): .git
2026-01-29 07:40:58.660 [info] > git rev-parse --show-toplevel [1ms]
2026-01-29 07:40:58.660 [info] fatal: not a git repository (or any of the parent directories): .git
2026-01-29 07:40:58.660 [info] > git rev-parse --show-toplevel [1ms]
2026-01-29 07:40:58.660 [info] fatal: not a git repository (or any of the parent directories): .git
2026-01-29 07:40:58.685 [info] > git rev-parse --show-toplevel [20ms]
2026-01-29 07:40:58.685 [info] fatal: not a git repository (or any of the parent directories): .git
2026-01-29 07:40:58.692 [info] > git rev-parse --show-toplevel [1ms]
2026-01-29 07:40:58.692 [info] fatal: not a git repository (or any of the parent directories): .git
2026-01-29 07:40:58.698 [info] > git rev-parse --show-toplevel [1ms]
2026-01-29 07:40:58.698 [info] fatal: not a git repository (or any of the parent directories): .git
2026-01-29 07:40:58.704 [info] > git rev-parse --show-toplevel [1ms]
2026-01-29 07:40:58.704 [info] fatal: not a git repository (or any of the parent directories): .git
2026-01-29 07:40:58.712 [info] > git rev-parse --show-toplevel [4ms]
2026-01-29 07:40:58.712 [info] fatal: not a git repository (or any of the parent directories): .git
2026-01-29 07:40:58.996 [info] > git rev-parse --show-toplevel [279ms]
2026-01-29 07:40:58.996 [info] fatal: not a git repository (or any of the parent directories): .git
2026-01-29 07:40:59.300 [info] > git rev-parse --show-toplevel [241ms]
2026-01-29 07:40:59.300 [info] fatal: not a git repository (or any of the parent directories): .git
2026-01-29 07:40:59.314 [info] > git rev-parse --show-toplevel [6ms]
2026-01-29 07:40:59.314 [info] fatal: not a git repository (or any of the parent directories): .git
2026-01-29 07:40:59.324 [info] > git rev-parse --show-toplevel [2ms]
2026-01-29 07:40:59.324 [info] fatal: not a git repository (or any of the parent directories): .git
2026-01-29 07:40:59.330 [info] > git rev-parse --show-toplevel [2ms]
2026-01-29 07:40:59.330 [info] fatal: not a git repository (or any of the parent directories): .git
2026-01-29 07:40:59.368 [info] > git rev-parse --show-toplevel [34ms]
2026-01-29 07:40:59.368 [info] fatal: not a git repository (or any of the parent directories): .git
2026-01-29 07:40:59.550 [info] > git rev-parse --show-toplevel [177ms]
2026-01-29 07:40:59.550 [info] fatal: not a git repository (or any of the parent directories): .git
2026-01-29 07:40:59.617 [info] > git rev-parse --show-toplevel [58ms]
2026-01-29 07:40:59.617 [info] fatal: not a git repository (or any of the parent directories): .git
2026-01-29 07:40:59.637 [info] > git rev-parse --show-toplevel [5ms]
2026-01-29 07:40:59.637 [info] fatal: not a git repository (or any of the parent directories): .git
2026-01-29 07:40:59.651 [info] > git rev-parse --show-toplevel [2ms]
2026-01-29 07:40:59.651 [info] fatal: not a git repository (or any of the parent directories): .git
2026-01-29 07:40:59.666 [info] > git rev-parse --show-toplevel [3ms]
2026-01-29 07:40:59.666 [info] fatal: not a git repository (or any of the parent directories): .git
2026-01-29 07:40:59.677 [info] > git rev-parse --show-toplevel [3ms]
2026-01-29 07:40:59.677 [info] fatal: not a git repository (or any of the parent directories): .git
2026-01-29 07:40:59.744 [info] > git rev-parse --show-toplevel [59ms]
2026-01-29 07:40:59.744 [info] fatal: not a git repository (or any of the parent directories): .git
2026-01-29 07:40:59.770 [info] > git rev-parse --show-toplevel [15ms]
2026-01-29 07:40:59.770 [info] fatal: not a git repository (or any of the parent directories): .git
2026-01-29 07:40:59.794 [info] > git rev-parse --show-toplevel [5ms]
2026-01-29 07:40:59.794 [info] fatal: not a git repository (or any of the parent directories): .git
2026-01-29 07:40:59.804 [info] > git rev-parse --show-toplevel [4ms]
2026-01-29 07:40:59.804 [info] fatal: not a git repository (or any of the parent directories): .git
2026-01-29 07:40:59.826 [info] > git rev-parse --show-toplevel [12ms]
2026-01-29 07:40:59.826 [info] fatal: not a git repository (or any of the parent directories): .git
2026-01-29 07:40:59.833 [info] > git rev-parse --show-toplevel [1ms]
2026-01-29 07:40:59.834 [info] fatal: not a git repository (or any of the parent directories): .git
2026-01-29 07:40:59.841 [info] > git rev-parse --show-toplevel [2ms]
2026-01-29 07:40:59.841 [info] fatal: not a git repository (or any of the parent directories): .git
2026-01-29 07:40:59.842 [info] [Model][doInitialScan] Initial repository scan completed - repositories (0), closed repositories (0), parent repositories (0), unsafe repositories (0)
2026-01-29 07:40:59.849 [info] > git rev-parse --show-toplevel [1ms]
2026-01-29 07:40:59.849 [info] fatal: not a git repository (or any of the parent directories): .git
2026-01-29 07:40:59.857 [info] > git rev-parse --show-toplevel [1ms]
2026-01-29 07:40:59.857 [info] fatal: not a git repository (or any of the parent directories): .git
