2026-01-04 20:29:31.239 [info] [main] Log level: Info
2026-01-04 20:29:31.239 [info] [main] Validating found git in: "git"
2026-01-04 20:29:31.239 [info] [main] Using git "2.52.0" from "git"
2026-01-04 20:29:31.239 [info] [Model][doInitialScan] Initial repository scan started
2026-01-04 20:29:31.239 [info] > git rev-parse --show-toplevel [14ms]
2026-01-04 20:29:31.239 [info] fatal: not a git repository (or any of the parent directories): .git
2026-01-04 20:29:31.914 [info] > git rev-parse --show-toplevel [16ms]
2026-01-04 20:29:31.914 [info] fatal: not a git repository (or any of the parent directories): .git
2026-01-04 20:29:31.942 [info] > git rev-parse --show-toplevel [2ms]
2026-01-04 20:29:31.942 [info] fatal: not a git repository (or any of the parent directories): .git
2026-01-04 20:29:32.109 [info] > git rev-parse --show-toplevel [133ms]
2026-01-04 20:29:32.109 [info] fatal: not a git repository (or any of the parent directories): .git
2026-01-04 20:29:32.232 [info] > git rev-parse --show-toplevel [116ms]
2026-01-04 20:29:32.232 [info] fatal: not a git repository (or any of the parent directories): .git
2026-01-04 20:29:32.255 [info] > git rev-parse --show-toplevel [14ms]
2026-01-04 20:29:32.255 [info] fatal: not a git repository (or any of the parent directories): .git
2026-01-04 20:29:32.272 [info] > git rev-parse --show-toplevel [9ms]
2026-01-04 20:29:32.273 [info] fatal: not a git repository (or any of the parent directories): .git
2026-01-04 20:29:32.281 [info] > git rev-parse --show-toplevel [2ms]
2026-01-04 20:29:32.281 [info] fatal: not a git repository (or any of the parent directories): .git
2026-01-04 20:29:32.288 [info] > git rev-parse --show-toplevel [2ms]
2026-01-04 20:29:32.288 [info] fatal: not a git repository (or any of the parent directories): .git
2026-01-04 20:29:32.294 [info] > git rev-parse --show-toplevel [1ms]
2026-01-04 20:29:32.294 [info] fatal: not a git repository (or any of the parent directories): .git
2026-01-04 20:29:32.301 [info] > git rev-parse --show-toplevel [1ms]
2026-01-04 20:29:32.301 [info] fatal: not a git repository (or any of the parent directories): .git
2026-01-04 20:29:32.307 [info] > git rev-parse --show-toplevel [1ms]
2026-01-04 20:29:32.307 [info] fatal: not a git repository (or any of the parent directories): .git
2026-01-04 20:29:32.313 [info] > git rev-parse --show-toplevel [1ms]
2026-01-04 20:29:32.313 [info] fatal: not a git repository (or any of the parent directories): .git
2026-01-04 20:29:32.327 [info] > git rev-parse --show-toplevel [9ms]
2026-01-04 20:29:32.327 [info] fatal: not a git repository (or any of the parent directories): .git
2026-01-04 20:29:32.342 [info] > git rev-parse --show-toplevel [3ms]
2026-01-04 20:29:32.342 [info] fatal: not a git repository (or any of the parent directories): .git
2026-01-04 20:29:32.352 [info] > git rev-parse --show-toplevel [3ms]
2026-01-04 20:29:32.352 [info] fatal: not a git repository (or any of the parent directories): .git
2026-01-04 20:29:32.361 [info] > git rev-parse --show-toplevel [1ms]
2026-01-04 20:29:32.361 [info] fatal: not a git repository (or any of the parent directories): .git
2026-01-04 20:29:32.369 [info] > git rev-parse --show-toplevel [3ms]
2026-01-04 20:29:32.369 [info] fatal: not a git repository (or any of the parent directories): .git
2026-01-04 20:29:32.378 [info] > git rev-parse --show-toplevel [1ms]
2026-01-04 20:29:32.378 [info] fatal: not a git repository (or any of the parent directories): .git
2026-01-04 20:29:32.388 [info] > git rev-parse --show-toplevel [4ms]
2026-01-04 20:29:32.388 [info] fatal: not a git repository (or any of the parent directories): .git
2026-01-04 20:29:32.396 [info] > git rev-parse --show-toplevel [2ms]
2026-01-04 20:29:32.396 [info] fatal: not a git repository (or any of the parent directories): .git
2026-01-04 20:29:32.404 [info] > git rev-parse --show-toplevel [2ms]
2026-01-04 20:29:32.404 [info] fatal: not a git repository (or any of the parent directories): .git
2026-01-04 20:29:32.411 [info] > git rev-parse --show-toplevel [1ms]
2026-01-04 20:29:32.411 [info] fatal: not a git repository (or any of the parent directories): .git
2026-01-04 20:29:32.419 [info] > git rev-parse --show-toplevel [1ms]
2026-01-04 20:29:32.420 [info] fatal: not a git repository (or any of the parent directories): .git
2026-01-04 20:29:32.429 [info] > git rev-parse --show-toplevel [3ms]
2026-01-04 20:29:32.429 [info] fatal: not a git repository (or any of the parent directories): .git
2026-01-04 20:29:32.437 [info] > git rev-parse --show-toplevel [3ms]
2026-01-04 20:29:32.437 [info] fatal: not a git repository (or any of the parent directories): .git
2026-01-04 20:29:32.447 [info] > git rev-parse --show-toplevel [3ms]
2026-01-04 20:29:32.447 [info] fatal: not a git repository (or any of the parent directories): .git
2026-01-04 20:29:32.448 [info] [Model][doInitialScan] Initial repository scan completed - repositories (0), closed repositories (0), parent repositories (0), unsafe repositories (0)
2026-01-04 20:29:38.414 [info] > git rev-parse --show-toplevel [20ms]
2026-01-04 20:29:38.414 [info] fatal: not a git repository (or any of the parent directories): .git
