2025-11-18 04:30:43.898 [info] [main] Log level: Info
2025-11-18 04:30:43.898 [info] [main] Validating found git in: "git"
2025-11-18 04:30:43.898 [info] [main] Using git "2.51.2" from "git"
2025-11-18 04:30:43.898 [info] [Model][doInitialScan] Initial repository scan started
2025-11-18 04:30:43.898 [info] > git rev-parse --show-toplevel [100ms]
2025-11-18 04:30:43.898 [info] fatal: not a git repository (or any of the parent directories): .git
2025-11-18 04:30:43.898 [info] > git rev-parse --show-toplevel [155ms]
2025-11-18 04:30:43.898 [info] > git rev-parse --path-format=relative --show-toplevel [10ms]
2025-11-18 04:30:43.904 [info] > git rev-parse --show-toplevel [1ms]
2025-11-18 04:30:43.905 [info] fatal: not a git repository (or any of the parent directories): .git
2025-11-18 04:30:43.909 [info] > git rev-parse --show-toplevel [1ms]
2025-11-18 04:30:43.909 [info] fatal: not a git repository (or any of the parent directories): .git
2025-11-18 04:30:43.914 [info] > git rev-parse --show-toplevel [2ms]
2025-11-18 04:30:43.967 [info] fatal: not a git repository (or any of the parent directories): .git
2025-11-18 04:30:45.813 [info] > git rev-parse --show-toplevel [1840ms]
2025-11-18 04:30:45.813 [info] fatal: not a git repository (or any of the parent directories): .git
2025-11-18 04:30:46.220 [info] > git rev-parse --show-toplevel [307ms]
2025-11-18 04:30:46.220 [info] fatal: not a git repository (or any of the parent directories): .git
2025-11-18 04:30:46.334 [info] > git rev-parse --show-toplevel [94ms]
2025-11-18 04:30:46.334 [info] fatal: not a git repository (or any of the parent directories): .git
2025-11-18 04:30:46.546 [info] > git rev-parse --show-toplevel [197ms]
2025-11-18 04:30:46.546 [info] fatal: not a git repository (or any of the parent directories): .git
2025-11-18 04:30:46.564 [info] > git rev-parse --show-toplevel [8ms]
2025-11-18 04:30:46.564 [info] fatal: not a git repository (or any of the parent directories): .git
2025-11-18 04:30:46.608 [info] > git rev-parse --show-toplevel [37ms]
2025-11-18 04:30:46.608 [info] fatal: not a git repository (or any of the parent directories): .git
2025-11-18 04:30:46.776 [info] > git rev-parse --show-toplevel [158ms]
2025-11-18 04:30:46.776 [info] fatal: not a git repository (or any of the parent directories): .git
2025-11-18 04:30:46.791 [info] > git rev-parse --show-toplevel [3ms]
2025-11-18 04:30:46.791 [info] fatal: not a git repository (or any of the parent directories): .git
2025-11-18 04:30:46.799 [info] > git rev-parse --show-toplevel [2ms]
2025-11-18 04:30:46.799 [info] fatal: not a git repository (or any of the parent directories): .git
2025-11-18 04:30:46.812 [info] > git rev-parse --show-toplevel [1ms]
2025-11-18 04:30:46.812 [info] fatal: not a git repository (or any of the parent directories): .git
2025-11-18 04:30:46.829 [info] > git rev-parse --show-toplevel [11ms]
2025-11-18 04:30:46.829 [info] fatal: not a git repository (or any of the parent directories): .git
2025-11-18 04:30:46.885 [info] > git rev-parse --show-toplevel [13ms]
2025-11-18 04:30:46.885 [info] fatal: not a git repository (or any of the parent directories): .git
2025-11-18 04:30:46.896 [info] > git rev-parse --show-toplevel [2ms]
2025-11-18 04:30:46.896 [info] fatal: not a git repository (or any of the parent directories): .git
2025-11-18 04:30:46.906 [info] > git rev-parse --show-toplevel [3ms]
2025-11-18 04:30:46.906 [info] fatal: not a git repository (or any of the parent directories): .git
2025-11-18 04:30:47.000 [info] > git rev-parse --show-toplevel [87ms]
2025-11-18 04:30:47.000 [info] fatal: not a git repository (or any of the parent directories): .git
2025-11-18 04:30:47.009 [info] > git rev-parse --show-toplevel [1ms]
2025-11-18 04:30:47.009 [info] fatal: not a git repository (or any of the parent directories): .git
2025-11-18 04:30:47.017 [info] > git rev-parse --show-toplevel [1ms]
2025-11-18 04:30:47.017 [info] fatal: not a git repository (or any of the parent directories): .git
2025-11-18 04:30:47.024 [info] > git rev-parse --show-toplevel [1ms]
2025-11-18 04:30:47.024 [info] fatal: not a git repository (or any of the parent directories): .git
2025-11-18 04:30:47.037 [info] > git rev-parse --show-toplevel [7ms]
2025-11-18 04:30:47.037 [info] fatal: not a git repository (or any of the parent directories): .git
2025-11-18 04:30:47.048 [info] > git rev-parse --show-toplevel [3ms]
2025-11-18 04:30:47.048 [info] fatal: not a git repository (or any of the parent directories): .git
2025-11-18 04:30:47.058 [info] > git rev-parse --show-toplevel [2ms]
2025-11-18 04:30:47.058 [info] fatal: not a git repository (or any of the parent directories): .git
2025-11-18 04:30:47.068 [info] > git rev-parse --show-toplevel [2ms]
2025-11-18 04:30:47.068 [info] fatal: not a git repository (or any of the parent directories): .git
2025-11-18 04:30:47.077 [info] > git rev-parse --show-toplevel [0ms]
2025-11-18 04:30:47.077 [info] fatal: not a git repository (or any of the parent directories): .git
2025-11-18 04:30:47.087 [info] > git rev-parse --show-toplevel [3ms]
2025-11-18 04:30:47.087 [info] fatal: not a git repository (or any of the parent directories): .git
2025-11-18 04:30:47.096 [info] > git rev-parse --show-toplevel [1ms]
2025-11-18 04:30:47.096 [info] fatal: not a git repository (or any of the parent directories): .git
2025-11-18 04:30:47.105 [info] > git rev-parse --show-toplevel [3ms]
2025-11-18 04:30:47.105 [info] fatal: not a git repository (or any of the parent directories): .git
2025-11-18 04:30:47.112 [info] > git rev-parse --show-toplevel [0ms]
2025-11-18 04:30:47.112 [info] fatal: not a git repository (or any of the parent directories): .git
2025-11-18 04:30:47.114 [info] [Model][doInitialScan] Initial repository scan completed - repositories (0), closed repositories (0), parent repositories (1), unsafe repositories (0)
2025-11-17 20:31:58.235 [info] > git rev-parse --show-toplevel [2ms]
2025-11-17 20:31:58.235 [info] fatal: not a git repository (or any of the parent directories): .git
2025-11-17 20:33:32.399 [info] [main] Log level: Info
2025-11-17 20:33:32.399 [info] [main] Validating found git in: "git"
2025-11-17 20:33:32.399 [info] [main] Using git "2.51.2" from "git"
2025-11-17 20:33:32.399 [info] [Model][doInitialScan] Initial repository scan started
2025-11-17 20:33:32.399 [info] > git rev-parse --show-toplevel [32ms]
2025-11-17 20:33:32.399 [info] fatal: not a git repository (or any of the parent directories): .git
2025-11-17 20:33:34.530 [info] > git rev-parse --show-toplevel [8ms]
2025-11-17 20:33:34.530 [info] fatal: not a git repository (or any of the parent directories): .git
2025-11-17 20:33:34.545 [info] > git rev-parse --show-toplevel [8ms]
2025-11-17 20:33:34.545 [info] fatal: not a git repository (or any of the parent directories): .git
2025-11-17 20:33:34.554 [info] > git rev-parse --show-toplevel [3ms]
2025-11-17 20:33:34.554 [info] fatal: not a git repository (or any of the parent directories): .git
2025-11-17 20:33:34.562 [info] > git rev-parse --show-toplevel [1ms]
2025-11-17 20:33:34.562 [info] fatal: not a git repository (or any of the parent directories): .git
2025-11-17 20:33:34.652 [info] > git rev-parse --show-toplevel [84ms]
2025-11-17 20:33:34.652 [info] fatal: not a git repository (or any of the parent directories): .git
2025-11-17 20:33:34.661 [info] > git rev-parse --show-toplevel [2ms]
2025-11-17 20:33:34.661 [info] fatal: not a git repository (or any of the parent directories): .git
2025-11-17 20:33:34.669 [info] > git rev-parse --show-toplevel [1ms]
2025-11-17 20:33:34.669 [info] fatal: not a git repository (or any of the parent directories): .git
2025-11-17 20:33:34.676 [info] > git rev-parse --show-toplevel [1ms]
2025-11-17 20:33:34.676 [info] fatal: not a git repository (or any of the parent directories): .git
2025-11-17 20:33:34.690 [info] > git rev-parse --show-toplevel [7ms]
2025-11-17 20:33:34.690 [info] fatal: not a git repository (or any of the parent directories): .git
2025-11-17 20:33:34.700 [info] > git rev-parse --show-toplevel [3ms]
2025-11-17 20:33:34.700 [info] fatal: not a git repository (or any of the parent directories): .git
2025-11-17 20:33:34.713 [info] > git rev-parse --show-toplevel [2ms]
2025-11-17 20:33:34.713 [info] fatal: not a git repository (or any of the parent directories): .git
2025-11-17 20:33:34.737 [info] > git rev-parse --show-toplevel [9ms]
2025-11-17 20:33:34.737 [info] fatal: not a git repository (or any of the parent directories): .git
2025-11-17 20:33:34.761 [info] > git rev-parse --show-toplevel [13ms]
2025-11-17 20:33:34.761 [info] fatal: not a git repository (or any of the parent directories): .git
2025-11-17 20:33:34.771 [info] > git rev-parse --show-toplevel [3ms]
2025-11-17 20:33:34.771 [info] fatal: not a git repository (or any of the parent directories): .git
2025-11-17 20:33:34.782 [info] > git rev-parse --show-toplevel [3ms]
2025-11-17 20:33:34.782 [info] fatal: not a git repository (or any of the parent directories): .git
2025-11-17 20:33:34.789 [info] > git rev-parse --show-toplevel [1ms]
2025-11-17 20:33:34.789 [info] fatal: not a git repository (or any of the parent directories): .git
2025-11-17 20:33:34.797 [info] > git rev-parse --show-toplevel [2ms]
2025-11-17 20:33:34.797 [info] fatal: not a git repository (or any of the parent directories): .git
2025-11-17 20:33:34.805 [info] > git rev-parse --show-toplevel [1ms]
2025-11-17 20:33:34.805 [info] fatal: not a git repository (or any of the parent directories): .git
2025-11-17 20:33:34.813 [info] > git rev-parse --show-toplevel [2ms]
2025-11-17 20:33:34.813 [info] fatal: not a git repository (or any of the parent directories): .git
2025-11-17 20:33:34.821 [info] > git rev-parse --show-toplevel [2ms]
2025-11-17 20:33:34.822 [info] fatal: not a git repository (or any of the parent directories): .git
2025-11-17 20:33:34.829 [info] > git rev-parse --show-toplevel [1ms]
2025-11-17 20:33:34.829 [info] fatal: not a git repository (or any of the parent directories): .git
2025-11-17 20:33:34.836 [info] > git rev-parse --show-toplevel [1ms]
2025-11-17 20:33:34.836 [info] fatal: not a git repository (or any of the parent directories): .git
2025-11-17 20:33:34.843 [info] > git rev-parse --show-toplevel [1ms]
2025-11-17 20:33:34.843 [info] fatal: not a git repository (or any of the parent directories): .git
2025-11-17 20:33:34.853 [info] > git rev-parse --show-toplevel [4ms]
2025-11-17 20:33:34.853 [info] fatal: not a git repository (or any of the parent directories): .git
2025-11-17 20:33:34.889 [info] > git rev-parse --show-toplevel [29ms]
2025-11-17 20:33:34.889 [info] fatal: not a git repository (or any of the parent directories): .git
2025-11-17 20:33:34.903 [info] > git rev-parse --show-toplevel [6ms]
2025-11-17 20:33:34.903 [info] fatal: not a git repository (or any of the parent directories): .git
2025-11-17 20:33:34.905 [info] [Model][doInitialScan] Initial repository scan completed - repositories (0), closed repositories (0), parent repositories (0), unsafe repositories (0)
2025-11-17 20:33:55.359 [info] > git rev-parse --show-toplevel [2ms]
2025-11-17 20:33:55.359 [info] fatal: not a git repository (or any of the parent directories): .git
