2025-12-05 22:19:00.102 [error] Error: Unable to read file '/home/blueflowers/.vscode/extensions/local.dynamic-base16-dankshell-0.0.1/package.json' (Error: Unable to resolve nonexistent file '/home/blueflowers/.vscode/extensions/local.dynamic-base16-dankshell-0.0.1/package.json')
    at Qh.G (file:///opt/visual-studio-code/resources/app/out/vs/code/electron-utility/sharedProcess/sharedProcessMain.js:74:89877)
    at Qh.F (file:///opt/visual-studio-code/resources/app/out/vs/code/electron-utility/sharedProcess/sharedProcessMain.js:74:89702)
    at async Qh.C (file:///opt/visual-studio-code/resources/app/out/vs/code/electron-utility/sharedProcess/sharedProcessMain.js:74:89074)
    at async xa.t (file:///opt/visual-studio-code/resources/app/out/vs/code/electron-utility/sharedProcess/sharedProcessMain.js:74:45884)
    at async xa.scanExtension (file:///opt/visual-studio-code/resources/app/out/vs/code/electron-utility/sharedProcess/sharedProcessMain.js:74:44391)
    at async Promise.all (index 14)
    at async xa.q (file:///opt/visual-studio-code/resources/app/out/vs/code/electron-utility/sharedProcess/sharedProcessMain.js:74:42817)
    at async Sf.scanAllUserExtensions (file:///opt/visual-studio-code/resources/app/out/vs/code/electron-utility/sharedProcess/sharedProcessMain.js:74:35677)
    at async Gh.I (file:///opt/visual-studio-code/resources/app/out/vs/code/electron-utility/sharedProcess/sharedProcessMain.js:74:76324)
    at async Gh.cleanUp (file:///opt/visual-studio-code/resources/app/out/vs/code/electron-utility/sharedProcess/sharedProcessMain.js:74:69176)
    at async Wh.cleanUp (file:///opt/visual-studio-code/resources/app/out/vs/code/electron-utility/sharedProcess/sharedProcessMain.js:74:63578)
2025-12-05 22:19:00.128 [error] Error: Unable to read file '/home/blueflowers/.vscode/extensions/local.dynamic-base16-dankshell-0.0.1/package.json' (Error: Unable to resolve nonexistent file '/home/blueflowers/.vscode/extensions/local.dynamic-base16-dankshell-0.0.1/package.json')
    at Qh.G (file:///opt/visual-studio-code/resources/app/out/vs/code/electron-utility/sharedProcess/sharedProcessMain.js:74:89877)
    at Qh.F (file:///opt/visual-studio-code/resources/app/out/vs/code/electron-utility/sharedProcess/sharedProcessMain.js:74:89702)
    at async Qh.C (file:///opt/visual-studio-code/resources/app/out/vs/code/electron-utility/sharedProcess/sharedProcessMain.js:74:89074)
    at async xa.t (file:///opt/visual-studio-code/resources/app/out/vs/code/electron-utility/sharedProcess/sharedProcessMain.js:74:45884)
    at async xa.scanExtension (file:///opt/visual-studio-code/resources/app/out/vs/code/electron-utility/sharedProcess/sharedProcessMain.js:74:44391)
    at async Promise.all (index 14)
    at async xa.q (file:///opt/visual-studio-code/resources/app/out/vs/code/electron-utility/sharedProcess/sharedProcessMain.js:74:42817)
    at async Sf.scanAllUserExtensions (file:///opt/visual-studio-code/resources/app/out/vs/code/electron-utility/sharedProcess/sharedProcessMain.js:74:35677)
    at async Gh.scanAllUserExtensions (file:///opt/visual-studio-code/resources/app/out/vs/code/electron-utility/sharedProcess/sharedProcessMain.js:74:69775)
    at async Y9.H (file:///opt/visual-studio-code/resources/app/out/vs/code/electron-utility/sharedProcess/sharedProcessMain.js:74:59589)
    at async Y9.r (file:///opt/visual-studio-code/resources/app/out/vs/code/electron-utility/sharedProcess/sharedProcessMain.js:74:57484)
2025-12-05 22:19:03.915 [info] Getting Manifest... ms-python.vscode-pylance
2025-12-05 22:19:04.330 [info] Installing extension: ms-python.vscode-pylance {"productVersion":{"version":"1.106.3","date":"2025-11-25T22:28:18.024Z"},"pinned":false,"operation":3,"isApplicationScoped":false,"profileLocation":{"$mid":1,"external":"vscode-userdata:/home/blueflowers/.vscode/extensions/extensions.json","path":"/home/blueflowers/.vscode/extensions/extensions.json","scheme":"vscode-userdata"}}
2025-12-05 22:19:05.373 [info] Extension signature verification result for ms-python.vscode-pylance: Success. Internal Code: 0. Executed: true. Duration: 550ms.
2025-12-05 22:19:07.962 [info] Extracted extension to file:///home/blueflowers/.vscode/extensions/ms-python.vscode-pylance-2025.10.4: ms-python.vscode-pylance
2025-12-05 22:19:08.108 [info] Renamed to /home/blueflowers/.vscode/extensions/ms-python.vscode-pylance-2025.10.4
2025-12-05 22:19:08.122 [info] Marked extension as removed ms-python.vscode-pylance-2025.10.3
2025-12-05 22:19:08.136 [info] Extension installed successfully: ms-python.vscode-pylance vscode-userdata:/home/blueflowers/.vscode/extensions/extensions.json
