2025-11-08 09:33:23.491 [info] [aebc6443-996d-45c2-90f0-388ff96faa56] Native Broker is only available on Windows and macOS
2025-11-08 09:33:23.494 [info] [getSessions] [all] starting
2025-11-08 09:33:23.494 [info] [getSessions] [all] returned 0 session(s)
2025-11-08 09:33:23.494 [info] [getSessions] [all] starting
2025-11-08 09:33:23.494 [info] [getSessions] [all] returned 0 session(s)
2025-11-08 09:33:23.494 [info] [getSessions] [all] starting
2025-11-08 09:33:23.494 [info] [getSessions] [all] returned 0 session(s)
2025-11-08 09:33:23.495 [info] [getSessions] [499b84ac-1321-427f-aa17-267ca6975798/.default offline_access] starting
2025-11-08 09:33:23.495 [info] [aebc6443-996d-45c2-90f0-388ff96faa56] Native Broker is only available on Windows and macOS
2025-11-08 09:33:23.496 [info] [getSessions] [499b84ac-1321-427f-aa17-267ca6975798/.default offline_access] returned 0 session(s)
2025-11-08 09:33:25.564 [info] [getSessions] [all] starting
2025-11-08 09:33:25.564 [info] [getSessions] [all] returned 0 session(s)
2025-11-08 09:33:25.565 [info] [getSessions] [all] starting
2025-11-08 09:33:25.565 [info] [getSessions] [all] returned 0 session(s)
2025-11-08 09:33:25.565 [info] [getSessions] [all] starting
2025-11-08 09:33:25.565 [info] [getSessions] [all] returned 0 session(s)
2025-11-08 09:33:26.312 [info] [getSessions] [499b84ac-1321-427f-aa17-267ca6975798/.default offline_access] starting
2025-11-08 09:33:26.312 [info] [getSessions] [499b84ac-1321-427f-aa17-267ca6975798/.default offline_access] returned 0 session(s)
2025-11-08 09:33:28.117 [info] [getSessions] [all] starting
2025-11-08 09:33:28.117 [info] [getSessions] [all] returned 0 session(s)
2025-11-08 09:33:41.457 [info] [aebc6443-996d-45c2-90f0-388ff96faa56] Native Broker is only available on Windows and macOS
2025-11-08 09:33:41.937 [info] [getSessions] [all] starting
2025-11-08 09:33:41.937 [info] [getSessions] [all] returned 0 session(s)
2025-11-08 09:33:41.937 [info] [getSessions] [all] starting
2025-11-08 09:33:41.937 [info] [getSessions] [all] returned 0 session(s)
2025-11-08 09:33:41.937 [info] [getSessions] [all] starting
2025-11-08 09:33:41.937 [info] [getSessions] [all] returned 0 session(s)
2025-11-08 09:33:41.937 [info] [getSessions] [all] starting
2025-11-08 09:33:41.937 [info] [getSessions] [all] returned 0 session(s)
2025-11-08 09:33:42.048 [info] [getSessions] [499b84ac-1321-427f-aa17-267ca6975798/.default offline_access] starting
2025-11-08 09:33:42.048 [info] [aebc6443-996d-45c2-90f0-388ff96faa56] Native Broker is only available on Windows and macOS
2025-11-08 09:33:42.261 [info] [getSessions] [499b84ac-1321-427f-aa17-267ca6975798/.default offline_access] returned 0 session(s)
2025-11-08 09:33:42.715 [info] [getSessions] [499b84ac-1321-427f-aa17-267ca6975798/.default offline_access] starting
2025-11-08 09:33:42.715 [info] [getSessions] [499b84ac-1321-427f-aa17-267ca6975798/.default offline_access] returned 0 session(s)
2025-11-08 09:33:42.934 [info] [getSessions] [all] starting
2025-11-08 09:33:42.934 [info] [getSessions] [all] returned 0 session(s)
2025-11-08 09:33:43.165 [info] [getSessions] [all] starting
2025-11-08 09:33:43.165 [info] [getSessions] [all] returned 0 session(s)
2025-11-08 09:55:02.627 [info] [getSessions] [499b84ac-1321-427f-aa17-267ca6975798/.default offline_access] starting
2025-11-08 09:55:02.627 [info] [getSessions] [499b84ac-1321-427f-aa17-267ca6975798/.default offline_access] returned 0 session(s)
2025-11-08 10:16:35.934 [info] [getSessions] [499b84ac-1321-427f-aa17-267ca6975798/.default offline_access] starting
2025-11-08 10:16:35.934 [info] [getSessions] [499b84ac-1321-427f-aa17-267ca6975798/.default offline_access] returned 0 session(s)
