2025-11-18 04:30:42.010 [info] Reading sessions from keychain...
2025-11-18 04:30:42.010 [info] Getting sessions for all scopes...
2025-11-18 04:30:42.056 [info] Got stored sessions!
2025-11-18 04:30:42.056 [info] Got 1 verified sessions.
2025-11-18 04:30:42.056 [info] Got 1 sessions for ...
2025-11-18 04:30:42.056 [info] Getting sessions for all scopes...
2025-11-18 04:30:42.056 [info] Got 1 sessions for ...
2025-11-18 04:30:42.057 [info] Getting sessions for all scopes...
2025-11-18 04:30:42.057 [info] Got 1 sessions for ...
2025-11-18 04:30:42.057 [info] Getting sessions for all scopes...
2025-11-18 04:30:42.057 [info] Got 1 sessions for ...
2025-11-18 04:30:42.057 [info] Getting sessions for all scopes...
2025-11-18 04:30:42.057 [info] Got 1 sessions for ...
2025-11-18 04:30:42.057 [info] Getting sessions for all scopes...
2025-11-18 04:30:42.057 [info] Got 1 sessions for ...
2025-11-18 04:30:42.057 [info] Getting sessions for all scopes...
2025-11-18 04:30:42.057 [info] Got 1 sessions for ...
2025-11-18 04:30:42.078 [info] Getting sessions for all scopes...
2025-11-18 04:30:42.078 [info] Got 1 sessions for ...
2025-11-18 04:30:42.078 [info] Getting sessions for all scopes...
2025-11-18 04:30:42.078 [info] Got 1 sessions for ...
2025-11-18 04:30:42.133 [info] Getting sessions for all scopes...
2025-11-18 04:30:42.133 [info] Got 1 sessions for ...
2025-11-18 04:30:42.133 [info] Getting sessions for all scopes...
2025-11-18 04:30:42.133 [info] Got 1 sessions for ...
2025-11-18 04:30:42.133 [info] Getting sessions for all scopes...
2025-11-18 04:30:42.133 [info] Got 1 sessions for ...
2025-11-18 04:30:42.133 [info] Getting sessions for all scopes...
2025-11-18 04:30:42.133 [info] Got 1 sessions for ...
2025-11-18 04:30:42.133 [info] Getting sessions for all scopes...
2025-11-18 04:30:42.133 [info] Got 1 sessions for ...
2025-11-18 04:30:42.133 [info] Getting sessions for all scopes...
2025-11-18 04:30:42.133 [info] Got 1 sessions for ...
2025-11-18 04:30:43.034 [info] Getting sessions for all scopes...
2025-11-18 04:30:43.034 [info] Got 1 sessions for ...
2025-11-18 04:30:43.532 [info] Getting sessions for read:user,repo,user:email,workflow...
2025-11-18 04:30:43.532 [info] Got 0 sessions for read:user,repo,user:email,workflow...
2025-11-18 04:30:43.633 [info] Getting sessions for all scopes...
2025-11-18 04:30:43.633 [info] Got 1 sessions for ...
2025-11-18 04:30:43.666 [info] Getting sessions for all scopes...
2025-11-18 04:30:43.666 [info] Got 1 sessions for ...
2025-11-18 04:30:43.666 [info] Getting sessions for all scopes...
2025-11-18 04:30:43.666 [info] Got 1 sessions for ...
2025-11-18 04:30:43.666 [info] Getting sessions for all scopes...
2025-11-18 04:30:43.666 [info] Got 1 sessions for ...
2025-11-18 04:30:43.848 [info] Getting sessions for user:email...
2025-11-18 04:30:43.848 [info] Got 1 sessions for user:email...
2025-11-18 04:30:43.887 [info] Getting sessions for read:user,repo,user:email,workflow...
2025-11-18 04:30:43.887 [info] Got 0 sessions for read:user,repo,user:email,workflow...
2025-11-18 04:30:45.849 [info] FetcherService: Electron fetch failed with status: 429 
2025-11-18 04:30:45.870 [info] Getting sessions for all scopes...
2025-11-18 04:30:45.870 [info] Got 1 sessions for ...
2025-11-18 04:30:46.221 [info] Getting sessions for all scopes...
2025-11-18 04:30:46.221 [info] Got 1 sessions for ...
2025-11-18 04:30:46.221 [info] Getting sessions for all scopes...
2025-11-18 04:30:46.221 [info] Got 1 sessions for ...
2025-11-18 04:30:46.548 [info] Getting sessions for read:user,repo,user:email,workflow...
2025-11-18 04:30:46.548 [info] Got 0 sessions for read:user,repo,user:email,workflow...
2025-11-18 04:30:46.563 [info] Getting sessions for all scopes...
2025-11-18 04:30:46.563 [info] Got 1 sessions for ...
2025-11-18 04:30:46.571 [info] Getting sessions for all scopes...
2025-11-18 04:30:46.571 [info] Got 1 sessions for ...
2025-11-18 04:30:46.571 [info] Getting sessions for read:user,repo,user:email,workflow...
2025-11-18 04:30:46.571 [info] Got 0 sessions for read:user,repo,user:email,workflow...
2025-11-18 04:30:46.609 [info] Getting sessions for user:email...
2025-11-18 04:30:46.609 [info] Got 1 sessions for user:email...
2025-11-18 04:30:46.791 [info] Getting sessions for read:user...
2025-11-18 04:30:46.791 [info] Got 0 sessions for read:user...
2025-11-18 04:30:46.811 [info] Getting sessions for user:email...
2025-11-18 04:30:46.811 [info] Got 1 sessions for user:email...
2025-11-18 04:30:46.906 [info] Getting sessions for read:user,repo,user:email,workflow...
2025-11-18 04:30:46.906 [info] Got 0 sessions for read:user,repo,user:email,workflow...
2025-11-18 04:30:47.147 [info] Getting sessions for all scopes...
2025-11-18 04:30:47.147 [info] Got 1 sessions for ...
2025-11-18 04:30:47.435 [info] Getting sessions for all scopes...
2025-11-18 04:30:47.435 [info] Got 1 sessions for ...
2025-11-18 04:30:47.435 [info] Getting sessions for all scopes...
2025-11-18 04:30:47.435 [info] Got 1 sessions for ...
2025-11-18 04:30:47.443 [info] Getting sessions for read:user,repo,user:email,workflow...
2025-11-18 04:30:47.443 [info] Got 0 sessions for read:user,repo,user:email,workflow...
2025-11-18 04:30:47.443 [info] Getting sessions for user:email...
2025-11-18 04:30:47.443 [info] Got 1 sessions for user:email...
2025-11-18 04:30:47.443 [info] Getting sessions for read:user,repo,user:email,workflow...
2025-11-18 04:30:47.443 [info] Got 0 sessions for read:user,repo,user:email,workflow...
2025-11-18 04:30:47.505 [info] Getting sessions for all scopes...
2025-11-18 04:30:47.505 [info] Got 1 sessions for ...
2025-11-18 04:30:47.506 [info] Getting sessions for all scopes...
2025-11-18 04:30:47.506 [info] Got 1 sessions for ...
2025-11-18 04:30:47.524 [info] Getting sessions for all scopes...
2025-11-18 04:30:47.524 [info] Got 1 sessions for ...
2025-11-18 04:30:47.525 [info] Getting sessions for all scopes...
2025-11-18 04:30:47.525 [info] Got 1 sessions for ...
2025-11-18 04:30:47.532 [info] Getting sessions for read:user,repo,user:email,workflow...
2025-11-18 04:30:47.532 [info] Got 0 sessions for read:user,repo,user:email,workflow...
2025-11-18 04:30:47.535 [info] Getting sessions for user:email...
2025-11-18 04:30:47.535 [info] Got 1 sessions for user:email...
2025-11-18 04:30:47.535 [info] Getting sessions for read:user,repo,user:email,workflow...
2025-11-18 04:30:47.535 [info] Got 0 sessions for read:user,repo,user:email,workflow...
2025-11-18 04:30:47.544 [info] Getting sessions for all scopes...
2025-11-18 04:30:47.544 [info] Got 1 sessions for ...
2025-11-18 04:30:47.544 [info] Getting sessions for read:user,repo,user:email,workflow...
2025-11-18 04:30:47.544 [info] Got 0 sessions for read:user,repo,user:email,workflow...
2025-11-18 04:30:47.545 [info] Getting sessions for user:email...
2025-11-18 04:30:47.545 [info] Got 1 sessions for user:email...
2025-11-18 04:30:47.768 [info] FetcherService: Node fetch failed with status: 429 Too Many Requests
2025-11-18 04:30:49.391 [info] Getting sessions for all scopes...
2025-11-18 04:30:49.391 [info] Got 1 sessions for ...
2025-11-18 04:30:50.341 [info] FetcherService: Node http/s failed with status: 429 Too Many Requests
2025-11-17 20:33:32.175 [info] Reading sessions from keychain...
2025-11-17 20:33:32.175 [info] Got stored sessions!
2025-11-17 20:33:32.175 [info] Got 1 verified sessions.
2025-11-17 20:33:32.175 [info] Getting sessions for all scopes...
2025-11-17 20:33:32.175 [info] Got 1 sessions for ...
2025-11-17 20:33:32.175 [info] Getting sessions for all scopes...
2025-11-17 20:33:32.175 [info] Got 1 sessions for ...
2025-11-17 20:33:32.175 [info] Getting sessions for all scopes...
2025-11-17 20:33:32.175 [info] Got 1 sessions for ...
2025-11-17 20:33:32.175 [info] Getting sessions for all scopes...
2025-11-17 20:33:32.175 [info] Got 1 sessions for ...
2025-11-17 20:33:32.175 [info] Getting sessions for all scopes...
2025-11-17 20:33:32.175 [info] Got 1 sessions for ...
2025-11-17 20:33:32.175 [info] Getting sessions for all scopes...
2025-11-17 20:33:32.175 [info] Got 1 sessions for ...
2025-11-17 20:33:32.175 [info] Getting sessions for all scopes...
2025-11-17 20:33:32.175 [info] Got 1 sessions for ...
2025-11-17 20:33:32.175 [info] Getting sessions for all scopes...
2025-11-17 20:33:32.175 [info] Got 1 sessions for ...
2025-11-17 20:33:32.175 [info] Getting sessions for all scopes...
2025-11-17 20:33:32.175 [info] Got 1 sessions for ...
2025-11-17 20:33:32.332 [info] Getting sessions for read:user,repo,user:email,workflow...
2025-11-17 20:33:32.332 [info] Got 0 sessions for read:user,repo,user:email,workflow...
2025-11-17 20:33:33.891 [info] Getting sessions for all scopes...
2025-11-17 20:33:33.891 [info] Got 1 sessions for ...
2025-11-17 20:33:33.977 [info] Getting sessions for user:email...
2025-11-17 20:33:33.977 [info] Got 1 sessions for user:email...
2025-11-17 20:33:33.977 [info] Getting sessions for read:user,repo,user:email,workflow...
2025-11-17 20:33:33.977 [info] Got 0 sessions for read:user,repo,user:email,workflow...
2025-11-17 20:33:34.473 [info] Getting sessions for all scopes...
2025-11-17 20:33:34.473 [info] Got 1 sessions for ...
2025-11-17 20:33:34.473 [info] Getting sessions for all scopes...
2025-11-17 20:33:34.473 [info] Got 1 sessions for ...
2025-11-17 20:33:34.479 [info] Getting sessions for read:user,repo,user:email,workflow...
2025-11-17 20:33:34.479 [info] Got 0 sessions for read:user,repo,user:email,workflow...
2025-11-17 20:33:34.497 [info] Getting sessions for read:user,repo,user:email,workflow...
2025-11-17 20:33:34.497 [info] Got 0 sessions for read:user,repo,user:email,workflow...
2025-11-17 20:33:34.513 [info] Getting sessions for read:user...
2025-11-17 20:33:34.513 [info] Got 0 sessions for read:user...
2025-11-17 20:33:34.530 [info] Getting sessions for user:email...
2025-11-17 20:33:34.530 [info] Got 1 sessions for user:email...
2025-11-17 20:33:34.531 [info] Getting sessions for read:user,repo,user:email,workflow...
2025-11-17 20:33:34.531 [info] Got 0 sessions for read:user,repo,user:email,workflow...
2025-11-17 20:33:34.546 [info] Getting sessions for user:email...
2025-11-17 20:33:34.546 [info] Got 1 sessions for user:email...
2025-11-17 20:33:34.732 [info] FetcherService: Electron fetch failed with status: 429 
2025-11-17 20:33:34.906 [info] Getting sessions for all scopes...
2025-11-17 20:33:34.906 [info] Got 1 sessions for ...
2025-11-17 20:33:35.181 [info] Getting sessions for all scopes...
2025-11-17 20:33:35.181 [info] Got 1 sessions for ...
2025-11-17 20:33:35.181 [info] Getting sessions for all scopes...
2025-11-17 20:33:35.181 [info] Got 1 sessions for ...
2025-11-17 20:33:35.189 [info] Getting sessions for read:user,repo,user:email,workflow...
2025-11-17 20:33:35.189 [info] Got 0 sessions for read:user,repo,user:email,workflow...
2025-11-17 20:33:35.191 [info] Getting sessions for user:email...
2025-11-17 20:33:35.191 [info] Got 1 sessions for user:email...
2025-11-17 20:33:35.191 [info] Getting sessions for read:user,repo,user:email,workflow...
2025-11-17 20:33:35.191 [info] Got 0 sessions for read:user,repo,user:email,workflow...
2025-11-17 20:33:35.238 [info] Getting sessions for all scopes...
2025-11-17 20:33:35.238 [info] Got 1 sessions for ...
2025-11-17 20:33:35.238 [info] Getting sessions for all scopes...
2025-11-17 20:33:35.238 [info] Got 1 sessions for ...
2025-11-17 20:33:35.239 [info] Getting sessions for read:user,repo,user:email,workflow...
2025-11-17 20:33:35.239 [info] Got 0 sessions for read:user,repo,user:email,workflow...
2025-11-17 20:33:35.240 [info] Getting sessions for user:email...
2025-11-17 20:33:35.240 [info] Got 1 sessions for user:email...
2025-11-17 20:33:35.240 [info] Getting sessions for read:user,repo,user:email,workflow...
2025-11-17 20:33:35.240 [info] Got 0 sessions for read:user,repo,user:email,workflow...
2025-11-17 20:33:35.242 [info] Getting sessions for all scopes...
2025-11-17 20:33:35.242 [info] Got 1 sessions for ...
2025-11-17 20:33:35.243 [info] Getting sessions for read:user,repo,user:email,workflow...
2025-11-17 20:33:35.243 [info] Got 0 sessions for read:user,repo,user:email,workflow...
2025-11-17 20:33:35.243 [info] Getting sessions for user:email...
2025-11-17 20:33:35.243 [info] Got 1 sessions for user:email...
2025-11-17 20:33:35.469 [info] FetcherService: Node fetch failed with status: 429 Too Many Requests
2025-11-17 20:33:36.239 [info] FetcherService: Node http/s failed with status: 429 Too Many Requests
2025-11-17 20:33:36.668 [info] Getting sessions for all scopes...
2025-11-17 20:33:36.668 [info] Got 1 sessions for ...
