2025-11-08 10:51:58.831 [info] [main] Log level: Info
2025-11-08 10:51:58.831 [info] [main] Validating found git in: "git"
2025-11-08 10:51:58.831 [info] [main] Using git "2.51.2" from "git"
2025-11-08 10:51:58.831 [info] [Model][doInitialScan] Initial repository scan started
2025-11-08 10:51:58.831 [info] > git rev-parse --show-toplevel [43ms]
2025-11-08 10:51:58.831 [info] fatal: not a git repository (or any of the parent directories): .git
2025-11-08 10:51:59.519 [info] > git rev-parse --show-toplevel [3ms]
2025-11-08 10:51:59.519 [info] fatal: not a git repository (or any of the parent directories): .git
2025-11-08 10:51:59.532 [info] > git rev-parse --show-toplevel [2ms]
2025-11-08 10:51:59.532 [info] fatal: not a git repository (or any of the parent directories): .git
2025-11-08 10:51:59.584 [info] > git rev-parse --show-toplevel [29ms]
2025-11-08 10:51:59.584 [info] fatal: not a git repository (or any of the parent directories): .git
2025-11-08 10:51:59.629 [info] > git rev-parse --show-toplevel [10ms]
2025-11-08 10:51:59.629 [info] fatal: not a git repository (or any of the parent directories): .git
2025-11-08 10:51:59.642 [info] > git rev-parse --show-toplevel [3ms]
2025-11-08 10:51:59.642 [info] fatal: not a git repository (or any of the parent directories): .git
2025-11-08 10:51:59.664 [info] > git rev-parse --show-toplevel [3ms]
2025-11-08 10:51:59.664 [info] fatal: not a git repository (or any of the parent directories): .git
2025-11-08 10:51:59.760 [info] > git rev-parse --show-toplevel [89ms]
2025-11-08 10:51:59.760 [info] fatal: not a git repository (or any of the parent directories): .git
2025-11-08 10:51:59.776 [info] > git rev-parse --show-toplevel [6ms]
2025-11-08 10:51:59.776 [info] fatal: not a git repository (or any of the parent directories): .git
2025-11-08 10:51:59.799 [info] > git rev-parse --show-toplevel [7ms]
2025-11-08 10:51:59.799 [info] fatal: not a git repository (or any of the parent directories): .git
2025-11-08 10:51:59.809 [info] > git rev-parse --show-toplevel [1ms]
2025-11-08 10:51:59.809 [info] fatal: not a git repository (or any of the parent directories): .git
2025-11-08 10:51:59.816 [info] > git rev-parse --show-toplevel [1ms]
2025-11-08 10:51:59.816 [info] fatal: not a git repository (or any of the parent directories): .git
2025-11-08 10:51:59.825 [info] > git rev-parse --show-toplevel [2ms]
2025-11-08 10:51:59.825 [info] fatal: not a git repository (or any of the parent directories): .git
2025-11-08 10:51:59.833 [info] > git rev-parse --show-toplevel [2ms]
2025-11-08 10:51:59.833 [info] fatal: not a git repository (or any of the parent directories): .git
2025-11-08 10:51:59.840 [info] > git rev-parse --show-toplevel [1ms]
2025-11-08 10:51:59.840 [info] fatal: not a git repository (or any of the parent directories): .git
2025-11-08 10:51:59.848 [info] > git rev-parse --show-toplevel [1ms]
2025-11-08 10:51:59.848 [info] fatal: not a git repository (or any of the parent directories): .git
2025-11-08 10:51:59.855 [info] > git rev-parse --show-toplevel [1ms]
2025-11-08 10:51:59.855 [info] fatal: not a git repository (or any of the parent directories): .git
2025-11-08 10:51:59.862 [info] > git rev-parse --show-toplevel [1ms]
2025-11-08 10:51:59.862 [info] fatal: not a git repository (or any of the parent directories): .git
2025-11-08 10:51:59.871 [info] > git rev-parse --show-toplevel [2ms]
2025-11-08 10:51:59.871 [info] fatal: not a git repository (or any of the parent directories): .git
2025-11-08 10:51:59.885 [info] > git rev-parse --show-toplevel [5ms]
2025-11-08 10:51:59.885 [info] fatal: not a git repository (or any of the parent directories): .git
2025-11-08 10:51:59.900 [info] > git rev-parse --show-toplevel [3ms]
2025-11-08 10:51:59.900 [info] fatal: not a git repository (or any of the parent directories): .git
2025-11-08 10:51:59.909 [info] > git rev-parse --show-toplevel [1ms]
2025-11-08 10:51:59.909 [info] fatal: not a git repository (or any of the parent directories): .git
2025-11-08 10:51:59.920 [info] > git rev-parse --show-toplevel [3ms]
2025-11-08 10:51:59.920 [info] fatal: not a git repository (or any of the parent directories): .git
2025-11-08 10:51:59.929 [info] > git rev-parse --show-toplevel [1ms]
2025-11-08 10:51:59.929 [info] fatal: not a git repository (or any of the parent directories): .git
2025-11-08 10:51:59.944 [info] > git rev-parse --show-toplevel [7ms]
2025-11-08 10:51:59.944 [info] fatal: not a git repository (or any of the parent directories): .git
2025-11-08 10:51:59.945 [info] [Model][doInitialScan] Initial repository scan completed - repositories (0), closed repositories (0), parent repositories (0), unsafe repositories (0)
2025-11-08 10:52:02.282 [info] > git rev-parse --show-toplevel [3ms]
2025-11-08 10:52:02.282 [info] fatal: not a git repository (or any of the parent directories): .git
2025-11-08 10:52:04.252 [info] > git rev-parse --show-toplevel [9ms]
2025-11-08 10:52:04.262 [info] > git rev-parse --path-format=relative --show-toplevel [2ms]
2025-11-08 10:52:06.291 [info] > git rev-parse --show-toplevel [2ms]
2025-11-08 10:52:06.298 [info] > git rev-parse --path-format=relative --show-toplevel [1ms]
2025-11-08 10:52:07.056 [info] > git rev-parse --show-toplevel [3ms]
2025-11-08 10:52:07.064 [info] > git rev-parse --path-format=relative --show-toplevel [1ms]
2025-11-08 10:52:07.603 [info] > git rev-parse --show-toplevel [4ms]
2025-11-08 10:52:07.612 [info] > git rev-parse --path-format=relative --show-toplevel [1ms]
