2025-12-04 20:33:38.559 [info] [main] Log level: Info
2025-12-04 20:33:38.559 [info] [main] Validating found git in: "git"
2025-12-04 20:33:38.559 [info] [main] Using git "2.51.2" from "git"
2025-12-04 20:33:38.559 [info] [Model][doInitialScan] Initial repository scan started
2025-12-04 20:33:38.559 [info] > git rev-parse --show-toplevel [5ms]
2025-12-04 20:33:38.559 [info] fatal: not a git repository (or any of the parent directories): .git
2025-12-04 20:33:38.559 [info] > git rev-parse --show-toplevel [6ms]
2025-12-04 20:33:38.559 [info] fatal: not a git repository (or any of the parent directories): .git
2025-12-04 20:33:38.559 [info] > git rev-parse --show-toplevel [1ms]
2025-12-04 20:33:38.559 [info] fatal: not a git repository (or any of the parent directories): .git
2025-12-04 20:33:38.559 [info] > git rev-parse --show-toplevel [1ms]
2025-12-04 20:33:38.559 [info] fatal: not a git repository (or any of the parent directories): .git
2025-12-04 20:33:38.559 [info] > git rev-parse --show-toplevel [18ms]
2025-12-04 20:33:38.559 [info] fatal: not a git repository (or any of the parent directories): .git
2025-12-04 20:33:38.695 [info] > git rev-parse --show-toplevel [137ms]
2025-12-04 20:33:38.695 [info] fatal: not a git repository (or any of the parent directories): .git
2025-12-04 20:33:38.982 [info] > git rev-parse --show-toplevel [130ms]
2025-12-04 20:33:38.982 [info] fatal: not a git repository (or any of the parent directories): .git
2025-12-04 20:33:39.245 [info] > git rev-parse --show-toplevel [36ms]
2025-12-04 20:33:39.245 [info] fatal: not a git repository (or any of the parent directories): .git
2025-12-04 20:33:39.263 [info] > git rev-parse --show-toplevel [4ms]
2025-12-04 20:33:39.263 [info] fatal: not a git repository (or any of the parent directories): .git
2025-12-04 20:33:39.276 [info] > git rev-parse --show-toplevel [3ms]
2025-12-04 20:33:39.276 [info] fatal: not a git repository (or any of the parent directories): .git
2025-12-04 20:33:39.285 [info] > git rev-parse --show-toplevel [1ms]
2025-12-04 20:33:39.285 [info] fatal: not a git repository (or any of the parent directories): .git
2025-12-04 20:33:39.323 [info] > git rev-parse --show-toplevel [34ms]
2025-12-04 20:33:39.323 [info] fatal: not a git repository (or any of the parent directories): .git
2025-12-04 20:33:39.505 [info] > git rev-parse --show-toplevel [177ms]
2025-12-04 20:33:39.505 [info] fatal: not a git repository (or any of the parent directories): .git
2025-12-04 20:33:39.620 [info] > git rev-parse --show-toplevel [109ms]
2025-12-04 20:33:39.621 [info] fatal: not a git repository (or any of the parent directories): .git
2025-12-04 20:33:39.632 [info] > git rev-parse --show-toplevel [6ms]
2025-12-04 20:33:39.632 [info] fatal: not a git repository (or any of the parent directories): .git
2025-12-04 20:33:39.744 [info] > git rev-parse --show-toplevel [106ms]
2025-12-04 20:33:39.744 [info] fatal: not a git repository (or any of the parent directories): .git
2025-12-04 20:33:39.754 [info] > git rev-parse --show-toplevel [3ms]
2025-12-04 20:33:39.754 [info] fatal: not a git repository (or any of the parent directories): .git
2025-12-04 20:33:39.768 [info] > git rev-parse --show-toplevel [8ms]
2025-12-04 20:33:39.768 [info] fatal: not a git repository (or any of the parent directories): .git
2025-12-04 20:33:39.794 [info] > git rev-parse --show-toplevel [3ms]
2025-12-04 20:33:39.795 [info] fatal: not a git repository (or any of the parent directories): .git
2025-12-04 20:33:39.806 [info] > git rev-parse --show-toplevel [4ms]
2025-12-04 20:33:39.806 [info] fatal: not a git repository (or any of the parent directories): .git
2025-12-04 20:33:39.853 [info] > git rev-parse --show-toplevel [35ms]
2025-12-04 20:33:39.853 [info] fatal: not a git repository (or any of the parent directories): .git
2025-12-04 20:33:39.870 [info] > git rev-parse --show-toplevel [3ms]
2025-12-04 20:33:39.870 [info] fatal: not a git repository (or any of the parent directories): .git
2025-12-04 20:33:39.880 [info] > git rev-parse --show-toplevel [3ms]
2025-12-04 20:33:39.880 [info] fatal: not a git repository (or any of the parent directories): .git
2025-12-04 20:33:39.894 [info] > git rev-parse --show-toplevel [9ms]
2025-12-04 20:33:39.894 [info] fatal: not a git repository (or any of the parent directories): .git
2025-12-04 20:33:39.930 [info] > git rev-parse --show-toplevel [3ms]
2025-12-04 20:33:39.930 [info] fatal: not a git repository (or any of the parent directories): .git
2025-12-04 20:33:39.936 [info] > git rev-parse --show-toplevel [1ms]
2025-12-04 20:33:39.936 [info] fatal: not a git repository (or any of the parent directories): .git
2025-12-04 20:33:39.947 [info] > git rev-parse --show-toplevel [6ms]
2025-12-04 20:33:39.947 [info] fatal: not a git repository (or any of the parent directories): .git
2025-12-04 20:33:39.954 [info] > git rev-parse --show-toplevel [2ms]
2025-12-04 20:33:39.954 [info] fatal: not a git repository (or any of the parent directories): .git
2025-12-04 20:33:39.955 [info] [Model][doInitialScan] Initial repository scan completed - repositories (0), closed repositories (0), parent repositories (0), unsafe repositories (0)
2025-12-04 20:33:39.962 [info] > git rev-parse --show-toplevel [1ms]
2025-12-04 20:33:39.962 [info] fatal: not a git repository (or any of the parent directories): .git
2025-12-04 20:33:47.676 [info] > git rev-parse --show-toplevel [3ms]
2025-12-04 20:33:47.676 [info] fatal: not a git repository (or any of the parent directories): .git
2025-12-04 20:33:53.633 [info] > git rev-parse --show-toplevel [2ms]
2025-12-04 20:33:53.633 [info] fatal: not a git repository (or any of the parent directories): .git
2025-12-04 20:38:27.068 [info] > git rev-parse --show-toplevel [4ms]
2025-12-04 20:38:27.068 [info] fatal: not a git repository (or any of the parent directories): .git
2025-12-04 20:38:29.604 [info] > git rev-parse --show-toplevel [3ms]
2025-12-04 20:38:29.604 [info] fatal: not a git repository (or any of the parent directories): .git
2025-12-04 20:38:30.994 [info] > git rev-parse --show-toplevel [1ms]
2025-12-04 20:38:30.994 [info] fatal: not a git repository (or any of the parent directories): .git
2025-12-04 20:39:27.221 [info] > git rev-parse --show-toplevel [3ms]
2025-12-04 20:39:27.221 [info] fatal: not a git repository (or any of the parent directories): .git
2025-12-04 20:39:37.831 [info] > git rev-parse --show-toplevel [2ms]
2025-12-04 20:39:37.831 [info] fatal: not a git repository (or any of the parent directories): .git
2025-12-04 20:39:49.824 [info] > git rev-parse --show-toplevel [2ms]
2025-12-04 20:39:49.824 [info] fatal: not a git repository (or any of the parent directories): .git
2025-12-04 20:40:07.201 [info] > git rev-parse --show-toplevel [2ms]
2025-12-04 20:40:07.201 [info] fatal: not a git repository (or any of the parent directories): .git
2025-12-04 20:40:54.251 [info] > git rev-parse --show-toplevel [3ms]
2025-12-04 20:40:54.251 [info] fatal: not a git repository (or any of the parent directories): .git
2025-12-04 20:41:04.308 [info] > git rev-parse --show-toplevel [2ms]
2025-12-04 20:41:04.308 [info] fatal: not a git repository (or any of the parent directories): .git
2025-12-04 20:42:25.271 [info] > git rev-parse --show-toplevel [4ms]
2025-12-04 20:42:25.271 [info] fatal: not a git repository (or any of the parent directories): .git
2025-12-04 20:46:35.365 [info] > git rev-parse --show-toplevel [2ms]
2025-12-04 20:46:35.372 [info] > git rev-parse --path-format=relative --show-toplevel [2ms]
2025-12-04 20:46:36.936 [info] > git rev-parse --show-toplevel [1ms]
2025-12-04 20:46:36.944 [info] > git rev-parse --path-format=relative --show-toplevel [2ms]
2025-12-04 20:46:49.890 [info] > git rev-parse --show-toplevel [2ms]
2025-12-04 20:46:49.896 [info] > git rev-parse --path-format=relative --show-toplevel [2ms]
2025-12-04 20:46:51.735 [info] > git rev-parse --show-toplevel [2ms]
2025-12-04 20:46:51.741 [info] > git rev-parse --path-format=relative --show-toplevel [1ms]
2025-12-04 20:48:01.440 [info] > git rev-parse --show-toplevel [3ms]
2025-12-04 20:48:01.446 [info] > git rev-parse --path-format=relative --show-toplevel [1ms]
2025-12-04 20:48:03.535 [info] > git rev-parse --show-toplevel [2ms]
2025-12-04 20:48:03.542 [info] > git rev-parse --path-format=relative --show-toplevel [1ms]
2025-12-04 20:48:04.062 [info] > git rev-parse --show-toplevel [3ms]
2025-12-04 20:48:04.069 [info] > git rev-parse --path-format=relative --show-toplevel [2ms]
2025-12-04 20:48:10.986 [info] > git rev-parse --show-toplevel [2ms]
2025-12-04 20:48:10.987 [info] fatal: not a git repository (or any of the parent directories): .git
2025-12-04 20:48:35.204 [info] > git rev-parse --show-toplevel [2ms]
2025-12-04 20:48:35.210 [info] > git rev-parse --path-format=relative --show-toplevel [1ms]
2025-12-04 20:48:40.391 [info] > git rev-parse --show-toplevel [2ms]
2025-12-04 20:48:40.397 [info] > git rev-parse --path-format=relative --show-toplevel [1ms]
2025-12-04 20:53:53.327 [info] > git rev-parse --show-toplevel [4ms]
2025-12-04 20:53:53.327 [info] fatal: not a git repository (or any of the parent directories): .git
2025-12-04 20:53:53.923 [info] > git rev-parse --show-toplevel [3ms]
2025-12-04 20:53:53.929 [info] > git rev-parse --path-format=relative --show-toplevel [1ms]
2025-12-04 20:56:32.948 [info] > git rev-parse --show-toplevel [2ms]
2025-12-04 20:56:32.948 [info] fatal: not a git repository (or any of the parent directories): .git
2025-12-04 20:56:34.701 [info] > git rev-parse --show-toplevel [2ms]
2025-12-04 20:56:34.707 [info] > git rev-parse --path-format=relative --show-toplevel [1ms]
