2025-11-17 20:34:15.456 [error] Error: Unable to read file '/home/blueflowers/.vscode/extensions/local.dynamic-base16-dankshell-0.0.1/package.json' (Error: Unable to resolve nonexistent file '/home/blueflowers/.vscode/extensions/local.dynamic-base16-dankshell-0.0.1/package.json')
    at Kh.G (file:///opt/visual-studio-code/resources/app/out/vs/code/electron-utility/sharedProcess/sharedProcessMain.js:74:89877)
    at Kh.F (file:///opt/visual-studio-code/resources/app/out/vs/code/electron-utility/sharedProcess/sharedProcessMain.js:74:89702)
    at async Kh.D (file:///opt/visual-studio-code/resources/app/out/vs/code/electron-utility/sharedProcess/sharedProcessMain.js:74:89074)
    at async $a.u (file:///opt/visual-studio-code/resources/app/out/vs/code/electron-utility/sharedProcess/sharedProcessMain.js:74:45884)
    at async $a.scanExtension (file:///opt/visual-studio-code/resources/app/out/vs/code/electron-utility/sharedProcess/sharedProcessMain.js:74:44391)
    at async Promise.all (index 14)
    at async $a.r (file:///opt/visual-studio-code/resources/app/out/vs/code/electron-utility/sharedProcess/sharedProcessMain.js:74:42817)
    at async Sf.scanAllUserExtensions (file:///opt/visual-studio-code/resources/app/out/vs/code/electron-utility/sharedProcess/sharedProcessMain.js:74:35677)
    at async Wh.scanAllUserExtensions (file:///opt/visual-studio-code/resources/app/out/vs/code/electron-utility/sharedProcess/sharedProcessMain.js:74:69775)
    at async G9.H (file:///opt/visual-studio-code/resources/app/out/vs/code/electron-utility/sharedProcess/sharedProcessMain.js:74:59589)
    at async G9.s (file:///opt/visual-studio-code/resources/app/out/vs/code/electron-utility/sharedProcess/sharedProcessMain.js:74:57484)
2025-11-17 20:34:15.457 [error] Error: Unable to read file '/home/blueflowers/.vscode/extensions/local.dynamic-base16-dankshell-0.0.1/package.json' (Error: Unable to resolve nonexistent file '/home/blueflowers/.vscode/extensions/local.dynamic-base16-dankshell-0.0.1/package.json')
    at Kh.G (file:///opt/visual-studio-code/resources/app/out/vs/code/electron-utility/sharedProcess/sharedProcessMain.js:74:89877)
    at Kh.F (file:///opt/visual-studio-code/resources/app/out/vs/code/electron-utility/sharedProcess/sharedProcessMain.js:74:89702)
    at async Kh.D (file:///opt/visual-studio-code/resources/app/out/vs/code/electron-utility/sharedProcess/sharedProcessMain.js:74:89074)
    at async $a.u (file:///opt/visual-studio-code/resources/app/out/vs/code/electron-utility/sharedProcess/sharedProcessMain.js:74:45884)
    at async $a.scanExtension (file:///opt/visual-studio-code/resources/app/out/vs/code/electron-utility/sharedProcess/sharedProcessMain.js:74:44391)
    at async Promise.all (index 14)
    at async $a.r (file:///opt/visual-studio-code/resources/app/out/vs/code/electron-utility/sharedProcess/sharedProcessMain.js:74:42817)
    at async Sf.scanAllUserExtensions (file:///opt/visual-studio-code/resources/app/out/vs/code/electron-utility/sharedProcess/sharedProcessMain.js:74:35677)
    at async Wh.scanAllUserExtensions (file:///opt/visual-studio-code/resources/app/out/vs/code/electron-utility/sharedProcess/sharedProcessMain.js:74:69775)
    at async Wh.J (file:///opt/visual-studio-code/resources/app/out/vs/code/electron-utility/sharedProcess/sharedProcessMain.js:74:76793)
    at async Wh.cleanUp (file:///opt/visual-studio-code/resources/app/out/vs/code/electron-utility/sharedProcess/sharedProcessMain.js:74:69161)
    at async qh.cleanUp (file:///opt/visual-studio-code/resources/app/out/vs/code/electron-utility/sharedProcess/sharedProcessMain.js:74:63578)
2025-11-17 20:34:15.528 [info] visualstudioexptteam.vscodeintellicode 1.3.2 Running post uninstall script
2025-11-17 20:34:15.538 [info] Marked extension as removed nowsci.glassit-linux-1.0.0
2025-11-17 20:34:15.538 [info] Marked extension as removed streetsidesoftware.code-spell-checker-4.3.0
2025-11-17 20:34:15.538 [info] Marked extension as removed visualstudioexptteam.intellicode-api-usage-examples-0.2.9
2025-11-17 20:34:15.538 [info] Marked extension as removed visualstudioexptteam.vscodeintellicode-1.3.2
2025-11-17 20:34:15.598 [error] visualstudioexptteam.vscodeintellicode 1.3.2 post-uninstall node:internal/modules/cjs/loader:1393
  throw err;
  ^

Error: Cannot find module '/home/blueflowers/.vscode/extensions/visualstudioexptteam.vscodeintellicode-1.3.2/dist/uninstall'
    at Module._resolveFilename (node:internal/modules/cjs/loader:1390:15)
    at defaultResolveImpl (node:internal/modules/cjs/loader:1032:19)
    at resolveForCJSWithHooks (node:internal/modules/cjs/loader:1037:22)
    at Module._load (node:internal/modules/cjs/loader:1199:37)
    at c._load (node:electron/js2c/node_init:2:17993)
    at TracingChannel.traceSync (node:diagnostics_channel:322:14)
    at wrapModuleLoad (node:internal/modules/cjs/loader:244:24)
    at Module.executeUserEntryPoint [as runMain] (node:internal/modules/run_main:186:5)
    at node:internal/main/run_main_module:36:49 {
  code: 'MODULE_NOT_FOUND',
  requireStack: []
}

Node.js v22.19.0

2025-11-17 20:34:15.601 [error] Failed to run post uninstall script visualstudioexptteam.vscodeintellicode 1.3.2
2025-11-17 20:34:15.601 [error] post-uninstall process exited with code 1
2025-11-17 20:34:15.606 [info] Deleted marked for removal extension from disk nowsci.glassit-linux /home/blueflowers/.vscode/extensions/nowsci.glassit-linux-1.0.0
2025-11-17 20:34:15.622 [info] Deleted marked for removal extension from disk visualstudioexptteam.vscodeintellicode /home/blueflowers/.vscode/extensions/visualstudioexptteam.vscodeintellicode-1.3.2
2025-11-17 20:34:15.623 [info] Deleted marked for removal extension from disk streetsidesoftware.code-spell-checker /home/blueflowers/.vscode/extensions/streetsidesoftware.code-spell-checker-4.3.0
2025-11-17 20:34:15.625 [info] Deleted marked for removal extension from disk visualstudioexptteam.intellicode-api-usage-examples /home/blueflowers/.vscode/extensions/visualstudioexptteam.intellicode-api-usage-examples-0.2.9
2025-11-17 20:34:15.650 [error] Error: Unable to read file '/home/blueflowers/.vscode/extensions/local.dynamic-base16-dankshell-0.0.1/package.json' (Error: Unable to resolve nonexistent file '/home/blueflowers/.vscode/extensions/local.dynamic-base16-dankshell-0.0.1/package.json')
    at Kh.G (file:///opt/visual-studio-code/resources/app/out/vs/code/electron-utility/sharedProcess/sharedProcessMain.js:74:89877)
    at Kh.F (file:///opt/visual-studio-code/resources/app/out/vs/code/electron-utility/sharedProcess/sharedProcessMain.js:74:89702)
    at async Kh.D (file:///opt/visual-studio-code/resources/app/out/vs/code/electron-utility/sharedProcess/sharedProcessMain.js:74:89074)
    at async $a.u (file:///opt/visual-studio-code/resources/app/out/vs/code/electron-utility/sharedProcess/sharedProcessMain.js:74:45884)
    at async $a.scanExtension (file:///opt/visual-studio-code/resources/app/out/vs/code/electron-utility/sharedProcess/sharedProcessMain.js:74:44391)
    at async Promise.all (index 13)
    at async $a.r (file:///opt/visual-studio-code/resources/app/out/vs/code/electron-utility/sharedProcess/sharedProcessMain.js:74:42817)
    at async Sf.scanAllUserExtensions (file:///opt/visual-studio-code/resources/app/out/vs/code/electron-utility/sharedProcess/sharedProcessMain.js:74:35677)
    at async Wh.I (file:///opt/visual-studio-code/resources/app/out/vs/code/electron-utility/sharedProcess/sharedProcessMain.js:74:76324)
    at async Wh.cleanUp (file:///opt/visual-studio-code/resources/app/out/vs/code/electron-utility/sharedProcess/sharedProcessMain.js:74:69176)
    at async qh.cleanUp (file:///opt/visual-studio-code/resources/app/out/vs/code/electron-utility/sharedProcess/sharedProcessMain.js:74:63578)
2025-11-17 20:36:10.464 [info] Getting Manifest... s-nlf-fh.glassit
2025-11-17 20:36:12.725 [info] Installing extension: s-nlf-fh.glassit {"isMachineScoped":false,"installPreReleaseVersion":false,"pinned":false,"profileLocation":{"$mid":1,"external":"vscode-userdata:/home/blueflowers/.vscode/extensions/extensions.json","path":"/home/blueflowers/.vscode/extensions/extensions.json","scheme":"vscode-userdata"},"isApplicationScoped":false,"productVersion":{"version":"1.105.1","date":"2025-10-14T22:33:36.618Z"}}
2025-11-17 20:36:13.968 [info] Extension signature verification result for s-nlf-fh.glassit: Success. Internal Code: 0. Executed: true. Duration: 487ms.
2025-11-17 20:36:14.022 [info] Extracted extension to file:///home/blueflowers/.vscode/extensions/s-nlf-fh.glassit-0.2.6: s-nlf-fh.glassit
2025-11-17 20:36:14.026 [info] Renamed to /home/blueflowers/.vscode/extensions/s-nlf-fh.glassit-0.2.6
2025-11-17 20:36:14.045 [info] Extension installed successfully: s-nlf-fh.glassit vscode-userdata:/home/blueflowers/.vscode/extensions/extensions.json
2025-11-17 20:36:20.011 [info] Uninstalling extension from the profile: s-nlf-fh.glassit@0.2.6 vscode-userdata:/home/blueflowers/.vscode/extensions/extensions.json
2025-11-17 20:36:20.034 [info] Marked extension as removed s-nlf-fh.glassit-0.2.6
2025-11-17 20:36:20.358 [info] Successfully uninstalled extension from the profile s-nlf-fh.glassit@0.2.6 vscode-userdata:/home/blueflowers/.vscode/extensions/extensions.json
