2025-11-08 10:38:44.450 [info] Reading sessions from keychain...
2025-11-08 10:38:44.450 [info] Getting sessions for all scopes...
2025-11-08 10:38:44.450 [info] Got stored sessions!
2025-11-08 10:38:44.450 [info] Got 1 verified sessions.
2025-11-08 10:38:44.450 [info] Got 1 sessions for ...
2025-11-08 10:38:44.450 [info] Getting sessions for all scopes...
2025-11-08 10:38:44.450 [info] Got 1 sessions for ...
2025-11-08 10:38:44.450 [info] Getting sessions for all scopes...
2025-11-08 10:38:44.450 [info] Got 1 sessions for ...
2025-11-08 10:38:44.450 [info] Getting sessions for all scopes...
2025-11-08 10:38:44.450 [info] Got 1 sessions for ...
2025-11-08 10:38:44.450 [info] Getting sessions for all scopes...
2025-11-08 10:38:44.450 [info] Got 1 sessions for ...
2025-11-08 10:38:44.450 [info] Getting sessions for all scopes...
2025-11-08 10:38:44.450 [info] Got 1 sessions for ...
2025-11-08 10:38:44.450 [info] Getting sessions for all scopes...
2025-11-08 10:38:44.450 [info] Got 1 sessions for ...
2025-11-08 10:38:44.450 [info] Getting sessions for all scopes...
2025-11-08 10:38:44.450 [info] Got 1 sessions for ...
2025-11-08 10:38:44.450 [info] Getting sessions for all scopes...
2025-11-08 10:38:44.450 [info] Got 1 sessions for ...
2025-11-08 10:38:44.450 [info] Getting sessions for all scopes...
2025-11-08 10:38:44.450 [info] Got 1 sessions for ...
2025-11-08 10:38:44.450 [info] Getting sessions for all scopes...
2025-11-08 10:38:44.450 [info] Got 1 sessions for ...
2025-11-08 10:38:44.450 [info] Getting sessions for all scopes...
2025-11-08 10:38:44.450 [info] Got 1 sessions for ...
2025-11-08 10:38:44.450 [info] Getting sessions for all scopes...
2025-11-08 10:38:44.450 [info] Got 1 sessions for ...
2025-11-08 10:38:44.450 [info] Getting sessions for all scopes...
2025-11-08 10:38:44.450 [info] Got 1 sessions for ...
2025-11-08 10:38:44.450 [info] Getting sessions for all scopes...
2025-11-08 10:38:44.450 [info] Got 1 sessions for ...
2025-11-08 10:38:44.450 [info] Getting sessions for all scopes...
2025-11-08 10:38:44.450 [info] Got 1 sessions for ...
2025-11-08 10:38:44.450 [info] Getting sessions for all scopes...
2025-11-08 10:38:44.450 [info] Got 1 sessions for ...
2025-11-08 10:38:44.450 [info] Getting sessions for all scopes...
2025-11-08 10:38:44.450 [info] Got 1 sessions for ...
2025-11-08 10:38:44.450 [info] Getting sessions for all scopes...
2025-11-08 10:38:44.450 [info] Got 1 sessions for ...
2025-11-08 10:38:44.450 [info] Getting sessions for all scopes...
2025-11-08 10:38:44.450 [info] Got 1 sessions for ...
2025-11-08 10:38:44.450 [info] Getting sessions for all scopes...
2025-11-08 10:38:44.450 [info] Got 1 sessions for ...
2025-11-08 10:38:44.450 [info] Getting sessions for read:user,repo,user:email,workflow...
2025-11-08 10:38:44.450 [info] Got 0 sessions for read:user,repo,user:email,workflow...
2025-11-08 10:38:44.539 [info] Getting sessions for user:email...
2025-11-08 10:38:44.539 [info] Got 1 sessions for user:email...
2025-11-08 10:38:44.540 [info] Getting sessions for read:user,repo,user:email,workflow...
2025-11-08 10:38:44.540 [info] Got 0 sessions for read:user,repo,user:email,workflow...
2025-11-08 10:38:46.063 [info] FetcherService: Electron fetch failed with status: 429 
2025-11-08 10:38:46.082 [info] Getting sessions for all scopes...
2025-11-08 10:38:46.082 [info] Got 1 sessions for ...
2025-11-08 10:38:46.400 [info] Getting sessions for all scopes...
2025-11-08 10:38:46.401 [info] Got 1 sessions for ...
2025-11-08 10:38:46.572 [info] Getting sessions for read:user,repo,user:email,workflow...
2025-11-08 10:38:46.572 [info] Got 0 sessions for read:user,repo,user:email,workflow...
2025-11-08 10:38:46.755 [info] Getting sessions for all scopes...
2025-11-08 10:38:46.755 [info] Got 1 sessions for ...
2025-11-08 10:38:46.760 [info] Getting sessions for all scopes...
2025-11-08 10:38:46.760 [info] Got 1 sessions for ...
2025-11-08 10:38:46.760 [info] Getting sessions for read:user,repo,user:email,workflow...
2025-11-08 10:38:46.760 [info] Got 0 sessions for read:user,repo,user:email,workflow...
2025-11-08 10:38:46.807 [info] Getting sessions for user:email...
2025-11-08 10:38:46.807 [info] Got 1 sessions for user:email...
2025-11-08 10:38:46.979 [info] Getting sessions for read:user...
2025-11-08 10:38:46.979 [info] Got 0 sessions for read:user...
2025-11-08 10:38:46.981 [info] Getting sessions for user:email...
2025-11-08 10:38:46.981 [info] Got 1 sessions for user:email...
2025-11-08 10:38:47.155 [info] Getting sessions for read:user,repo,user:email,workflow...
2025-11-08 10:38:47.155 [info] Got 0 sessions for read:user,repo,user:email,workflow...
2025-11-08 10:38:47.221 [info] FetcherService: Node fetch failed with status: 429 Too Many Requests
2025-11-08 10:38:47.428 [info] Getting sessions for all scopes...
2025-11-08 10:38:47.428 [info] Got 1 sessions for ...
2025-11-08 10:38:47.775 [info] Getting sessions for all scopes...
2025-11-08 10:38:47.775 [info] Got 1 sessions for ...
2025-11-08 10:38:47.775 [info] Getting sessions for all scopes...
2025-11-08 10:38:47.775 [info] Got 1 sessions for ...
2025-11-08 10:38:47.782 [info] Getting sessions for read:user,repo,user:email,workflow...
2025-11-08 10:38:47.782 [info] Got 0 sessions for read:user,repo,user:email,workflow...
2025-11-08 10:38:47.784 [info] Getting sessions for user:email...
2025-11-08 10:38:47.784 [info] Got 1 sessions for user:email...
2025-11-08 10:38:47.784 [info] Getting sessions for read:user,repo,user:email,workflow...
2025-11-08 10:38:47.784 [info] Got 0 sessions for read:user,repo,user:email,workflow...
2025-11-08 10:38:47.851 [info] Getting sessions for all scopes...
2025-11-08 10:38:47.851 [info] Got 1 sessions for ...
2025-11-08 10:38:47.852 [info] Getting sessions for all scopes...
2025-11-08 10:38:47.852 [info] Got 1 sessions for ...
2025-11-08 10:38:47.865 [info] Getting sessions for all scopes...
2025-11-08 10:38:47.865 [info] Got 1 sessions for ...
2025-11-08 10:38:47.866 [info] Getting sessions for all scopes...
2025-11-08 10:38:47.866 [info] Got 1 sessions for ...
2025-11-08 10:38:47.885 [info] Getting sessions for read:user,repo,user:email,workflow...
2025-11-08 10:38:47.885 [info] Got 0 sessions for read:user,repo,user:email,workflow...
2025-11-08 10:38:47.889 [info] Getting sessions for user:email...
2025-11-08 10:38:47.889 [info] Got 1 sessions for user:email...
2025-11-08 10:38:47.889 [info] Getting sessions for read:user,repo,user:email,workflow...
2025-11-08 10:38:47.890 [info] Got 0 sessions for read:user,repo,user:email,workflow...
2025-11-08 10:38:47.891 [info] Getting sessions for all scopes...
2025-11-08 10:38:47.891 [info] Got 1 sessions for ...
2025-11-08 10:38:47.891 [info] Getting sessions for read:user,repo,user:email,workflow...
2025-11-08 10:38:47.891 [info] Got 0 sessions for read:user,repo,user:email,workflow...
2025-11-08 10:38:47.892 [info] Getting sessions for user:email...
2025-11-08 10:38:47.892 [info] Got 1 sessions for user:email...
2025-11-08 10:38:47.951 [info] FetcherService: Node http/s failed with status: 429 Too Many Requests
2025-11-08 10:38:49.037 [info] Getting sessions for all scopes...
2025-11-08 10:38:49.037 [info] Got 1 sessions for ...
