2025-11-17 20:34:18.367 [info] Reading sessions from keychain...
2025-11-17 20:34:18.367 [info] Getting sessions for all scopes...
2025-11-17 20:34:18.367 [info] Got stored sessions!
2025-11-17 20:34:18.367 [info] Got 1 verified sessions.
2025-11-17 20:34:18.367 [info] Got 1 sessions for ...
2025-11-17 20:34:18.367 [info] Getting sessions for all scopes...
2025-11-17 20:34:18.367 [info] Got 1 sessions for ...
2025-11-17 20:34:18.367 [info] Getting sessions for all scopes...
2025-11-17 20:34:18.367 [info] Got 1 sessions for ...
2025-11-17 20:34:18.367 [info] Getting sessions for all scopes...
2025-11-17 20:34:18.367 [info] Got 1 sessions for ...
2025-11-17 20:34:18.367 [info] Getting sessions for all scopes...
2025-11-17 20:34:18.367 [info] Got 1 sessions for ...
2025-11-17 20:34:18.367 [info] Getting sessions for all scopes...
2025-11-17 20:34:18.367 [info] Got 1 sessions for ...
2025-11-17 20:34:18.367 [info] Getting sessions for all scopes...
2025-11-17 20:34:18.367 [info] Got 1 sessions for ...
2025-11-17 20:34:18.367 [info] Getting sessions for all scopes...
2025-11-17 20:34:18.367 [info] Got 1 sessions for ...
2025-11-17 20:34:18.367 [info] Getting sessions for all scopes...
2025-11-17 20:34:18.367 [info] Got 1 sessions for ...
2025-11-17 20:34:18.367 [info] Getting sessions for all scopes...
2025-11-17 20:34:18.367 [info] Got 1 sessions for ...
2025-11-17 20:34:18.367 [info] Getting sessions for all scopes...
2025-11-17 20:34:18.367 [info] Got 1 sessions for ...
2025-11-17 20:34:18.367 [info] Getting sessions for all scopes...
2025-11-17 20:34:18.367 [info] Got 1 sessions for ...
2025-11-17 20:34:18.367 [info] Getting sessions for all scopes...
2025-11-17 20:34:18.367 [info] Got 1 sessions for ...
2025-11-17 20:34:18.367 [info] Getting sessions for all scopes...
2025-11-17 20:34:18.367 [info] Got 1 sessions for ...
2025-11-17 20:34:18.367 [info] Getting sessions for all scopes...
2025-11-17 20:34:18.367 [info] Got 1 sessions for ...
2025-11-17 20:34:18.367 [info] Getting sessions for all scopes...
2025-11-17 20:34:18.367 [info] Got 1 sessions for ...
2025-11-17 20:34:18.367 [info] Getting sessions for all scopes...
2025-11-17 20:34:18.367 [info] Got 1 sessions for ...
2025-11-17 20:34:18.367 [info] Getting sessions for all scopes...
2025-11-17 20:34:18.367 [info] Got 1 sessions for ...
2025-11-17 20:34:18.367 [info] Getting sessions for all scopes...
2025-11-17 20:34:18.367 [info] Got 1 sessions for ...
2025-11-17 20:34:18.367 [info] Getting sessions for all scopes...
2025-11-17 20:34:18.367 [info] Got 1 sessions for ...
2025-11-17 20:34:18.367 [info] Getting sessions for all scopes...
2025-11-17 20:34:18.367 [info] Got 1 sessions for ...
2025-11-17 20:34:18.367 [info] Getting sessions for read:user,repo,user:email,workflow...
2025-11-17 20:34:18.367 [info] Got 0 sessions for read:user,repo,user:email,workflow...
2025-11-17 20:34:19.855 [info] Getting sessions for user:email...
2025-11-17 20:34:19.855 [info] Got 1 sessions for user:email...
2025-11-17 20:34:19.855 [info] Getting sessions for read:user,repo,user:email,workflow...
2025-11-17 20:34:19.855 [info] Got 0 sessions for read:user,repo,user:email,workflow...
2025-11-17 20:34:20.189 [info] Getting sessions for all scopes...
2025-11-17 20:34:20.189 [info] Got 1 sessions for ...
2025-11-17 20:34:20.375 [info] Getting sessions for all scopes...
2025-11-17 20:34:20.375 [info] Got 1 sessions for ...
2025-11-17 20:34:20.375 [info] Getting sessions for all scopes...
2025-11-17 20:34:20.375 [info] Got 1 sessions for ...
2025-11-17 20:34:20.566 [info] Getting sessions for all scopes...
2025-11-17 20:34:20.566 [info] Got 1 sessions for ...
2025-11-17 20:34:20.568 [info] Getting sessions for all scopes...
2025-11-17 20:34:20.568 [info] Got 1 sessions for ...
2025-11-17 20:34:20.568 [info] Getting sessions for read:user,repo,user:email,workflow...
2025-11-17 20:34:20.568 [info] Got 0 sessions for read:user,repo,user:email,workflow...
2025-11-17 20:34:20.569 [info] Getting sessions for read:user,repo,user:email,workflow...
2025-11-17 20:34:20.569 [info] Got 0 sessions for read:user,repo,user:email,workflow...
2025-11-17 20:34:20.771 [info] Getting sessions for read:user...
2025-11-17 20:34:20.771 [info] Got 0 sessions for read:user...
2025-11-17 20:34:20.771 [info] Getting sessions for user:email...
2025-11-17 20:34:20.771 [info] Got 1 sessions for user:email...
2025-11-17 20:34:20.800 [info] Getting sessions for user:email...
2025-11-17 20:34:20.800 [info] Got 1 sessions for user:email...
2025-11-17 20:34:20.953 [info] Getting sessions for read:user,repo,user:email,workflow...
2025-11-17 20:34:20.953 [info] Got 0 sessions for read:user,repo,user:email,workflow...
2025-11-17 20:34:21.162 [info] Getting sessions for all scopes...
2025-11-17 20:34:21.162 [info] Got 1 sessions for ...
2025-11-17 20:34:21.221 [info] FetcherService: Electron fetch failed with status: 429 
2025-11-17 20:34:22.040 [info] Getting sessions for all scopes...
2025-11-17 20:34:22.040 [info] Got 1 sessions for ...
2025-11-17 20:34:22.041 [info] Getting sessions for all scopes...
2025-11-17 20:34:22.041 [info] Got 1 sessions for ...
2025-11-17 20:34:22.057 [info] Getting sessions for read:user,repo,user:email,workflow...
2025-11-17 20:34:22.057 [info] Got 0 sessions for read:user,repo,user:email,workflow...
2025-11-17 20:34:22.062 [info] Getting sessions for user:email...
2025-11-17 20:34:22.062 [info] Got 1 sessions for user:email...
2025-11-17 20:34:22.062 [info] Getting sessions for read:user,repo,user:email,workflow...
2025-11-17 20:34:22.062 [info] Got 0 sessions for read:user,repo,user:email,workflow...
2025-11-17 20:34:22.117 [info] Getting sessions for all scopes...
2025-11-17 20:34:22.117 [info] Got 1 sessions for ...
2025-11-17 20:34:22.119 [info] Getting sessions for all scopes...
2025-11-17 20:34:22.119 [info] Got 1 sessions for ...
2025-11-17 20:34:22.125 [info] Getting sessions for all scopes...
2025-11-17 20:34:22.125 [info] Got 1 sessions for ...
2025-11-17 20:34:22.125 [info] Getting sessions for all scopes...
2025-11-17 20:34:22.125 [info] Got 1 sessions for ...
2025-11-17 20:34:22.130 [info] Getting sessions for read:user,repo,user:email,workflow...
2025-11-17 20:34:22.130 [info] Got 0 sessions for read:user,repo,user:email,workflow...
2025-11-17 20:34:22.131 [info] Getting sessions for user:email...
2025-11-17 20:34:22.131 [info] Got 1 sessions for user:email...
2025-11-17 20:34:22.131 [info] Getting sessions for read:user,repo,user:email,workflow...
2025-11-17 20:34:22.131 [info] Got 0 sessions for read:user,repo,user:email,workflow...
2025-11-17 20:34:22.132 [info] Getting sessions for all scopes...
2025-11-17 20:34:22.132 [info] Got 1 sessions for ...
2025-11-17 20:34:22.133 [info] Getting sessions for read:user,repo,user:email,workflow...
2025-11-17 20:34:22.133 [info] Got 0 sessions for read:user,repo,user:email,workflow...
2025-11-17 20:34:22.133 [info] Getting sessions for user:email...
2025-11-17 20:34:22.133 [info] Got 1 sessions for user:email...
2025-11-17 20:34:23.794 [info] Getting sessions for all scopes...
2025-11-17 20:34:23.794 [info] Got 1 sessions for ...
2025-11-17 20:34:24.117 [info] FetcherService: Node fetch failed with status: 429 Too Many Requests
2025-11-17 20:34:24.982 [info] FetcherService: Node http/s failed with status: 429 Too Many Requests
2025-11-17 20:36:25.555 [info] Reading sessions from keychain...
2025-11-17 20:36:25.555 [info] Got stored sessions!
2025-11-17 20:36:25.555 [info] Got 1 verified sessions.
2025-11-17 20:36:25.555 [info] Getting sessions for all scopes...
2025-11-17 20:36:25.555 [info] Got 1 sessions for ...
2025-11-17 20:36:25.555 [info] Getting sessions for all scopes...
2025-11-17 20:36:25.555 [info] Got 1 sessions for ...
2025-11-17 20:36:25.555 [info] Getting sessions for all scopes...
2025-11-17 20:36:25.555 [info] Got 1 sessions for ...
2025-11-17 20:36:25.555 [info] Getting sessions for all scopes...
2025-11-17 20:36:25.555 [info] Got 1 sessions for ...
2025-11-17 20:36:25.555 [info] Getting sessions for all scopes...
2025-11-17 20:36:25.555 [info] Got 1 sessions for ...
2025-11-17 20:36:25.555 [info] Getting sessions for all scopes...
2025-11-17 20:36:25.555 [info] Got 1 sessions for ...
2025-11-17 20:36:25.555 [info] Getting sessions for all scopes...
2025-11-17 20:36:25.555 [info] Got 1 sessions for ...
2025-11-17 20:36:25.555 [info] Getting sessions for all scopes...
2025-11-17 20:36:25.555 [info] Got 1 sessions for ...
2025-11-17 20:36:25.555 [info] Getting sessions for all scopes...
2025-11-17 20:36:25.555 [info] Got 1 sessions for ...
2025-11-17 20:36:25.612 [info] Getting sessions for read:user,repo,user:email,workflow...
2025-11-17 20:36:25.612 [info] Got 0 sessions for read:user,repo,user:email,workflow...
2025-11-17 20:36:27.122 [info] Getting sessions for all scopes...
2025-11-17 20:36:27.122 [info] Got 1 sessions for ...
2025-11-17 20:36:27.188 [info] Getting sessions for user:email...
2025-11-17 20:36:27.188 [info] Got 1 sessions for user:email...
2025-11-17 20:36:27.188 [info] Getting sessions for read:user,repo,user:email,workflow...
2025-11-17 20:36:27.188 [info] Got 0 sessions for read:user,repo,user:email,workflow...
2025-11-17 20:36:27.544 [info] Getting sessions for all scopes...
2025-11-17 20:36:27.544 [info] Got 1 sessions for ...
2025-11-17 20:36:27.732 [info] Getting sessions for read:user,repo,user:email,workflow...
2025-11-17 20:36:27.732 [info] Got 0 sessions for read:user,repo,user:email,workflow...
2025-11-17 20:36:27.732 [info] Getting sessions for read:user,repo,user:email,workflow...
2025-11-17 20:36:27.732 [info] Got 0 sessions for read:user,repo,user:email,workflow...
2025-11-17 20:36:27.732 [info] Getting sessions for all scopes...
2025-11-17 20:36:27.732 [info] Got 1 sessions for ...
2025-11-17 20:36:27.758 [info] Getting sessions for read:user...
2025-11-17 20:36:27.758 [info] Got 0 sessions for read:user...
2025-11-17 20:36:27.759 [info] Getting sessions for user:email...
2025-11-17 20:36:27.759 [info] Got 1 sessions for user:email...
2025-11-17 20:36:27.759 [info] Getting sessions for read:user,repo,user:email,workflow...
2025-11-17 20:36:27.759 [info] Got 0 sessions for read:user,repo,user:email,workflow...
2025-11-17 20:36:27.767 [info] Getting sessions for read:user,repo,user:email,workflow...
2025-11-17 20:36:27.767 [info] Got 0 sessions for read:user,repo,user:email,workflow...
2025-11-17 20:36:27.768 [info] Getting sessions for user:email...
2025-11-17 20:36:27.768 [info] Got 1 sessions for user:email...
2025-11-17 20:36:27.768 [info] Getting sessions for user:email...
2025-11-17 20:36:27.768 [info] Got 1 sessions for user:email...
2025-11-17 20:36:28.059 [info] FetcherService: Electron fetch failed with status: 429 
2025-11-17 20:36:28.128 [info] Getting sessions for all scopes...
2025-11-17 20:36:28.128 [info] Got 1 sessions for ...
2025-11-17 20:36:28.327 [info] Getting sessions for all scopes...
2025-11-17 20:36:28.327 [info] Got 1 sessions for ...
2025-11-17 20:36:28.333 [info] Getting sessions for all scopes...
2025-11-17 20:36:28.333 [info] Got 1 sessions for ...
2025-11-17 20:36:28.337 [info] Getting sessions for read:user,repo,user:email,workflow...
2025-11-17 20:36:28.337 [info] Got 0 sessions for read:user,repo,user:email,workflow...
2025-11-17 20:36:28.346 [info] Getting sessions for user:email...
2025-11-17 20:36:28.346 [info] Got 1 sessions for user:email...
2025-11-17 20:36:28.346 [info] Getting sessions for read:user,repo,user:email,workflow...
2025-11-17 20:36:28.346 [info] Got 0 sessions for read:user,repo,user:email,workflow...
2025-11-17 20:36:28.394 [info] Getting sessions for all scopes...
2025-11-17 20:36:28.394 [info] Got 1 sessions for ...
2025-11-17 20:36:28.395 [info] Getting sessions for all scopes...
2025-11-17 20:36:28.395 [info] Got 1 sessions for ...
2025-11-17 20:36:28.396 [info] Getting sessions for read:user,repo,user:email,workflow...
2025-11-17 20:36:28.396 [info] Got 0 sessions for read:user,repo,user:email,workflow...
2025-11-17 20:36:28.397 [info] Getting sessions for user:email...
2025-11-17 20:36:28.397 [info] Got 1 sessions for user:email...
2025-11-17 20:36:28.397 [info] Getting sessions for read:user,repo,user:email,workflow...
2025-11-17 20:36:28.397 [info] Got 0 sessions for read:user,repo,user:email,workflow...
2025-11-17 20:36:28.399 [info] Getting sessions for all scopes...
2025-11-17 20:36:28.399 [info] Got 1 sessions for ...
2025-11-17 20:36:28.399 [info] Getting sessions for read:user,repo,user:email,workflow...
2025-11-17 20:36:28.399 [info] Got 0 sessions for read:user,repo,user:email,workflow...
2025-11-17 20:36:28.400 [info] Getting sessions for user:email...
2025-11-17 20:36:28.400 [info] Got 1 sessions for user:email...
2025-11-17 20:36:28.798 [info] FetcherService: Node fetch failed with status: 429 Too Many Requests
