2025-12-05 22:19:01.111 [info] [aebc6443-996d-45c2-90f0-388ff96faa56] Native Broker is only available on Windows and macOS
2025-12-05 22:19:01.113 [info] [getSessions] [all] starting
2025-12-05 22:19:01.113 [info] [getSessions] [all] returned 0 session(s)
2025-12-05 22:19:01.113 [info] [getSessions] [all] starting
2025-12-05 22:19:01.113 [info] [getSessions] [all] returned 0 session(s)
2025-12-05 22:19:01.113 [info] [getSessions] [all] starting
2025-12-05 22:19:01.113 [info] [getSessions] [all] returned 0 session(s)
2025-12-05 22:19:01.114 [info] [getSessions] [499b84ac-1321-427f-aa17-267ca6975798/.default offline_access] starting
2025-12-05 22:19:01.114 [info] [aebc6443-996d-45c2-90f0-388ff96faa56] Native Broker is only available on Windows and macOS
2025-12-05 22:19:01.115 [info] [getSessions] [499b84ac-1321-427f-aa17-267ca6975798/.default offline_access] returned 0 session(s)
2025-12-05 22:19:02.119 [info] [getSessions] [499b84ac-1321-427f-aa17-267ca6975798/.default offline_access] starting
2025-12-05 22:19:02.119 [info] [getSessions] [499b84ac-1321-427f-aa17-267ca6975798/.default offline_access] returned 0 session(s)
2025-12-05 22:19:02.346 [info] [getSessions] [all] starting
2025-12-05 22:19:02.346 [info] [getSessions] [all] returned 0 session(s)
2025-12-05 22:19:11.147 [info] [aebc6443-996d-45c2-90f0-388ff96faa56] Native Broker is only available on Windows and macOS
2025-12-05 22:19:11.784 [info] [getSessions] [all] starting
2025-12-05 22:19:11.784 [info] [getSessions] [all] returned 0 session(s)
2025-12-05 22:19:11.784 [info] [getSessions] [all] starting
2025-12-05 22:19:11.784 [info] [getSessions] [all] returned 0 session(s)
2025-12-05 22:19:11.784 [info] [getSessions] [all] starting
2025-12-05 22:19:11.784 [info] [getSessions] [all] returned 0 session(s)
2025-12-05 22:19:11.816 [info] [getSessions] [499b84ac-1321-427f-aa17-267ca6975798/.default offline_access] starting
2025-12-05 22:19:11.816 [info] [aebc6443-996d-45c2-90f0-388ff96faa56] Native Broker is only available on Windows and macOS
2025-12-05 22:19:11.874 [info] [getSessions] [499b84ac-1321-427f-aa17-267ca6975798/.default offline_access] returned 0 session(s)
2025-12-05 22:19:12.983 [info] [getSessions] [499b84ac-1321-427f-aa17-267ca6975798/.default offline_access] starting
2025-12-05 22:19:12.983 [info] [getSessions] [499b84ac-1321-427f-aa17-267ca6975798/.default offline_access] returned 0 session(s)
2025-12-05 14:50:15.469 [info] [getSessions] [499b84ac-1321-427f-aa17-267ca6975798/.default offline_access] starting
2025-12-05 14:50:15.470 [info] [getSessions] [499b84ac-1321-427f-aa17-267ca6975798/.default offline_access] returned 0 session(s)
2025-12-05 14:50:16.087 [info] [getSessions] [499b84ac-1321-427f-aa17-267ca6975798/.default offline_access] starting
2025-12-05 14:50:16.087 [info] [getSessions] [499b84ac-1321-427f-aa17-267ca6975798/.default offline_access] returned 0 session(s)
