2025-11-08 10:50:22.281 [info] [main] Log level: Info
2025-11-08 10:50:22.281 [info] [main] Validating found git in: "git"
2025-11-08 10:50:22.281 [info] [main] Using git "2.51.2" from "git"
2025-11-08 10:50:22.281 [info] [Model][doInitialScan] Initial repository scan started
2025-11-08 10:50:22.281 [info] > git rev-parse --show-toplevel [9ms]
2025-11-08 10:50:22.281 [info] fatal: not a git repository (or any of the parent directories): .git
2025-11-08 10:50:22.281 [info] > git rev-parse --show-toplevel [9ms]
2025-11-08 10:50:22.281 [info] > git rev-parse --path-format=relative --show-toplevel [12ms]
2025-11-08 10:50:24.529 [info] > git rev-parse --show-toplevel [2ms]
2025-11-08 10:50:24.529 [info] fatal: not a git repository (or any of the parent directories): .git
2025-11-08 10:50:24.540 [info] > git rev-parse --show-toplevel [5ms]
2025-11-08 10:50:24.540 [info] fatal: not a git repository (or any of the parent directories): .git
2025-11-08 10:50:24.582 [info] > git rev-parse --show-toplevel [36ms]
2025-11-08 10:50:24.582 [info] fatal: not a git repository (or any of the parent directories): .git
2025-11-08 10:50:24.752 [info] > git rev-parse --show-toplevel [163ms]
2025-11-08 10:50:24.752 [info] fatal: not a git repository (or any of the parent directories): .git
2025-11-08 10:50:24.773 [info] > git rev-parse --show-toplevel [12ms]
2025-11-08 10:50:24.773 [info] fatal: not a git repository (or any of the parent directories): .git
2025-11-08 10:50:24.783 [info] > git rev-parse --show-toplevel [2ms]
2025-11-08 10:50:24.783 [info] fatal: not a git repository (or any of the parent directories): .git
2025-11-08 10:50:24.790 [info] > git rev-parse --show-toplevel [2ms]
2025-11-08 10:50:24.790 [info] fatal: not a git repository (or any of the parent directories): .git
2025-11-08 10:50:24.818 [info] > git rev-parse --show-toplevel [3ms]
2025-11-08 10:50:24.818 [info] fatal: not a git repository (or any of the parent directories): .git
2025-11-08 10:50:24.903 [info] > git rev-parse --show-toplevel [78ms]
2025-11-08 10:50:24.903 [info] fatal: not a git repository (or any of the parent directories): .git
2025-11-08 10:50:24.952 [info] > git rev-parse --show-toplevel [31ms]
2025-11-08 10:50:24.952 [info] fatal: not a git repository (or any of the parent directories): .git
2025-11-08 10:50:24.976 [info] > git rev-parse --show-toplevel [11ms]
2025-11-08 10:50:24.976 [info] fatal: not a git repository (or any of the parent directories): .git
2025-11-08 10:50:24.987 [info] > git rev-parse --show-toplevel [2ms]
2025-11-08 10:50:24.987 [info] fatal: not a git repository (or any of the parent directories): .git
2025-11-08 10:50:24.994 [info] > git rev-parse --show-toplevel [1ms]
2025-11-08 10:50:24.994 [info] fatal: not a git repository (or any of the parent directories): .git
2025-11-08 10:50:25.001 [info] > git rev-parse --show-toplevel [1ms]
2025-11-08 10:50:25.001 [info] fatal: not a git repository (or any of the parent directories): .git
2025-11-08 10:50:25.013 [info] > git rev-parse --show-toplevel [6ms]
2025-11-08 10:50:25.013 [info] fatal: not a git repository (or any of the parent directories): .git
2025-11-08 10:50:25.023 [info] > git rev-parse --show-toplevel [2ms]
2025-11-08 10:50:25.023 [info] fatal: not a git repository (or any of the parent directories): .git
2025-11-08 10:50:25.032 [info] > git rev-parse --show-toplevel [2ms]
2025-11-08 10:50:25.032 [info] fatal: not a git repository (or any of the parent directories): .git
2025-11-08 10:50:25.041 [info] > git rev-parse --show-toplevel [1ms]
2025-11-08 10:50:25.041 [info] fatal: not a git repository (or any of the parent directories): .git
2025-11-08 10:50:25.062 [info] > git rev-parse --show-toplevel [5ms]
2025-11-08 10:50:25.077 [info] > git rev-parse --git-dir --git-common-dir --show-superproject-working-tree [7ms]
2025-11-08 10:50:25.084 [info] [Model][openRepository] Opened repository (path): /home/blueflowers/.config/quickshell-backup
2025-11-08 10:50:25.084 [info] [Model][openRepository] Opened repository (real path): /home/blueflowers/.config/quickshell-backup
2025-11-08 10:50:25.084 [info] [Model][openRepository] Opened repository (kind): repository
2025-11-08 10:50:25.102 [info] > git rev-parse --show-toplevel [3ms]
2025-11-08 10:50:25.102 [info] fatal: not a git repository (or any of the parent directories): .git
2025-11-08 10:50:25.103 [info] > git config --get commit.template [10ms]
2025-11-08 10:50:25.120 [info] [Git][getRemotes] No remotes found in the git config file
2025-11-08 10:50:25.121 [info] > git rev-parse --show-toplevel [10ms]
2025-11-08 10:50:25.121 [info] fatal: not a git repository (or any of the parent directories): .git
2025-11-08 10:50:25.128 [info] > git for-each-ref --format=%(refname)%00%(upstream:short)%00%(objectname)%00%(upstream:track)%00%(upstream:remotename)%00%(upstream:remoteref) refs/heads/master refs/remotes/master [8ms]
2025-11-08 10:50:25.146 [info] > git status -z -uall [10ms]
2025-11-08 10:50:25.146 [info] > git rev-parse --show-toplevel [18ms]
2025-11-08 10:50:25.146 [info] fatal: not a git repository (or any of the parent directories): .git
2025-11-08 10:50:25.155 [info] > git for-each-ref --sort -committerdate --format %(refname)%00%(objectname)%00%(*objectname) [11ms]
2025-11-08 10:50:25.184 [info] > git for-each-ref --format=%(refname)%00%(upstream:short)%00%(objectname)%00%(upstream:track)%00%(upstream:remotename)%00%(upstream:remoteref) refs/heads/master refs/remotes/master [16ms]
2025-11-08 10:50:25.194 [info] > git rev-parse --show-toplevel [41ms]
2025-11-08 10:50:25.194 [info] fatal: not a git repository (or any of the parent directories): .git
2025-11-08 10:50:25.207 [info] > git config --get --local branch.master.vscode-merge-base [13ms]
2025-11-08 10:50:25.208 [warning] [Git][config] git config failed: Failed to execute git
2025-11-08 10:50:25.215 [info] > git config --get commit.template [33ms]
2025-11-08 10:50:25.216 [info] > git rev-parse --show-toplevel [10ms]
2025-11-08 10:50:25.216 [info] fatal: not a git repository (or any of the parent directories): .git
2025-11-08 10:50:25.227 [info] [Git][getRemotes] No remotes found in the git config file
2025-11-08 10:50:25.238 [info] > git reflog master --grep-reflog=branch: Created from *. [23ms]
2025-11-08 10:50:25.239 [info] > git rev-parse --show-toplevel [2ms]
2025-11-08 10:50:25.239 [info] fatal: not a git repository (or any of the parent directories): .git
2025-11-08 10:50:25.239 [info] > git for-each-ref --format=%(refname)%00%(upstream:short)%00%(objectname)%00%(upstream:track)%00%(upstream:remotename)%00%(upstream:remoteref) refs/heads/master refs/remotes/master [12ms]
2025-11-08 10:50:25.261 [info] > git status -z -uall [15ms]
2025-11-08 10:50:25.308 [info] > git rev-parse --show-toplevel [47ms]
2025-11-08 10:50:25.308 [info] fatal: not a git repository (or any of the parent directories): .git
2025-11-08 10:50:25.308 [info] > git for-each-ref --sort -committerdate --format %(refname)%00%(objectname)%00%(*objectname) [55ms]
2025-11-08 10:50:25.336 [info] > git rev-parse --show-toplevel [12ms]
2025-11-08 10:50:25.336 [info] fatal: not a git repository (or any of the parent directories): .git
2025-11-08 10:50:25.337 [info] [Model][doInitialScan] Initial repository scan completed - repositories (1), closed repositories (0), parent repositories (1), unsafe repositories (0)
2025-11-08 10:50:25.623 [info] > git check-ignore -v -z --stdin [2ms]
2025-11-08 10:50:27.125 [info] > git check-ignore -v -z --stdin [1ms]
2025-11-08 10:50:29.877 [warning] [Git][getHEAD] Failed to parse HEAD file: ENOENT: no such file or directory, open '/home/blueflowers/.config/quickshell-backup/.git/HEAD'
2025-11-08 10:50:29.889 [warning] [Git][getRemotes] Error: ENOENT: no such file or directory, open '/home/blueflowers/.config/quickshell-backup/.git/config'
2025-11-08 10:50:29.903 [warning] [Git][getHEAD] Failed to parse HEAD file: ENOENT: no such file or directory, open '/home/blueflowers/.config/quickshell-backup/.git/HEAD'
2025-11-08 10:50:29.916 [warning] [Git][getRemotes] Error: ENOENT: no such file or directory, open '/home/blueflowers/.config/quickshell-backup/.git/config'
2025-11-08 10:50:53.917 [info] > git rev-parse --show-toplevel [4ms]
2025-11-08 10:50:53.917 [info] fatal: not a git repository (or any of the parent directories): .git
