2025-12-05 22:18:52.184 [info] Reading sessions from keychain...
2025-12-05 22:18:52.184 [info] Got stored sessions!
2025-12-05 22:18:52.184 [info] Got 1 verified sessions.
2025-12-05 22:18:52.184 [info] Getting sessions for all scopes...
2025-12-05 22:18:52.184 [info] Got 1 sessions for ...
2025-12-05 22:18:52.184 [info] Getting sessions for all scopes...
2025-12-05 22:18:52.184 [info] Got 1 sessions for ...
2025-12-05 22:18:52.184 [info] Getting sessions for all scopes...
2025-12-05 22:18:52.184 [info] Got 1 sessions for ...
2025-12-05 22:18:52.184 [info] Getting sessions for all scopes...
2025-12-05 22:18:52.184 [info] Got 1 sessions for ...
2025-12-05 22:18:52.184 [info] Getting sessions for all scopes...
2025-12-05 22:18:52.184 [info] Got 1 sessions for ...
2025-12-05 22:18:52.184 [info] Getting sessions for all scopes...
2025-12-05 22:18:52.184 [info] Got 1 sessions for ...
2025-12-05 22:18:52.184 [info] Getting sessions for all scopes...
2025-12-05 22:18:52.184 [info] Got 1 sessions for ...
2025-12-05 22:18:52.184 [info] Getting sessions for all scopes...
2025-12-05 22:18:52.184 [info] Got 1 sessions for ...
2025-12-05 22:18:52.184 [info] Getting sessions for all scopes...
2025-12-05 22:18:52.184 [info] Got 1 sessions for ...
2025-12-05 22:18:52.184 [info] Getting sessions for all scopes...
2025-12-05 22:18:52.184 [info] Got 1 sessions for ...
2025-12-05 22:18:52.184 [info] Getting sessions for all scopes...
2025-12-05 22:18:52.184 [info] Got 1 sessions for ...
2025-12-05 22:18:52.184 [info] Getting sessions for all scopes...
2025-12-05 22:18:52.184 [info] Got 1 sessions for ...
2025-12-05 22:18:52.184 [info] Getting sessions for all scopes...
2025-12-05 22:18:52.184 [info] Got 1 sessions for ...
2025-12-05 22:18:52.184 [info] Getting sessions for all scopes...
2025-12-05 22:18:52.184 [info] Got 1 sessions for ...
2025-12-05 22:18:52.184 [info] Getting sessions for all scopes...
2025-12-05 22:18:52.184 [info] Got 1 sessions for ...
2025-12-05 22:18:52.184 [info] Getting sessions for all scopes...
2025-12-05 22:18:52.184 [info] Got 1 sessions for ...
2025-12-05 22:18:52.184 [info] Getting sessions for all scopes...
2025-12-05 22:18:52.184 [info] Got 1 sessions for ...
2025-12-05 22:18:52.184 [info] Getting sessions for all scopes...
2025-12-05 22:18:52.184 [info] Got 1 sessions for ...
2025-12-05 22:18:52.184 [info] Getting sessions for read:user,repo,user:email,workflow...
2025-12-05 22:18:52.184 [info] Got 0 sessions for read:user,repo,user:email,workflow...
2025-12-05 22:18:52.212 [info] Getting sessions for user:email...
2025-12-05 22:18:52.212 [info] Got 1 sessions for user:email...
2025-12-05 22:18:52.212 [info] Getting sessions for read:user,repo,user:email,workflow...
2025-12-05 22:18:52.212 [info] Got 0 sessions for read:user,repo,user:email,workflow...
2025-12-05 22:18:52.226 [info] Getting sessions for all scopes...
2025-12-05 22:18:52.226 [info] Got 1 sessions for ...
2025-12-05 22:18:52.227 [info] Getting sessions for read:user,repo,user:email,workflow...
2025-12-05 22:18:52.227 [info] Got 0 sessions for read:user,repo,user:email,workflow...
2025-12-05 22:18:52.227 [info] Getting sessions for user:email...
2025-12-05 22:18:52.227 [info] Got 1 sessions for user:email...
2025-12-05 22:18:52.731 [info] Getting sessions for all scopes...
2025-12-05 22:18:52.731 [info] Got 1 sessions for ...
2025-12-05 22:18:53.107 [info] Getting sessions for all scopes...
2025-12-05 22:18:53.107 [info] Got 1 sessions for ...
2025-12-05 22:18:53.107 [info] Getting sessions for all scopes...
2025-12-05 22:18:53.107 [info] Got 1 sessions for ...
2025-12-05 22:18:53.107 [info] Getting sessions for all scopes...
2025-12-05 22:18:53.107 [info] Got 1 sessions for ...
2025-12-05 22:18:53.191 [info] Getting sessions for read:user,repo,user:email,workflow...
2025-12-05 22:18:53.191 [info] Got 0 sessions for read:user,repo,user:email,workflow...
2025-12-05 22:18:53.196 [info] Getting sessions for all scopes...
2025-12-05 22:18:53.196 [info] Got 1 sessions for ...
2025-12-05 22:18:53.703 [info] FetcherService: Electron fetch failed with status: 429 
2025-12-05 22:18:53.704 [info] Getting sessions for user:email...
2025-12-05 22:18:53.704 [info] Got 1 sessions for user:email...
2025-12-05 22:18:53.705 [info] Getting sessions for read:user,repo,user:email,workflow...
2025-12-05 22:18:53.705 [info] Got 0 sessions for read:user,repo,user:email,workflow...
2025-12-05 22:18:53.821 [info] Getting sessions for all scopes...
2025-12-05 22:18:53.821 [info] Got 1 sessions for ...
2025-12-05 22:18:53.823 [info] Getting sessions for all scopes...
2025-12-05 22:18:53.823 [info] Got 1 sessions for ...
2025-12-05 22:18:53.829 [info] Getting sessions for all scopes...
2025-12-05 22:18:53.829 [info] Got 1 sessions for ...
2025-12-05 22:18:53.830 [info] Getting sessions for all scopes...
2025-12-05 22:18:53.830 [info] Got 1 sessions for ...
2025-12-05 22:18:53.836 [info] Getting sessions for read:user,repo,user:email,workflow...
2025-12-05 22:18:53.836 [info] Got 0 sessions for read:user,repo,user:email,workflow...
2025-12-05 22:18:53.836 [info] Getting sessions for read:user,repo,user:email,workflow...
2025-12-05 22:18:53.836 [info] Got 0 sessions for read:user,repo,user:email,workflow...
2025-12-05 22:18:53.849 [info] Getting sessions for user:email...
2025-12-05 22:18:53.849 [info] Got 1 sessions for user:email...
2025-12-05 22:18:53.850 [info] Getting sessions for read:user,repo,user:email,workflow...
2025-12-05 22:18:53.850 [info] Got 0 sessions for read:user,repo,user:email,workflow...
2025-12-05 22:18:54.080 [info] Getting sessions for all scopes...
2025-12-05 22:18:54.080 [info] Got 1 sessions for ...
2025-12-05 22:18:54.081 [info] Getting sessions for read:user,repo,user:email,workflow...
2025-12-05 22:18:54.081 [info] Got 0 sessions for read:user,repo,user:email,workflow...
2025-12-05 22:18:54.082 [info] Getting sessions for read:user,repo,user:email,workflow...
2025-12-05 22:18:54.082 [info] Got 0 sessions for read:user,repo,user:email,workflow...
2025-12-05 22:18:54.082 [info] Getting sessions for all scopes...
2025-12-05 22:18:54.082 [info] Got 1 sessions for ...
2025-12-05 22:18:54.083 [info] Getting sessions for read:user,repo,user:email,workflow...
2025-12-05 22:18:54.083 [info] Got 0 sessions for read:user,repo,user:email,workflow...
2025-12-05 22:18:54.083 [info] Getting sessions for user:email...
2025-12-05 22:18:54.083 [info] Got 1 sessions for user:email...
2025-12-05 22:18:54.547 [info] FetcherService: Node fetch failed with status: 429 Too Many Requests
2025-12-05 22:18:55.335 [info] FetcherService: Node http/s failed with status: 429 Too Many Requests
