2025-11-08 09:30:44.892 [info] Reading sessions from keychain...
2025-11-08 09:30:44.892 [info] Getting sessions for all scopes...
2025-11-08 09:30:45.667 [info] Got stored sessions!
2025-11-08 09:30:45.667 [info] Got 1 verified sessions.
2025-11-08 09:30:45.667 [info] Got 1 sessions for ...
2025-11-08 09:30:45.667 [info] Getting sessions for all scopes...
2025-11-08 09:30:45.667 [info] Got 1 sessions for ...
2025-11-08 09:30:45.667 [info] Getting sessions for all scopes...
2025-11-08 09:30:45.667 [info] Got 1 sessions for ...
2025-11-08 09:30:45.667 [info] Getting sessions for all scopes...
2025-11-08 09:30:45.667 [info] Got 1 sessions for ...
2025-11-08 09:30:45.667 [info] Getting sessions for all scopes...
2025-11-08 09:30:45.667 [info] Got 1 sessions for ...
2025-11-08 09:30:45.667 [info] Getting sessions for all scopes...
2025-11-08 09:30:45.667 [info] Got 1 sessions for ...
2025-11-08 09:30:45.668 [info] Getting sessions for all scopes...
2025-11-08 09:30:45.668 [info] Got 1 sessions for ...
2025-11-08 09:30:45.668 [info] Getting sessions for all scopes...
2025-11-08 09:30:45.668 [info] Got 1 sessions for ...
2025-11-08 09:30:45.668 [info] Getting sessions for all scopes...
2025-11-08 09:30:45.668 [info] Got 1 sessions for ...
2025-11-08 09:30:45.674 [info] Getting sessions for all scopes...
2025-11-08 09:30:45.674 [info] Got 1 sessions for ...
2025-11-08 09:30:45.933 [info] Getting sessions for all scopes...
2025-11-08 09:30:45.933 [info] Got 1 sessions for ...
2025-11-08 09:30:45.994 [info] Getting sessions for all scopes...
2025-11-08 09:30:45.994 [info] Got 1 sessions for ...
2025-11-08 09:30:45.994 [info] Getting sessions for all scopes...
2025-11-08 09:30:45.994 [info] Got 1 sessions for ...
2025-11-08 09:30:45.994 [info] Getting sessions for all scopes...
2025-11-08 09:30:45.994 [info] Got 1 sessions for ...
2025-11-08 09:30:45.994 [info] Getting sessions for all scopes...
2025-11-08 09:30:45.994 [info] Got 1 sessions for ...
2025-11-08 09:30:45.994 [info] Getting sessions for all scopes...
2025-11-08 09:30:45.994 [info] Got 1 sessions for ...
2025-11-08 09:30:45.994 [info] Getting sessions for all scopes...
2025-11-08 09:30:45.994 [info] Got 1 sessions for ...
2025-11-08 09:30:46.199 [info] Getting sessions for read:user,repo,user:email,workflow...
2025-11-08 09:30:46.199 [info] Got 0 sessions for read:user,repo,user:email,workflow...
2025-11-08 09:30:48.010 [info] Getting sessions for all scopes...
2025-11-08 09:30:48.010 [info] Got 1 sessions for ...
2025-11-08 09:30:48.010 [info] Getting sessions for all scopes...
2025-11-08 09:30:48.010 [info] Got 1 sessions for ...
2025-11-08 09:30:48.010 [info] Getting sessions for all scopes...
2025-11-08 09:30:48.010 [info] Got 1 sessions for ...
2025-11-08 09:30:48.026 [info] Getting sessions for all scopes...
2025-11-08 09:30:48.026 [info] Got 1 sessions for ...
2025-11-08 09:30:48.057 [info] Getting sessions for user:email...
2025-11-08 09:30:48.057 [info] Got 1 sessions for user:email...
2025-11-08 09:30:48.057 [info] Getting sessions for read:user,repo,user:email,workflow...
2025-11-08 09:30:48.057 [info] Got 0 sessions for read:user,repo,user:email,workflow...
2025-11-08 09:30:48.410 [info] Getting sessions for all scopes...
2025-11-08 09:30:48.410 [info] Got 1 sessions for ...
2025-11-08 09:30:48.512 [info] Getting sessions for user:email...
2025-11-08 09:30:48.512 [info] Got 1 sessions for user:email...
2025-11-08 09:30:48.728 [info] Getting sessions for all scopes...
2025-11-08 09:30:48.728 [info] Got 1 sessions for ...
2025-11-08 09:30:48.739 [info] Getting sessions for all scopes...
2025-11-08 09:30:48.739 [info] Got 1 sessions for ...
2025-11-08 09:30:48.739 [info] Getting sessions for read:user,repo,user:email,workflow...
2025-11-08 09:30:48.739 [info] Got 0 sessions for read:user,repo,user:email,workflow...
2025-11-08 09:30:48.945 [info] FetcherService: Electron fetch failed with status: 429 
2025-11-08 09:30:48.947 [info] Getting sessions for read:user...
2025-11-08 09:30:48.947 [info] Got 0 sessions for read:user...
2025-11-08 09:30:49.019 [info] Getting sessions for user:email...
2025-11-08 09:30:49.019 [info] Got 1 sessions for user:email...
2025-11-08 09:30:49.085 [info] Getting sessions for read:user,repo,user:email,workflow...
2025-11-08 09:30:49.085 [info] Got 0 sessions for read:user,repo,user:email,workflow...
2025-11-08 09:30:49.390 [info] Getting sessions for all scopes...
2025-11-08 09:30:49.390 [info] Got 1 sessions for ...
2025-11-08 09:30:49.690 [info] FetcherService: Node fetch failed with status: 429 Too Many Requests
2025-11-08 09:30:50.407 [info] FetcherService: Node http/s failed with status: 429 Too Many Requests
2025-11-08 09:30:54.855 [info] Getting sessions for all scopes...
2025-11-08 09:30:54.855 [info] Got 1 sessions for ...
2025-11-08 09:30:54.855 [info] Getting sessions for all scopes...
2025-11-08 09:30:54.855 [info] Got 1 sessions for ...
2025-11-08 09:30:54.863 [info] Getting sessions for read:user,repo,user:email,workflow...
2025-11-08 09:30:54.863 [info] Got 0 sessions for read:user,repo,user:email,workflow...
2025-11-08 09:30:54.863 [info] Getting sessions for user:email...
2025-11-08 09:30:54.863 [info] Got 1 sessions for user:email...
2025-11-08 09:30:54.863 [info] Getting sessions for read:user,repo,user:email,workflow...
2025-11-08 09:30:54.863 [info] Got 0 sessions for read:user,repo,user:email,workflow...
2025-11-08 09:30:54.910 [info] Getting sessions for all scopes...
2025-11-08 09:30:54.910 [info] Got 1 sessions for ...
2025-11-08 09:30:54.910 [info] Getting sessions for all scopes...
2025-11-08 09:30:54.910 [info] Got 1 sessions for ...
2025-11-08 09:30:54.911 [info] Getting sessions for all scopes...
2025-11-08 09:30:54.911 [info] Got 1 sessions for ...
2025-11-08 09:30:54.911 [info] Getting sessions for all scopes...
2025-11-08 09:30:54.911 [info] Got 1 sessions for ...
2025-11-08 09:30:54.912 [info] Getting sessions for read:user,repo,user:email,workflow...
2025-11-08 09:30:54.912 [info] Got 0 sessions for read:user,repo,user:email,workflow...
2025-11-08 09:30:54.913 [info] Getting sessions for user:email...
2025-11-08 09:30:54.913 [info] Got 1 sessions for user:email...
2025-11-08 09:30:54.913 [info] Getting sessions for read:user,repo,user:email,workflow...
2025-11-08 09:30:54.913 [info] Got 0 sessions for read:user,repo,user:email,workflow...
2025-11-08 09:30:54.914 [info] Getting sessions for all scopes...
2025-11-08 09:30:54.914 [info] Got 1 sessions for ...
2025-11-08 09:30:54.915 [info] Getting sessions for read:user,repo,user:email,workflow...
2025-11-08 09:30:54.915 [info] Got 0 sessions for read:user,repo,user:email,workflow...
2025-11-08 09:30:54.916 [info] Getting sessions for user:email...
2025-11-08 09:30:54.916 [info] Got 1 sessions for user:email...
2025-11-08 09:30:56.107 [info] Getting sessions for all scopes...
2025-11-08 09:30:56.107 [info] Got 1 sessions for ...
