2025-11-13 10:02:11.429 [info] autoApprove: All sub-commands NOT auto-approved []
2025-11-13 10:02:11.430 [info] autoApprove: Command line NOT auto-approved []
2025-11-13 10:02:11.430 [info] - Command 'mkdir -p "$HOME/.config/quickshell/modules/dms_controlcenter"' has no matching auto approve entries []
2025-11-13 10:02:11.430 [info] - Command 'ln -sfn "$HOME/.config/quickshell/dms/Modules/ControlCenter" "$HOME/.config/quickshell/modules/dms_controlcenter/ControlCenter"' has no matching auto approve entries []
2025-11-13 10:02:11.430 [info] - Command 'ls -l "$HOME/.config/quickshell/modules/dms_controlcenter"' is approved by allow list rule: ls []
2025-11-13 10:02:11.430 [info] - Command line 'mkdir -p "$HOME/.config/quickshell/modules/dms_controlcenter" && ln -sfn "$HOME/.config/quickshell/dms/Modules/ControlCenter" "$HOME/.config/quickshell/modules/dms_controlcenter/ControlCenter" && ls -l "$HOME/.config/quickshell/modules/dms_controlcenter"' has no matching auto approve entries []
2025-11-13 10:02:16.877 [info] ToolTerminalCreator#createTerminal: Waiting 5000ms for shell integration []
2025-11-13 10:02:16.986 [info] ToolTerminalCreator#_waitForShellIntegration: Rich SI available eventually []
2025-11-13 10:02:16.986 [info] ToolTerminalCreator#_waitForShellIntegration: Promise complete, disposing store []
2025-11-13 10:02:16.986 [info] ToolTerminalCreator#createTerminal: Waiting up to 2s for PromptInputModel state to change []
2025-11-13 10:02:45.646 [info] autoApprove: All sub-commands NOT auto-approved []
2025-11-13 10:02:45.646 [info] autoApprove: Command line NOT auto-approved []
2025-11-13 10:02:45.647 [info] - Command '# show the new module path and the shell.qml diff head
ls -l "$HOME/.config/quickshell/modules/dms_controlcenter"' has no matching auto approve entries []
2025-11-13 10:02:45.647 [info] - Command 'sed -n '1,220p' "$HOME/.config/quickshell/shell.qml"' has no matching auto approve entries []
2025-11-13 10:02:45.647 [info] - Command line '# show the new module path and the shell.qml diff head
ls -l "$HOME/.config/quickshell/modules/dms_controlcenter" ; sed -n '1,220p' "$HOME/.config/quickshell/shell.qml"' has no matching auto approve entries []
2025-11-13 10:02:55.945 [info] autoApprove: All sub-commands NOT auto-approved []
2025-11-13 10:02:55.946 [info] autoApprove: Command line NOT auto-approved []
2025-11-13 10:02:55.946 [info] - Command 'readlink -f "$HOME/.config/quickshell/modules/dms_controlcenter/ControlCenter"' is approved by allow list rule: readlink []
2025-11-13 10:02:55.946 [info] - Command 'true' has no matching auto approve entries []
2025-11-13 10:02:55.946 [info] - Command 'grep -n "dmsControlCenterLoader" -n "$HOME/.config/quickshell/shell.qml"' is approved by allow list rule: grep []
2025-11-13 10:02:55.946 [info] - Command 'true' has no matching auto approve entries []
2025-11-13 10:02:55.946 [info] - Command 'sed -n '1,240p' "$HOME/.config/quickshell/shell.qml"' has no matching auto approve entries []
2025-11-13 10:02:55.946 [info] - Command line 'readlink -f "$HOME/.config/quickshell/modules/dms_controlcenter/ControlCenter" || true ; grep -n "dmsControlCenterLoader" -n "$HOME/.config/quickshell/shell.qml" || true ; sed -n '1,240p' "$HOME/.config/quickshell/shell.qml"' has no matching auto approve entries []
2025-11-13 10:04:23.449 [info] autoApprove: All sub-commands NOT auto-approved []
2025-11-13 10:04:23.449 [info] autoApprove: Command line NOT auto-approved []
2025-11-13 10:04:23.449 [info] - Command 'pkill -f quickshell' has no matching auto approve entries []
2025-11-13 10:04:23.450 [info] - Command 'true' has no matching auto approve entries []
2025-11-13 10:04:23.450 [info] - Command 'sleep 0.2' is approved by allow list rule: sleep []
2025-11-13 10:04:23.450 [info] - Command 'quickshell' has no matching auto approve entries []
2025-11-13 10:04:23.450 [info] - Command '/dev/null' has no matching auto approve entries []
2025-11-13 10:04:23.450 [info] - Command 'disown' has no matching auto approve entries []
2025-11-13 10:04:23.450 [info] - Command 'sleep 0.6' is approved by allow list rule: sleep []
2025-11-13 10:04:23.450 [info] - Command 'pgrep -af quickshell' has no matching auto approve entries []
2025-11-13 10:04:23.450 [info] - Command 'true' has no matching auto approve entries []
2025-11-13 10:04:23.450 [info] - Command line 'pkill -f quickshell || true ; sleep 0.2 ; quickshell >/dev/null 2>&1 & disown ; sleep 0.6 ; pgrep -af quickshell || true' has no matching auto approve entries []
2025-11-13 10:04:29.613 [info] autoApprove: All sub-commands NOT auto-approved []
2025-11-13 10:04:29.613 [info] autoApprove: Command line NOT auto-approved []
2025-11-13 10:04:29.614 [info] - Command 'pgrep -af quickshell' has no matching auto approve entries []
2025-11-13 10:04:29.614 [info] - Command 'true' has no matching auto approve entries []
2025-11-13 10:04:29.614 [info] - Command 'readlink -f "$HOME/.config/quickshell/modules/dms_controlcenter/ControlCenter"' is approved by allow list rule: readlink []
2025-11-13 10:04:29.614 [info] - Command 'true' has no matching auto approve entries []
2025-11-13 10:04:29.614 [info] - Command line 'pgrep -af quickshell || true ; readlink -f "$HOME/.config/quickshell/modules/dms_controlcenter/ControlCenter" || true' has no matching auto approve entries []
