2025-11-08 10:47:06.277 [info] [main] Log level: Info
2025-11-08 10:47:06.277 [info] [main] Validating found git in: "git"
2025-11-08 10:47:06.277 [info] [main] Using git "2.51.2" from "git"
2025-11-08 10:47:06.277 [info] [Model][doInitialScan] Initial repository scan started
2025-11-08 10:47:06.277 [info] > git rev-parse --show-toplevel [6ms]
2025-11-08 10:47:06.277 [info] fatal: not a git repository (or any of the parent directories): .git
2025-11-08 10:47:06.277 [info] > git rev-parse --show-toplevel [13ms]
2025-11-08 10:47:06.277 [info] fatal: not a git repository (or any of the parent directories): .git
2025-11-08 10:47:07.394 [info] > git rev-parse --show-toplevel [3ms]
2025-11-08 10:47:07.394 [info] fatal: not a git repository (or any of the parent directories): .git
2025-11-08 10:47:07.477 [info] > git rev-parse --show-toplevel [4ms]
2025-11-08 10:47:07.477 [info] fatal: not a git repository (or any of the parent directories): .git
2025-11-08 10:47:07.492 [info] > git rev-parse --show-toplevel [8ms]
2025-11-08 10:47:07.492 [info] fatal: not a git repository (or any of the parent directories): .git
2025-11-08 10:47:07.501 [info] > git rev-parse --show-toplevel [1ms]
2025-11-08 10:47:07.501 [info] fatal: not a git repository (or any of the parent directories): .git
2025-11-08 10:47:07.509 [info] > git rev-parse --show-toplevel [1ms]
2025-11-08 10:47:07.509 [info] fatal: not a git repository (or any of the parent directories): .git
2025-11-08 10:47:07.518 [info] > git rev-parse --show-toplevel [2ms]
2025-11-08 10:47:07.518 [info] fatal: not a git repository (or any of the parent directories): .git
2025-11-08 10:47:07.525 [info] > git rev-parse --show-toplevel [1ms]
2025-11-08 10:47:07.525 [info] fatal: not a git repository (or any of the parent directories): .git
2025-11-08 10:47:07.531 [info] > git rev-parse --show-toplevel [1ms]
2025-11-08 10:47:07.531 [info] fatal: not a git repository (or any of the parent directories): .git
2025-11-08 10:47:07.539 [info] > git rev-parse --show-toplevel [1ms]
2025-11-08 10:47:07.539 [info] fatal: not a git repository (or any of the parent directories): .git
2025-11-08 10:47:07.547 [info] > git rev-parse --show-toplevel [2ms]
2025-11-08 10:47:07.547 [info] fatal: not a git repository (or any of the parent directories): .git
2025-11-08 10:47:07.568 [info] > git rev-parse --show-toplevel [14ms]
2025-11-08 10:47:07.568 [info] fatal: not a git repository (or any of the parent directories): .git
2025-11-08 10:47:07.579 [info] > git rev-parse --show-toplevel [5ms]
2025-11-08 10:47:07.579 [info] fatal: not a git repository (or any of the parent directories): .git
2025-11-08 10:47:07.589 [info] > git rev-parse --show-toplevel [3ms]
2025-11-08 10:47:07.589 [info] fatal: not a git repository (or any of the parent directories): .git
2025-11-08 10:47:07.599 [info] > git rev-parse --show-toplevel [2ms]
2025-11-08 10:47:07.599 [info] fatal: not a git repository (or any of the parent directories): .git
2025-11-08 10:47:07.609 [info] > git rev-parse --show-toplevel [4ms]
2025-11-08 10:47:07.609 [info] fatal: not a git repository (or any of the parent directories): .git
2025-11-08 10:47:07.620 [info] > git rev-parse --show-toplevel [3ms]
2025-11-08 10:47:07.620 [info] fatal: not a git repository (or any of the parent directories): .git
2025-11-08 10:47:07.641 [info] > git rev-parse --show-toplevel [8ms]
2025-11-08 10:47:07.641 [info] fatal: not a git repository (or any of the parent directories): .git
2025-11-08 10:47:07.651 [info] > git rev-parse --show-toplevel [3ms]
2025-11-08 10:47:07.651 [info] fatal: not a git repository (or any of the parent directories): .git
2025-11-08 10:47:07.662 [info] > git rev-parse --show-toplevel [3ms]
2025-11-08 10:47:07.662 [info] fatal: not a git repository (or any of the parent directories): .git
2025-11-08 10:47:07.670 [info] > git rev-parse --show-toplevel [2ms]
2025-11-08 10:47:07.670 [info] fatal: not a git repository (or any of the parent directories): .git
2025-11-08 10:47:07.679 [info] > git rev-parse --show-toplevel [2ms]
2025-11-08 10:47:07.679 [info] fatal: not a git repository (or any of the parent directories): .git
2025-11-08 10:47:07.686 [info] > git rev-parse --show-toplevel [1ms]
2025-11-08 10:47:07.687 [info] fatal: not a git repository (or any of the parent directories): .git
2025-11-08 10:47:07.695 [info] > git rev-parse --show-toplevel [2ms]
2025-11-08 10:47:07.695 [info] fatal: not a git repository (or any of the parent directories): .git
2025-11-08 10:47:07.704 [info] > git rev-parse --show-toplevel [1ms]
2025-11-08 10:47:07.713 [info] > git rev-parse --git-dir --git-common-dir --show-superproject-working-tree [3ms]
2025-11-08 10:47:07.721 [info] [Model][openRepository] Opened repository (path): /home/blueflowers/.config/quickshell-backup
2025-11-08 10:47:07.721 [info] [Model][openRepository] Opened repository (real path): /home/blueflowers/.config/quickshell-backup
2025-11-08 10:47:07.721 [info] [Model][openRepository] Opened repository (kind): repository
2025-11-08 10:47:07.743 [info] > git rev-parse --show-toplevel [3ms]
2025-11-08 10:47:07.743 [info] fatal: not a git repository (or any of the parent directories): .git
2025-11-08 10:47:07.743 [info] > git config --get commit.template [12ms]
2025-11-08 10:47:07.787 [info] [Git][getRemotes] No remotes found in the git config file
2025-11-08 10:47:07.789 [info] > git rev-parse --show-toplevel [38ms]
2025-11-08 10:47:07.789 [info] fatal: not a git repository (or any of the parent directories): .git
2025-11-08 10:47:07.797 [info] > git for-each-ref --format=%(refname)%00%(upstream:short)%00%(objectname)%00%(upstream:track)%00%(upstream:remotename)%00%(upstream:remoteref) refs/heads/master refs/remotes/master [11ms]
2025-11-08 10:47:07.817 [info] > git status -z -uall [13ms]
2025-11-08 10:47:07.818 [info] > git for-each-ref --sort -committerdate --format %(refname)%00%(objectname)%00%(*objectname) [5ms]
2025-11-08 10:47:07.829 [info] > git rev-parse --show-toplevel [32ms]
2025-11-08 10:47:07.829 [info] fatal: not a git repository (or any of the parent directories): .git
2025-11-08 10:47:07.845 [info] > git for-each-ref --format=%(refname)%00%(upstream:short)%00%(objectname)%00%(upstream:track)%00%(upstream:remotename)%00%(upstream:remoteref) refs/heads/master refs/remotes/master [17ms]
2025-11-08 10:47:07.856 [info] > git config --get --local branch.master.vscode-merge-base [4ms]
2025-11-08 10:47:07.856 [warning] [Git][config] git config failed: Failed to execute git
2025-11-08 10:47:07.864 [info] > git rev-parse --show-toplevel [19ms]
2025-11-08 10:47:07.864 [info] fatal: not a git repository (or any of the parent directories): .git
2025-11-08 10:47:07.864 [info] > git config --get commit.template [26ms]
2025-11-08 10:47:07.885 [info] [Git][getRemotes] No remotes found in the git config file
2025-11-08 10:47:07.888 [info] > git rev-parse --show-toplevel [10ms]
2025-11-08 10:47:07.888 [info] fatal: not a git repository (or any of the parent directories): .git
2025-11-08 10:47:07.888 [info] > git reflog master --grep-reflog=branch: Created from *. [25ms]
2025-11-08 10:47:07.895 [info] > git for-each-ref --format=%(refname)%00%(upstream:short)%00%(objectname)%00%(upstream:track)%00%(upstream:remotename)%00%(upstream:remoteref) refs/heads/master refs/remotes/master [10ms]
2025-11-08 10:47:07.909 [info] > git status -z -uall [7ms]
2025-11-08 10:47:07.909 [info] > git rev-parse --show-toplevel [14ms]
2025-11-08 10:47:07.909 [info] fatal: not a git repository (or any of the parent directories): .git
2025-11-08 10:47:07.917 [info] > git for-each-ref --sort -committerdate --format %(refname)%00%(objectname)%00%(*objectname) [9ms]
2025-11-08 10:47:07.920 [info] > git rev-parse --show-toplevel [4ms]
2025-11-08 10:47:07.920 [info] fatal: not a git repository (or any of the parent directories): .git
2025-11-08 10:47:07.935 [info] > git rev-parse --show-toplevel [1ms]
2025-11-08 10:47:07.935 [info] fatal: not a git repository (or any of the parent directories): .git
2025-11-08 10:47:07.937 [info] [Model][doInitialScan] Initial repository scan completed - repositories (1), closed repositories (0), parent repositories (0), unsafe repositories (0)
2025-11-08 10:47:08.254 [info] > git check-ignore -v -z --stdin [2ms]
2025-11-08 10:47:32.959 [info] > git rev-parse --show-toplevel [6ms]
2025-11-08 10:47:32.959 [info] fatal: not a git repository (or any of the parent directories): .git
2025-11-08 10:47:36.349 [info] > git rev-parse --show-toplevel [5ms]
2025-11-08 10:47:36.349 [info] fatal: not a git repository (or any of the parent directories): .git
2025-11-08 10:48:07.543 [info] > git rev-parse --show-toplevel [4ms]
2025-11-08 10:48:07.543 [info] fatal: not a git repository (or any of the parent directories): .git
2025-11-08 10:48:16.153 [info] > git rev-parse --show-toplevel [6ms]
2025-11-08 10:48:16.153 [info] fatal: not a git repository (or any of the parent directories): .git
2025-11-08 10:49:03.917 [info] > git rev-parse --show-toplevel [3ms]
2025-11-08 10:49:03.927 [info] > git rev-parse --path-format=relative --show-toplevel [3ms]
