2025-12-05 22:19:01.111 [info] [main] Log level: Info
2025-12-05 22:19:01.111 [info] [main] Validating found git in: "git"
2025-12-05 22:19:01.111 [info] [main] Using git "2.52.0" from "git"
2025-12-05 22:19:01.111 [info] [Model][doInitialScan] Initial repository scan started
2025-12-05 22:19:01.111 [info] [Model][doInitialScan] Initial repository scan completed - repositories (0), closed repositories (0), parent repositories (0), unsafe repositories (0)
2025-12-05 22:19:11.144 [info] [main] Log level: Info
2025-12-05 22:19:11.144 [info] [main] Validating found git in: "git"
2025-12-05 22:19:11.144 [info] [main] Using git "2.52.0" from "git"
2025-12-05 22:19:11.144 [info] [Model][doInitialScan] Initial repository scan started
2025-12-05 22:19:11.144 [info] > git rev-parse --show-toplevel [17ms]
2025-12-05 22:19:11.144 [info] fatal: not a git repository (or any of the parent directories): .git
2025-12-05 22:19:11.819 [info] > git rev-parse --show-toplevel [8ms]
2025-12-05 22:19:11.819 [info] fatal: not a git repository (or any of the parent directories): .git
2025-12-05 22:19:12.144 [info] > git rev-parse --show-toplevel [109ms]
2025-12-05 22:19:12.144 [info] fatal: not a git repository (or any of the parent directories): .git
2025-12-05 22:19:12.159 [info] > git rev-parse --show-toplevel [8ms]
2025-12-05 22:19:12.159 [info] fatal: not a git repository (or any of the parent directories): .git
2025-12-05 22:19:12.271 [info] > git rev-parse --show-toplevel [93ms]
2025-12-05 22:19:12.271 [info] fatal: not a git repository (or any of the parent directories): .git
2025-12-05 22:19:12.297 [info] > git rev-parse --show-toplevel [20ms]
2025-12-05 22:19:12.297 [info] fatal: not a git repository (or any of the parent directories): .git
2025-12-05 22:19:12.307 [info] > git rev-parse --show-toplevel [3ms]
2025-12-05 22:19:12.307 [info] fatal: not a git repository (or any of the parent directories): .git
2025-12-05 22:19:12.313 [info] > git rev-parse --show-toplevel [1ms]
2025-12-05 22:19:12.313 [info] fatal: not a git repository (or any of the parent directories): .git
2025-12-05 22:19:12.326 [info] > git rev-parse --show-toplevel [2ms]
2025-12-05 22:19:12.326 [info] fatal: not a git repository (or any of the parent directories): .git
2025-12-05 22:19:12.332 [info] > git rev-parse --show-toplevel [1ms]
2025-12-05 22:19:12.332 [info] fatal: not a git repository (or any of the parent directories): .git
2025-12-05 22:19:12.348 [info] > git rev-parse --show-toplevel [3ms]
2025-12-05 22:19:12.348 [info] fatal: not a git repository (or any of the parent directories): .git
2025-12-05 22:19:12.355 [info] > git rev-parse --show-toplevel [1ms]
2025-12-05 22:19:12.355 [info] fatal: not a git repository (or any of the parent directories): .git
2025-12-05 22:19:12.361 [info] > git rev-parse --show-toplevel [1ms]
2025-12-05 22:19:12.361 [info] fatal: not a git repository (or any of the parent directories): .git
2025-12-05 22:19:12.367 [info] > git rev-parse --show-toplevel [1ms]
2025-12-05 22:19:12.367 [info] fatal: not a git repository (or any of the parent directories): .git
2025-12-05 22:19:12.395 [info] > git rev-parse --show-toplevel [23ms]
2025-12-05 22:19:12.395 [info] fatal: not a git repository (or any of the parent directories): .git
2025-12-05 22:19:12.403 [info] > git rev-parse --show-toplevel [1ms]
2025-12-05 22:19:12.403 [info] fatal: not a git repository (or any of the parent directories): .git
2025-12-05 22:19:12.408 [info] > git rev-parse --show-toplevel [1ms]
2025-12-05 22:19:12.408 [info] fatal: not a git repository (or any of the parent directories): .git
2025-12-05 22:19:12.420 [info] > git rev-parse --show-toplevel [7ms]
2025-12-05 22:19:12.420 [info] fatal: not a git repository (or any of the parent directories): .git
2025-12-05 22:19:12.426 [info] > git rev-parse --show-toplevel [1ms]
2025-12-05 22:19:12.426 [info] fatal: not a git repository (or any of the parent directories): .git
2025-12-05 22:19:12.434 [info] > git rev-parse --show-toplevel [2ms]
2025-12-05 22:19:12.434 [info] fatal: not a git repository (or any of the parent directories): .git
2025-12-05 22:19:12.441 [info] > git rev-parse --show-toplevel [3ms]
2025-12-05 22:19:12.441 [info] fatal: not a git repository (or any of the parent directories): .git
2025-12-05 22:19:12.449 [info] > git rev-parse --show-toplevel [3ms]
2025-12-05 22:19:12.449 [info] fatal: not a git repository (or any of the parent directories): .git
2025-12-05 22:19:12.455 [info] > git rev-parse --show-toplevel [1ms]
2025-12-05 22:19:12.455 [info] fatal: not a git repository (or any of the parent directories): .git
2025-12-05 22:19:12.461 [info] > git rev-parse --show-toplevel [2ms]
2025-12-05 22:19:12.461 [info] fatal: not a git repository (or any of the parent directories): .git
2025-12-05 22:19:12.468 [info] > git rev-parse --show-toplevel [2ms]
2025-12-05 22:19:12.468 [info] fatal: not a git repository (or any of the parent directories): .git
2025-12-05 22:19:12.475 [info] > git rev-parse --show-toplevel [1ms]
2025-12-05 22:19:12.475 [info] fatal: not a git repository (or any of the parent directories): .git
2025-12-05 22:19:12.482 [info] > git rev-parse --show-toplevel [2ms]
2025-12-05 22:19:12.482 [info] fatal: not a git repository (or any of the parent directories): .git
2025-12-05 22:19:12.489 [info] > git rev-parse --show-toplevel [2ms]
2025-12-05 22:19:12.489 [info] fatal: not a git repository (or any of the parent directories): .git
2025-12-05 22:19:12.490 [info] [Model][doInitialScan] Initial repository scan completed - repositories (0), closed repositories (0), parent repositories (0), unsafe repositories (0)
2025-12-05 22:19:19.167 [info] > git rev-parse --show-toplevel [4ms]
2025-12-05 22:19:19.167 [info] fatal: not a git repository (or any of the parent directories): .git
2025-12-05 14:21:08.018 [info] > git rev-parse --show-toplevel [3ms]
2025-12-05 14:21:08.024 [info] > git rev-parse --path-format=relative --show-toplevel [1ms]
2025-12-05 14:21:16.613 [info] > git rev-parse --show-toplevel [2ms]
2025-12-05 14:21:16.620 [info] > git rev-parse --path-format=relative --show-toplevel [2ms]
2025-12-05 14:21:21.119 [info] > git rev-parse --show-toplevel [3ms]
2025-12-05 14:21:21.125 [info] > git rev-parse --path-format=relative --show-toplevel [2ms]
2025-12-05 14:21:24.561 [info] > git rev-parse --show-toplevel [2ms]
2025-12-05 14:21:24.567 [info] > git rev-parse --path-format=relative --show-toplevel [1ms]
2025-12-05 14:21:25.453 [info] > git rev-parse --show-toplevel [2ms]
2025-12-05 14:21:25.458 [info] > git rev-parse --path-format=relative --show-toplevel [1ms]
2025-12-05 14:21:26.288 [info] > git rev-parse --show-toplevel [2ms]
2025-12-05 14:21:26.294 [info] > git rev-parse --path-format=relative --show-toplevel [1ms]
2025-12-05 14:21:27.229 [info] > git rev-parse --show-toplevel [1ms]
2025-12-05 14:21:27.235 [info] > git rev-parse --path-format=relative --show-toplevel [1ms]
2025-12-05 14:21:29.596 [info] > git rev-parse --show-toplevel [3ms]
2025-12-05 14:21:29.602 [info] > git rev-parse --path-format=relative --show-toplevel [1ms]
2025-12-05 14:21:30.269 [info] > git rev-parse --show-toplevel [2ms]
2025-12-05 14:21:30.275 [info] > git rev-parse --path-format=relative --show-toplevel [2ms]
2025-12-05 14:21:32.464 [info] > git rev-parse --show-toplevel [2ms]
2025-12-05 14:21:32.470 [info] > git rev-parse --path-format=relative --show-toplevel [2ms]
2025-12-05 14:21:32.873 [info] > git rev-parse --show-toplevel [2ms]
2025-12-05 14:21:32.879 [info] > git rev-parse --path-format=relative --show-toplevel [1ms]
2025-12-05 14:21:33.438 [info] > git rev-parse --show-toplevel [2ms]
2025-12-05 14:21:33.443 [info] > git rev-parse --path-format=relative --show-toplevel [1ms]
2025-12-05 14:21:43.856 [info] > git rev-parse --show-toplevel [2ms]
2025-12-05 14:21:43.862 [info] > git rev-parse --path-format=relative --show-toplevel [2ms]
2025-12-05 14:21:45.865 [info] > git rev-parse --show-toplevel [2ms]
2025-12-05 14:21:45.872 [info] > git rev-parse --path-format=relative --show-toplevel [2ms]
2025-12-05 14:21:49.079 [info] > git rev-parse --show-toplevel [3ms]
2025-12-05 14:21:49.087 [info] > git rev-parse --path-format=relative --show-toplevel [0ms]
2025-12-05 14:22:17.278 [info] > git rev-parse --show-toplevel [2ms]
2025-12-05 14:22:17.286 [info] > git rev-parse --path-format=relative --show-toplevel [1ms]
2025-12-05 14:22:20.422 [info] > git rev-parse --show-toplevel [2ms]
2025-12-05 14:22:20.428 [info] > git rev-parse --path-format=relative --show-toplevel [2ms]
2025-12-05 14:22:23.979 [info] > git rev-parse --show-toplevel [2ms]
2025-12-05 14:22:23.986 [info] > git rev-parse --path-format=relative --show-toplevel [2ms]
2025-12-05 14:22:30.686 [info] > git rev-parse --show-toplevel [3ms]
2025-12-05 14:22:30.692 [info] > git rev-parse --path-format=relative --show-toplevel [2ms]
2025-12-05 14:22:31.692 [info] > git rev-parse --show-toplevel [2ms]
2025-12-05 14:22:31.698 [info] > git rev-parse --path-format=relative --show-toplevel [2ms]
2025-12-05 14:22:32.141 [info] > git rev-parse --show-toplevel [2ms]
2025-12-05 14:22:32.147 [info] > git rev-parse --path-format=relative --show-toplevel [1ms]
2025-12-05 14:22:32.692 [info] > git rev-parse --show-toplevel [2ms]
2025-12-05 14:22:32.698 [info] > git rev-parse --path-format=relative --show-toplevel [2ms]
2025-12-05 14:22:33.100 [info] > git rev-parse --show-toplevel [2ms]
2025-12-05 14:22:33.105 [info] > git rev-parse --path-format=relative --show-toplevel [1ms]
2025-12-05 14:22:33.753 [info] > git rev-parse --show-toplevel [2ms]
2025-12-05 14:22:33.762 [info] > git rev-parse --path-format=relative --show-toplevel [5ms]
2025-12-05 14:22:34.328 [info] > git rev-parse --show-toplevel [2ms]
2025-12-05 14:22:34.335 [info] > git rev-parse --path-format=relative --show-toplevel [2ms]
2025-12-05 14:22:34.711 [info] > git rev-parse --show-toplevel [2ms]
2025-12-05 14:22:34.718 [info] > git rev-parse --path-format=relative --show-toplevel [2ms]
2025-12-05 14:22:35.000 [info] > git rev-parse --show-toplevel [2ms]
2025-12-05 14:22:35.007 [info] > git rev-parse --path-format=relative --show-toplevel [2ms]
2025-12-05 14:22:35.321 [info] > git rev-parse --show-toplevel [1ms]
2025-12-05 14:22:35.327 [info] > git rev-parse --path-format=relative --show-toplevel [1ms]
2025-12-05 14:22:35.736 [info] > git rev-parse --show-toplevel [2ms]
2025-12-05 14:22:35.743 [info] > git rev-parse --path-format=relative --show-toplevel [1ms]
2025-12-05 14:22:38.455 [info] > git rev-parse --show-toplevel [2ms]
2025-12-05 14:22:38.461 [info] > git rev-parse --path-format=relative --show-toplevel [2ms]
2025-12-05 14:22:42.360 [info] > git rev-parse --show-toplevel [2ms]
2025-12-05 14:22:42.366 [info] > git rev-parse --path-format=relative --show-toplevel [1ms]
2025-12-05 14:25:19.868 [info] > git rev-parse --show-toplevel [2ms]
2025-12-05 14:25:19.874 [info] > git rev-parse --path-format=relative --show-toplevel [2ms]
2025-12-05 14:25:49.129 [info] > git rev-parse --show-toplevel [1ms]
2025-12-05 14:25:49.134 [info] > git rev-parse --path-format=relative --show-toplevel [1ms]
2025-12-05 14:29:17.583 [info] > git rev-parse --show-toplevel [2ms]
2025-12-05 14:29:17.590 [info] > git rev-parse --path-format=relative --show-toplevel [1ms]
2025-12-05 14:30:58.818 [info] > git rev-parse --show-toplevel [0ms]
2025-12-05 14:30:58.825 [info] > git rev-parse --path-format=relative --show-toplevel [1ms]
2025-12-05 14:30:59.119 [info] > git rev-parse --show-toplevel [1ms]
2025-12-05 14:30:59.126 [info] > git rev-parse --path-format=relative --show-toplevel [2ms]
2025-12-05 14:31:06.332 [info] > git rev-parse --show-toplevel [2ms]
2025-12-05 14:31:06.339 [info] > git rev-parse --path-format=relative --show-toplevel [1ms]
2025-12-05 14:31:10.079 [info] > git rev-parse --show-toplevel [1ms]
2025-12-05 14:31:10.085 [info] > git rev-parse --path-format=relative --show-toplevel [1ms]
2025-12-05 14:31:11.789 [info] > git rev-parse --show-toplevel [2ms]
2025-12-05 14:31:11.795 [info] > git rev-parse --path-format=relative --show-toplevel [1ms]
2025-12-05 14:31:14.124 [info] > git rev-parse --show-toplevel [1ms]
2025-12-05 14:31:14.130 [info] > git rev-parse --path-format=relative --show-toplevel [1ms]
2025-12-05 14:31:15.432 [info] > git rev-parse --show-toplevel [1ms]
2025-12-05 14:31:15.439 [info] > git rev-parse --path-format=relative --show-toplevel [1ms]
2025-12-05 14:31:15.445 [info] > git rev-parse --show-toplevel [1ms]
2025-12-05 14:31:15.451 [info] > git rev-parse --path-format=relative --show-toplevel [1ms]
2025-12-05 14:31:15.618 [info] > git rev-parse --show-toplevel [1ms]
2025-12-05 14:31:15.624 [info] > git rev-parse --path-format=relative --show-toplevel [1ms]
2025-12-05 14:31:15.630 [info] > git rev-parse --show-toplevel [1ms]
2025-12-05 14:31:15.637 [info] > git rev-parse --path-format=relative --show-toplevel [1ms]
2025-12-05 14:31:23.245 [info] > git rev-parse --show-toplevel [1ms]
2025-12-05 14:31:23.250 [info] > git rev-parse --path-format=relative --show-toplevel [1ms]
2025-12-05 14:31:24.763 [info] > git rev-parse --show-toplevel [1ms]
2025-12-05 14:31:24.770 [info] > git rev-parse --path-format=relative --show-toplevel [1ms]
2025-12-05 14:31:26.659 [info] > git rev-parse --show-toplevel [1ms]
2025-12-05 14:31:26.666 [info] > git rev-parse --path-format=relative --show-toplevel [1ms]
2025-12-05 14:34:53.548 [info] > git rev-parse --show-toplevel [2ms]
2025-12-05 14:34:53.555 [info] > git rev-parse --path-format=relative --show-toplevel [1ms]
2025-12-05 14:35:02.977 [info] > git rev-parse --show-toplevel [2ms]
2025-12-05 14:35:02.984 [info] > git rev-parse --path-format=relative --show-toplevel [1ms]
2025-12-05 14:36:37.483 [info] > git rev-parse --show-toplevel [2ms]
2025-12-05 14:36:37.483 [info] fatal: not a git repository (or any of the parent directories): .git
2025-12-05 14:36:48.242 [info] > git rev-parse --show-toplevel [2ms]
2025-12-05 14:36:48.242 [info] fatal: not a git repository (or any of the parent directories): .git
2025-12-05 14:42:19.185 [info] > git rev-parse --show-toplevel [2ms]
2025-12-05 14:42:19.192 [info] > git rev-parse --path-format=relative --show-toplevel [1ms]
2025-12-05 14:43:57.380 [info] > git rev-parse --show-toplevel [5ms]
2025-12-05 14:43:57.388 [info] > git rev-parse --path-format=relative --show-toplevel [3ms]
2025-12-05 14:44:47.740 [info] > git rev-parse --show-toplevel [3ms]
2025-12-05 14:44:47.747 [info] > git rev-parse --path-format=relative --show-toplevel [2ms]
2025-12-05 14:45:12.789 [info] > git rev-parse --show-toplevel [3ms]
2025-12-05 14:45:12.797 [info] > git rev-parse --path-format=relative --show-toplevel [1ms]
2025-12-05 14:47:40.972 [info] > git rev-parse --show-toplevel [3ms]
2025-12-05 14:47:40.972 [info] fatal: not a git repository (or any of the parent directories): .git
2025-12-05 14:48:51.374 [info] > git rev-parse --show-toplevel [2ms]
2025-12-05 14:48:51.374 [info] fatal: not a git repository (or any of the parent directories): .git
2025-12-05 14:48:52.649 [info] > git rev-parse --show-toplevel [2ms]
2025-12-05 14:48:52.649 [info] fatal: not a git repository (or any of the parent directories): .git
2025-12-05 14:48:54.856 [info] > git rev-parse --show-toplevel [4ms]
2025-12-05 14:48:54.856 [info] fatal: not a git repository (or any of the parent directories): .git
2025-12-05 14:48:58.148 [info] > git rev-parse --show-toplevel [2ms]
2025-12-05 14:48:58.148 [info] fatal: not a git repository (or any of the parent directories): .git
2025-12-05 14:49:01.193 [info] > git rev-parse --show-toplevel [1ms]
2025-12-05 14:49:01.194 [info] fatal: not a git repository (or any of the parent directories): .git
2025-12-05 14:50:09.607 [info] > git rev-parse --show-toplevel [2ms]
2025-12-05 14:50:09.607 [info] fatal: not a git repository (or any of the parent directories): .git
2025-12-05 14:51:39.613 [info] > git rev-parse --show-toplevel [2ms]
2025-12-05 14:51:39.613 [info] fatal: not a git repository (or any of the parent directories): .git
2025-12-05 14:51:40.225 [info] > git rev-parse --show-toplevel [1ms]
2025-12-05 14:51:40.225 [info] fatal: not a git repository (or any of the parent directories): .git
2025-12-05 14:52:18.730 [info] > git rev-parse --show-toplevel [2ms]
2025-12-05 14:52:18.730 [info] fatal: not a git repository (or any of the parent directories): .git
2025-12-05 14:52:19.233 [info] > git rev-parse --show-toplevel [4ms]
2025-12-05 14:52:19.233 [info] fatal: not a git repository (or any of the parent directories): .git
2025-12-05 14:57:01.828 [info] > git rev-parse --show-toplevel [5ms]
2025-12-05 14:57:01.836 [info] > git rev-parse --path-format=relative --show-toplevel [2ms]
2025-12-05 14:59:57.220 [info] > git rev-parse --show-toplevel [4ms]
2025-12-05 14:59:57.228 [info] > git rev-parse --path-format=relative --show-toplevel [2ms]
2025-12-05 15:00:19.817 [info] > git rev-parse --show-toplevel [5ms]
2025-12-05 15:00:19.826 [info] > git rev-parse --path-format=relative --show-toplevel [2ms]
2025-12-05 15:00:25.677 [info] > git rev-parse --show-toplevel [3ms]
2025-12-05 15:00:25.683 [info] > git rev-parse --path-format=relative --show-toplevel [1ms]
2025-12-05 15:00:55.809 [info] > git rev-parse --show-toplevel [3ms]
2025-12-05 15:00:55.817 [info] > git rev-parse --path-format=relative --show-toplevel [2ms]
2025-12-05 15:00:56.272 [info] > git rev-parse --show-toplevel [2ms]
2025-12-05 15:00:56.280 [info] > git rev-parse --path-format=relative --show-toplevel [1ms]
2025-12-05 15:01:51.528 [info] > git rev-parse --show-toplevel [3ms]
2025-12-05 15:01:51.536 [info] > git rev-parse --path-format=relative --show-toplevel [2ms]
2025-12-05 15:01:52.322 [info] > git rev-parse --show-toplevel [3ms]
2025-12-05 15:01:52.329 [info] > git rev-parse --path-format=relative --show-toplevel [1ms]
2025-12-05 15:02:28.907 [info] > git rev-parse --show-toplevel [1ms]
2025-12-05 15:02:28.915 [info] > git rev-parse --path-format=relative --show-toplevel [1ms]
2025-12-05 15:03:13.180 [info] > git rev-parse --show-toplevel [1ms]
2025-12-05 15:03:13.187 [info] > git rev-parse --path-format=relative --show-toplevel [1ms]
2025-12-05 15:03:24.331 [info] > git rev-parse --show-toplevel [5ms]
2025-12-05 15:03:24.339 [info] > git rev-parse --path-format=relative --show-toplevel [1ms]
2025-12-05 15:03:24.351 [info] > git rev-parse --show-toplevel [1ms]
2025-12-05 15:03:24.366 [info] > git rev-parse --path-format=relative --show-toplevel [7ms]
2025-12-05 15:03:24.378 [info] > git rev-parse --show-toplevel [1ms]
2025-12-05 15:03:24.386 [info] > git rev-parse --path-format=relative --show-toplevel [0ms]
2025-12-05 15:03:24.395 [info] > git rev-parse --show-toplevel [0ms]
2025-12-05 15:03:24.402 [info] > git rev-parse --path-format=relative --show-toplevel [1ms]
2025-12-05 15:03:24.445 [info] > git rev-parse --show-toplevel [3ms]
2025-12-05 15:03:24.453 [info] > git rev-parse --path-format=relative --show-toplevel [1ms]
2025-12-05 15:03:24.461 [info] > git rev-parse --show-toplevel [1ms]
2025-12-05 15:03:24.470 [info] > git rev-parse --path-format=relative --show-toplevel [2ms]
2025-12-05 15:03:24.479 [info] > git rev-parse --show-toplevel [2ms]
2025-12-05 15:03:24.488 [info] > git rev-parse --path-format=relative --show-toplevel [1ms]
2025-12-05 15:03:24.498 [info] > git rev-parse --show-toplevel [2ms]
2025-12-05 15:03:24.505 [info] > git rev-parse --path-format=relative --show-toplevel [1ms]
2025-12-05 15:03:43.714 [info] > git rev-parse --show-toplevel [2ms]
2025-12-05 15:03:43.723 [info] > git rev-parse --path-format=relative --show-toplevel [3ms]
2025-12-05 15:03:46.874 [info] > git rev-parse --show-toplevel [3ms]
2025-12-05 15:03:46.881 [info] > git rev-parse --path-format=relative --show-toplevel [2ms]
2025-12-05 15:03:49.702 [info] > git rev-parse --show-toplevel [3ms]
2025-12-05 15:03:49.711 [info] > git rev-parse --path-format=relative --show-toplevel [2ms]
2025-12-05 15:04:44.959 [info] > git rev-parse --show-toplevel [2ms]
2025-12-05 15:04:44.967 [info] > git rev-parse --path-format=relative --show-toplevel [2ms]
2025-12-05 15:05:22.589 [info] > git rev-parse --show-toplevel [2ms]
2025-12-05 15:05:22.598 [info] > git rev-parse --path-format=relative --show-toplevel [2ms]
2025-12-05 15:06:23.474 [info] > git rev-parse --show-toplevel [2ms]
2025-12-05 15:06:23.482 [info] > git rev-parse --path-format=relative --show-toplevel [1ms]
