2025-11-08 10:50:20.831 [info] Reading sessions from keychain...
2025-11-08 10:50:20.831 [info] Getting sessions for all scopes...
2025-11-08 10:50:21.524 [info] Got stored sessions!
2025-11-08 10:50:21.524 [info] Got 1 verified sessions.
2025-11-08 10:50:21.524 [info] Got 1 sessions for ...
2025-11-08 10:50:21.524 [info] Getting sessions for all scopes...
2025-11-08 10:50:21.524 [info] Got 1 sessions for ...
2025-11-08 10:50:21.524 [info] Getting sessions for all scopes...
2025-11-08 10:50:21.524 [info] Got 1 sessions for ...
2025-11-08 10:50:21.524 [info] Getting sessions for all scopes...
2025-11-08 10:50:21.524 [info] Got 1 sessions for ...
2025-11-08 10:50:21.524 [info] Getting sessions for all scopes...
2025-11-08 10:50:21.524 [info] Got 1 sessions for ...
2025-11-08 10:50:21.524 [info] Getting sessions for all scopes...
2025-11-08 10:50:21.524 [info] Got 1 sessions for ...
2025-11-08 10:50:21.524 [info] Getting sessions for all scopes...
2025-11-08 10:50:21.524 [info] Got 1 sessions for ...
2025-11-08 10:50:21.569 [info] Getting sessions for all scopes...
2025-11-08 10:50:21.569 [info] Got 1 sessions for ...
2025-11-08 10:50:21.569 [info] Getting sessions for all scopes...
2025-11-08 10:50:21.569 [info] Got 1 sessions for ...
2025-11-08 10:50:21.669 [info] Getting sessions for all scopes...
2025-11-08 10:50:21.669 [info] Got 1 sessions for ...
2025-11-08 10:50:21.865 [info] Getting sessions for all scopes...
2025-11-08 10:50:21.865 [info] Got 1 sessions for ...
2025-11-08 10:50:21.865 [info] Getting sessions for all scopes...
2025-11-08 10:50:21.865 [info] Got 1 sessions for ...
2025-11-08 10:50:21.865 [info] Getting sessions for all scopes...
2025-11-08 10:50:21.865 [info] Got 1 sessions for ...
2025-11-08 10:50:21.866 [info] Getting sessions for all scopes...
2025-11-08 10:50:21.866 [info] Got 1 sessions for ...
2025-11-08 10:50:21.866 [info] Getting sessions for all scopes...
2025-11-08 10:50:21.866 [info] Got 1 sessions for ...
2025-11-08 10:50:21.866 [info] Getting sessions for all scopes...
2025-11-08 10:50:21.866 [info] Got 1 sessions for ...
2025-11-08 10:50:21.909 [info] Getting sessions for all scopes...
2025-11-08 10:50:21.909 [info] Got 1 sessions for ...
2025-11-08 10:50:22.158 [info] Getting sessions for read:user,repo,user:email,workflow...
2025-11-08 10:50:22.158 [info] Got 0 sessions for read:user,repo,user:email,workflow...
2025-11-08 10:50:22.249 [info] Getting sessions for user:email...
2025-11-08 10:50:22.249 [info] Got 1 sessions for user:email...
2025-11-08 10:50:22.249 [info] Getting sessions for read:user,repo,user:email,workflow...
2025-11-08 10:50:22.249 [info] Got 0 sessions for read:user,repo,user:email,workflow...
2025-11-08 10:50:23.874 [info] Getting sessions for all scopes...
2025-11-08 10:50:23.874 [info] Got 1 sessions for ...
2025-11-08 10:50:23.875 [info] Getting sessions for all scopes...
2025-11-08 10:50:23.875 [info] Got 1 sessions for ...
2025-11-08 10:50:23.875 [info] Getting sessions for all scopes...
2025-11-08 10:50:23.875 [info] Got 1 sessions for ...
2025-11-08 10:50:23.950 [info] Getting sessions for all scopes...
2025-11-08 10:50:23.950 [info] Got 1 sessions for ...
2025-11-08 10:50:23.950 [info] Getting sessions for all scopes...
2025-11-08 10:50:23.950 [info] Got 1 sessions for ...
2025-11-08 10:50:23.951 [info] Getting sessions for all scopes...
2025-11-08 10:50:23.951 [info] Got 1 sessions for ...
2025-11-08 10:50:24.319 [info] Getting sessions for read:user,repo,user:email,workflow...
2025-11-08 10:50:24.319 [info] Got 0 sessions for read:user,repo,user:email,workflow...
2025-11-08 10:50:24.517 [info] Getting sessions for all scopes...
2025-11-08 10:50:24.517 [info] Got 1 sessions for ...
2025-11-08 10:50:24.520 [info] Getting sessions for all scopes...
2025-11-08 10:50:24.520 [info] Got 1 sessions for ...
2025-11-08 10:50:24.520 [info] Getting sessions for read:user,repo,user:email,workflow...
2025-11-08 10:50:24.520 [info] Got 0 sessions for read:user,repo,user:email,workflow...
2025-11-08 10:50:24.528 [info] Getting sessions for user:email...
2025-11-08 10:50:24.528 [info] Got 1 sessions for user:email...
2025-11-08 10:50:24.547 [info] Getting sessions for read:user...
2025-11-08 10:50:24.547 [info] Got 0 sessions for read:user...
2025-11-08 10:50:24.750 [info] FetcherService: Electron fetch failed with status: 429 
2025-11-08 10:50:24.773 [info] Getting sessions for user:email...
2025-11-08 10:50:24.773 [info] Got 1 sessions for user:email...
2025-11-08 10:50:24.952 [info] Getting sessions for read:user,repo,user:email,workflow...
2025-11-08 10:50:24.952 [info] Got 0 sessions for read:user,repo,user:email,workflow...
2025-11-08 10:50:25.070 [info] Getting sessions for all scopes...
2025-11-08 10:50:25.070 [info] Got 1 sessions for ...
2025-11-08 10:50:25.077 [info] Getting sessions for all scopes...
2025-11-08 10:50:25.077 [info] Got 1 sessions for ...
2025-11-08 10:50:25.121 [info] Getting sessions for read:user,repo,user:email,workflow...
2025-11-08 10:50:25.121 [info] Got 0 sessions for read:user,repo,user:email,workflow...
2025-11-08 10:50:25.215 [info] Getting sessions for user:email...
2025-11-08 10:50:25.216 [info] Got 1 sessions for user:email...
2025-11-08 10:50:25.239 [info] Getting sessions for read:user,repo,user:email,workflow...
2025-11-08 10:50:25.239 [info] Got 0 sessions for read:user,repo,user:email,workflow...
2025-11-08 10:50:25.316 [info] Getting sessions for all scopes...
2025-11-08 10:50:25.316 [info] Got 1 sessions for ...
2025-11-08 10:50:25.334 [info] Getting sessions for all scopes...
2025-11-08 10:50:25.334 [info] Got 1 sessions for ...
2025-11-08 10:50:25.335 [info] Getting sessions for all scopes...
2025-11-08 10:50:25.335 [info] Got 1 sessions for ...
2025-11-08 10:50:25.338 [info] Getting sessions for all scopes...
2025-11-08 10:50:25.338 [info] Got 1 sessions for ...
2025-11-08 10:50:25.379 [info] Getting sessions for read:user,repo,user:email,workflow...
2025-11-08 10:50:25.379 [info] Got 0 sessions for read:user,repo,user:email,workflow...
2025-11-08 10:50:25.383 [info] Getting sessions for all scopes...
2025-11-08 10:50:25.383 [info] Got 1 sessions for ...
2025-11-08 10:50:25.394 [info] Getting sessions for user:email...
2025-11-08 10:50:25.394 [info] Got 1 sessions for user:email...
2025-11-08 10:50:25.399 [info] Getting sessions for read:user,repo,user:email,workflow...
2025-11-08 10:50:25.399 [info] Got 0 sessions for read:user,repo,user:email,workflow...
2025-11-08 10:50:25.401 [info] Getting sessions for all scopes...
2025-11-08 10:50:25.401 [info] Got 1 sessions for ...
2025-11-08 10:50:25.402 [info] Getting sessions for read:user,repo,user:email,workflow...
2025-11-08 10:50:25.402 [info] Got 0 sessions for read:user,repo,user:email,workflow...
2025-11-08 10:50:25.408 [info] Getting sessions for user:email...
2025-11-08 10:50:25.408 [info] Got 1 sessions for user:email...
2025-11-08 10:50:25.577 [info] FetcherService: Node fetch failed with status: 429 Too Many Requests
2025-11-08 10:50:26.289 [info] Getting sessions for all scopes...
2025-11-08 10:50:26.289 [info] Got 1 sessions for ...
2025-11-08 10:50:26.312 [info] FetcherService: Node http/s failed with status: 429 Too Many Requests
