2025-11-08 10:51:59.245 [info] read schema from vscode: vscode://schemas/settings/user
2025-11-08 10:51:59.584 [info] read schema from vscode: vscode://schemas/settings/resourceLanguage
2025-11-08 10:51:59.620 [info] read schema from vscode: vscode://schemas/ignoredSettings
2025-11-08 10:51:59.640 [info] read schema from vscode: vscode://schemas/launch
2025-11-08 10:51:59.642 [info] read schema from vscode: vscode://schemas/token-styling
2025-11-08 10:51:59.662 [info] read schema from vscode: vscode://schemas/textmate-colors
2025-11-08 10:51:59.664 [info] read schema from vscode: vscode://schemas/workbench-colors
2025-11-08 10:51:59.672 [info] cancelled
2025-11-08 10:51:59.770 [info] cancelled
2025-11-08 10:51:59.833 [info] cancelled
2025-11-08 10:52:00.542 [info] cancelled
2025-11-08 10:52:00.543 [info] read schema from vscode: vscode://schemas/settings/user
2025-11-08 10:52:00.612 [info] read schema from vscode: vscode://schemas/settings/resourceLanguage
2025-11-08 10:52:00.612 [info] read schema from vscode: vscode://schemas/ignoredSettings
2025-11-08 10:52:00.623 [info] read schema from vscode: vscode://schemas/launch
2025-11-08 10:52:00.623 [info] read schema from vscode: vscode://schemas/token-styling
2025-11-08 10:52:00.624 [info] read schema from vscode: vscode://schemas/textmate-colors
2025-11-08 10:52:00.624 [info] read schema from vscode: vscode://schemas/workbench-colors
2025-11-08 10:52:01.939 [info] cancelled
2025-11-08 10:52:01.940 [info] read schema from vscode: vscode://schemas/settings/user
2025-11-08 10:52:02.008 [info] read schema from vscode: vscode://schemas/settings/resourceLanguage
2025-11-08 10:52:02.008 [info] read schema from vscode: vscode://schemas/ignoredSettings
2025-11-08 10:52:02.025 [info] read schema from vscode: vscode://schemas/launch
2025-11-08 10:52:02.027 [info] read schema from vscode: vscode://schemas/token-styling
2025-11-08 10:52:02.027 [info] read schema from vscode: vscode://schemas/textmate-colors
2025-11-08 10:52:02.027 [info] read schema from vscode: vscode://schemas/workbench-colors
2025-11-08 10:52:02.403 [info] schema change detected vscode://schemas/settings/user
2025-11-08 10:52:02.405 [info] read schema from vscode: vscode://schemas/settings/user
2025-11-08 10:52:04.566 [info] schema change detected vscode://schemas/launch
2025-11-08 10:52:05.270 [info] schema change detected vscode://schemas/settings/user
2025-11-08 10:52:06.884 [info] schema change detected vscode://schemas/workbench-colors
