2025-11-18 04:30:43.899 [info] Starting Python Locator /home/blueflowers/.vscode/extensions/ms-python.python-2025.18.0-linux-x64/python-env-tools/bin/pet server
2025-11-18 04:30:47.031 [info] Discovered env: /bin/python
2025-11-18 04:30:47.045 [info] Discovered env: /usr/bin/python
2025-11-18 04:30:47.056 [info] Env ("/usr/sbin/python") in Path resolved as ResolvedPythonEnv { executable: "/usr/sbin/python", prefix: "/usr", version: "3.13.7.final.0", is64_bit: true, symlinks: Some(["/usr/sbin/python"]) } and reported as Some(GlobalPaths)
2025-11-18 04:30:47.057 [info] Discovered env: /usr/sbin/python
2025-11-18 04:30:47.077 [info] Env ("/sbin/python") in Path resolved as ResolvedPythonEnv { executable: "/sbin/python", prefix: "/usr", version: "3.13.7.final.0", is64_bit: true, symlinks: Some(["/sbin/python"]) } and reported as Some(GlobalPaths)
2025-11-18 04:30:47.085 [info] Discovered env: /sbin/python
2025-11-18 04:30:47.102 [info] Env ("/usr/sbin/python3") in Path resolved as ResolvedPythonEnv { executable: "/usr/sbin/python3", prefix: "/usr", version: "3.13.7.final.0", is64_bit: true, symlinks: Some(["/usr/sbin/python3"]) } and reported as Some(GlobalPaths)
2025-11-18 04:30:47.102 [info] Discovered env: /usr/sbin/python3
2025-11-18 04:30:47.115 [info] Env ("/sbin/python3") in Path resolved as ResolvedPythonEnv { executable: "/sbin/python3", prefix: "/usr", version: "3.13.7.final.0", is64_bit: true, symlinks: Some(["/sbin/python3"]) } and reported as Some(GlobalPaths)
2025-11-18 04:30:47.115 [info] Discovered env: /sbin/python3
2025-11-18 04:30:47.117 [info] Env ("/usr/sbin/python3.13") in Path resolved as ResolvedPythonEnv { executable: "/usr/sbin/python3.13", prefix: "/usr", version: "3.13.7.final.0", is64_bit: true, symlinks: Some(["/usr/sbin/python3.13"]) } and reported as Some(GlobalPaths)
2025-11-18 04:30:47.117 [info] Discovered env: /usr/sbin/python3.13
2025-11-18 04:30:47.119 [info] Env ("/sbin/python3.13") in Path resolved as ResolvedPythonEnv { executable: "/sbin/python3.13", prefix: "/usr", version: "3.13.7.final.0", is64_bit: true, symlinks: Some(["/sbin/python3.13"]) } and reported as Some(GlobalPaths)
2025-11-18 04:30:47.120 [info] Discovered env: /sbin/python3.13
2025-11-18 04:30:47.122 [info] Locator Conda took 972.183075ms
2025-11-18 04:30:47.122 [info] Locator Homebrew took 92.013µs
2025-11-18 04:30:47.122 [info] Locator LinuxGlobal took 335.0447ms
2025-11-18 04:30:47.122 [info] Locator PipEnv took 27.181µs
2025-11-18 04:30:47.122 [info] Locator Pixi took 63.379µs
2025-11-18 04:30:47.122 [info] Locator Poetry took 2.165481ms
2025-11-18 04:30:47.122 [info] Locator PyEnv took 9.170629ms
2025-11-18 04:30:47.122 [info] Locator Venv took 62.907µs
2025-11-18 04:30:47.122 [info] Locator VirtualEnv took 94.468µs
2025-11-18 04:30:47.122 [info] Locator VirtualEnvWrapper took 29.385µs
2025-11-18 04:30:47.122 [info] Locator GlobalVirtualEnvs took 595.206µs
2025-11-18 04:30:47.122 [info] Locator Locators took 972.358904ms
2025-11-18 04:30:47.122 [info] Locator Path took 422.408194ms
2025-11-18 04:30:47.122 [info] Locator Workspaces took 1.483µs
2025-11-18 04:30:47.122 [info] Refresh completed in 972ms
2025-11-18 04:30:47.123 [info] Resolved Python Environment /bin/python
2025-11-17 20:33:32.175 [info] Starting Python Locator /home/blueflowers/.vscode/extensions/ms-python.python-2025.18.0-linux-x64/python-env-tools/bin/pet server
2025-11-17 20:33:34.683 [info] Discovered env: /bin/python
2025-11-17 20:33:34.698 [info] Discovered env: /usr/bin/python
2025-11-17 20:33:34.712 [info] Env ("/usr/sbin/python") in Path resolved as ResolvedPythonEnv { executable: "/usr/sbin/python", prefix: "/usr", version: "3.13.7.final.0", is64_bit: true, symlinks: Some(["/usr/sbin/python"]) } and reported as Some(GlobalPaths)
2025-11-17 20:33:34.713 [info] Discovered env: /usr/sbin/python
2025-11-17 20:33:34.768 [info] Env ("/sbin/python") in Path resolved as ResolvedPythonEnv { executable: "/sbin/python", prefix: "/usr", version: "3.13.7.final.0", is64_bit: true, symlinks: Some(["/sbin/python"]) } and reported as Some(GlobalPaths)
2025-11-17 20:33:34.768 [info] Discovered env: /sbin/python
2025-11-17 20:33:34.779 [info] Env ("/usr/sbin/python3") in Path resolved as ResolvedPythonEnv { executable: "/usr/sbin/python3", prefix: "/usr", version: "3.13.7.final.0", is64_bit: true, symlinks: Some(["/usr/sbin/python3"]) } and reported as Some(GlobalPaths)
2025-11-17 20:33:34.780 [info] Discovered env: /usr/sbin/python3
2025-11-17 20:33:34.795 [info] Env ("/sbin/python3") in Path resolved as ResolvedPythonEnv { executable: "/sbin/python3", prefix: "/usr", version: "3.13.7.final.0", is64_bit: true, symlinks: Some(["/sbin/python3"]) } and reported as Some(GlobalPaths)
2025-11-17 20:33:34.795 [info] Discovered env: /sbin/python3
2025-11-17 20:33:34.805 [info] Env ("/usr/sbin/python3.13") in Path resolved as ResolvedPythonEnv { executable: "/usr/sbin/python3.13", prefix: "/usr", version: "3.13.7.final.0", is64_bit: true, symlinks: Some(["/usr/sbin/python3.13"]) } and reported as Some(GlobalPaths)
2025-11-17 20:33:34.811 [info] Discovered env: /usr/sbin/python3.13
2025-11-17 20:33:34.819 [info] Env ("/sbin/python3.13") in Path resolved as ResolvedPythonEnv { executable: "/sbin/python3.13", prefix: "/usr", version: "3.13.7.final.0", is64_bit: true, symlinks: Some(["/sbin/python3.13"]) } and reported as Some(GlobalPaths)
2025-11-17 20:33:34.820 [info] Discovered env: /sbin/python3.13
2025-11-17 20:33:34.821 [info] Locator Conda took 84.231452ms
2025-11-17 20:33:34.828 [info] Locator Homebrew took 728.888µs
2025-11-17 20:33:34.828 [info] Locator LinuxGlobal took 102.579036ms
2025-11-17 20:33:34.828 [info] Locator PipEnv took 71.225µs
2025-11-17 20:33:34.829 [info] Locator Pixi took 65.834µs
2025-11-17 20:33:34.829 [info] Locator Poetry took 1.035446ms
2025-11-17 20:33:34.829 [info] Locator PyEnv took 1.04721ms
2025-11-17 20:33:34.835 [info] Locator Venv took 37.08µs
2025-11-17 20:33:34.835 [info] Locator VirtualEnv took 225.937µs
2025-11-17 20:33:34.835 [info] Locator VirtualEnvWrapper took 143.892µs
2025-11-17 20:33:34.835 [info] Locator GlobalVirtualEnvs took 180.671µs
2025-11-17 20:33:34.835 [info] Locator Locators took 103.457316ms
2025-11-17 20:33:34.835 [info] Locator Path took 141.888655ms
2025-11-17 20:33:34.835 [info] Locator Workspaces took 8.762419ms
2025-11-17 20:33:34.835 [info] Refresh completed in 141ms
2025-11-17 20:33:34.860 [info] Resolved Python Environment /bin/python
