2025-12-04 20:29:45.397 [info] [main] Log level: Info
2025-12-04 20:29:45.397 [info] [main] Validating found git in: "git"
2025-12-04 20:29:45.397 [info] [main] Using git "2.51.2" from "git"
2025-12-04 20:29:45.397 [info] [Model][doInitialScan] Initial repository scan started
2025-12-04 20:29:45.397 [info] > git rev-parse --show-toplevel [9ms]
2025-12-04 20:29:45.397 [info] fatal: not a git repository (or any of the parent directories): .git
2025-12-04 20:29:45.397 [info] > git rev-parse --show-toplevel [4ms]
2025-12-04 20:29:45.397 [info] fatal: not a git repository (or any of the parent directories): .git
2025-12-04 20:29:45.397 [info] > git rev-parse --show-toplevel [2ms]
2025-12-04 20:29:45.397 [info] fatal: not a git repository (or any of the parent directories): .git
2025-12-04 20:29:45.397 [info] > git rev-parse --show-toplevel [1ms]
2025-12-04 20:29:45.397 [info] fatal: not a git repository (or any of the parent directories): .git
2025-12-04 20:29:45.397 [info] > git rev-parse --show-toplevel [0ms]
2025-12-04 20:29:45.397 [info] fatal: not a git repository (or any of the parent directories): .git
2025-12-04 20:29:45.397 [info] > git rev-parse --show-toplevel [1ms]
2025-12-04 20:29:45.397 [info] fatal: not a git repository (or any of the parent directories): .git
2025-12-04 20:29:45.417 [info] > git rev-parse --show-toplevel [17ms]
2025-12-04 20:29:45.417 [info] fatal: not a git repository (or any of the parent directories): .git
2025-12-04 20:29:45.421 [info] > git rev-parse --show-toplevel [1ms]
2025-12-04 20:29:45.421 [info] fatal: not a git repository (or any of the parent directories): .git
2025-12-04 20:29:45.424 [info] > git rev-parse --show-toplevel [1ms]
2025-12-04 20:29:45.424 [info] fatal: not a git repository (or any of the parent directories): .git
2025-12-04 20:29:45.428 [info] > git rev-parse --show-toplevel [1ms]
2025-12-04 20:29:45.428 [info] fatal: not a git repository (or any of the parent directories): .git
2025-12-04 20:29:45.438 [info] > git rev-parse --show-toplevel [7ms]
2025-12-04 20:29:45.438 [info] fatal: not a git repository (or any of the parent directories): .git
2025-12-04 20:29:45.442 [info] > git rev-parse --show-toplevel [1ms]
2025-12-04 20:29:45.442 [info] fatal: not a git repository (or any of the parent directories): .git
2025-12-04 20:29:45.445 [info] > git rev-parse --show-toplevel [1ms]
2025-12-04 20:29:45.445 [info] fatal: not a git repository (or any of the parent directories): .git
2025-12-04 20:29:45.449 [info] > git rev-parse --show-toplevel [1ms]
2025-12-04 20:29:45.449 [info] fatal: not a git repository (or any of the parent directories): .git
2025-12-04 20:29:45.452 [info] > git rev-parse --show-toplevel [1ms]
2025-12-04 20:29:45.452 [info] fatal: not a git repository (or any of the parent directories): .git
2025-12-04 20:29:45.456 [info] > git rev-parse --show-toplevel [1ms]
2025-12-04 20:29:45.456 [info] fatal: not a git repository (or any of the parent directories): .git
2025-12-04 20:29:45.459 [info] > git rev-parse --show-toplevel [1ms]
2025-12-04 20:29:45.459 [info] fatal: not a git repository (or any of the parent directories): .git
2025-12-04 20:29:45.463 [info] > git rev-parse --show-toplevel [1ms]
2025-12-04 20:29:45.463 [info] fatal: not a git repository (or any of the parent directories): .git
2025-12-04 20:29:45.466 [info] > git rev-parse --show-toplevel [1ms]
2025-12-04 20:29:45.466 [info] fatal: not a git repository (or any of the parent directories): .git
2025-12-04 20:29:45.470 [info] > git rev-parse --show-toplevel [1ms]
2025-12-04 20:29:45.470 [info] fatal: not a git repository (or any of the parent directories): .git
2025-12-04 20:29:45.473 [info] > git rev-parse --show-toplevel [1ms]
2025-12-04 20:29:45.473 [info] fatal: not a git repository (or any of the parent directories): .git
2025-12-04 20:29:45.477 [info] > git rev-parse --show-toplevel [1ms]
2025-12-04 20:29:45.477 [info] fatal: not a git repository (or any of the parent directories): .git
2025-12-04 20:29:45.480 [info] > git rev-parse --show-toplevel [0ms]
2025-12-04 20:29:45.480 [info] fatal: not a git repository (or any of the parent directories): .git
2025-12-04 20:29:45.484 [info] > git rev-parse --show-toplevel [1ms]
2025-12-04 20:29:45.484 [info] fatal: not a git repository (or any of the parent directories): .git
2025-12-04 20:29:45.487 [info] > git rev-parse --show-toplevel [0ms]
2025-12-04 20:29:45.487 [info] fatal: not a git repository (or any of the parent directories): .git
2025-12-04 20:29:45.491 [info] > git rev-parse --show-toplevel [1ms]
2025-12-04 20:29:45.491 [info] fatal: not a git repository (or any of the parent directories): .git
2025-12-04 20:29:45.494 [info] > git rev-parse --show-toplevel [1ms]
2025-12-04 20:29:45.494 [info] fatal: not a git repository (or any of the parent directories): .git
2025-12-04 20:29:45.498 [info] > git rev-parse --show-toplevel [1ms]
2025-12-04 20:29:45.498 [info] fatal: not a git repository (or any of the parent directories): .git
2025-12-04 20:29:45.499 [info] [Model][doInitialScan] Initial repository scan completed - repositories (0), closed repositories (0), parent repositories (0), unsafe repositories (0)
2025-12-04 20:29:49.437 [info] > git rev-parse --show-toplevel [33ms]
2025-12-04 20:29:49.437 [info] fatal: not a git repository (or any of the parent directories): .git
2025-12-04 20:29:52.088 [info] > git rev-parse --show-toplevel [2ms]
2025-12-04 20:29:52.088 [info] fatal: not a git repository (or any of the parent directories): .git
2025-12-04 20:29:55.076 [info] > git rev-parse --show-toplevel [2ms]
2025-12-04 20:29:55.084 [info] > git rev-parse --path-format=relative --show-toplevel [2ms]
2025-12-04 20:30:06.873 [info] > git rev-parse --show-toplevel [1ms]
2025-12-04 20:30:06.873 [info] fatal: not a git repository (or any of the parent directories): .git
2025-12-04 20:30:40.861 [info] > git rev-parse --show-toplevel [1ms]
2025-12-04 20:30:40.861 [info] fatal: not a git repository (or any of the parent directories): .git
2025-12-04 20:30:41.916 [info] > git rev-parse --show-toplevel [8ms]
2025-12-04 20:30:41.916 [info] fatal: not a git repository (or any of the parent directories): .git
2025-12-04 20:30:42.457 [info] > git rev-parse --show-toplevel [7ms]
2025-12-04 20:30:42.457 [info] fatal: not a git repository (or any of the parent directories): .git
2025-12-04 20:30:43.006 [info] > git rev-parse --show-toplevel [1ms]
2025-12-04 20:30:43.006 [info] fatal: not a git repository (or any of the parent directories): .git
