2025-11-08 09:33:20.387 [info] Latency measurements for local backend
window<->ptyhost (message port): 1.60ms
window<->ptyhostservice<->ptyhost: 26.10ms
ptyhostservice<->ptyhost: 0.48ms []
2025-11-08 09:45:01.400 [info] autoApprove: Sub-command DENIED auto approval []
2025-11-08 09:45:01.400 [info] - Command 'chmod +x ~/.config/hypr/scripts/Hyprsunset.sh ~/.config/hypr/scripts/sddm_wallpaper.sh' is denied by deny list rule: chmod []
2025-11-08 09:45:01.400 [info] - Command 'true' has no matching auto approve entries []
2025-11-08 09:45:01.400 [info] - Command 'ls -l ~/.config/hypr/scripts/Hyprsunset.sh ~/.config/hypr/scripts/sddm_wallpaper.sh' is approved by allow list rule: ls []
2025-11-08 09:45:01.400 [info] - Command line 'chmod +x ~/.config/hypr/scripts/Hyprsunset.sh ~/.config/hypr/scripts/sddm_wallpaper.sh || true; ls -l ~/.config/hypr/scripts/Hyprsunset.sh ~/.config/hypr/scripts/sddm_wallpaper.sh' has no matching auto approve entries []
2025-11-08 09:45:02.743 [info] ToolTerminalCreator#createTerminal: Waiting 5000ms for shell integration []
2025-11-08 09:45:02.855 [info] ToolTerminalCreator#_waitForShellIntegration: Rich SI available eventually []
2025-11-08 09:45:02.855 [info] ToolTerminalCreator#_waitForShellIntegration: Promise complete, disposing store []
2025-11-08 09:45:02.855 [info] ToolTerminalCreator#createTerminal: Waiting up to 2s for PromptInputModel state to change []
2025-11-08 09:45:22.972 [info] autoApprove: All sub-commands NOT auto-approved []
2025-11-08 09:45:22.972 [info] autoApprove: Command line NOT auto-approved []
2025-11-08 09:45:22.972 [info] - Command 'pkill -f quickshell' has no matching auto approve entries []
2025-11-08 09:45:22.972 [info] - Command 'true' has no matching auto approve entries []
2025-11-08 09:45:22.972 [info] - Command 'quickshell' has no matching auto approve entries []
2025-11-08 09:45:22.972 [info] - Command '/run/user/1000/quickshell_manual.log' has no matching auto approve entries []
2025-11-08 09:45:22.972 [info] - Command 'sleep 0.8' is approved by allow list rule: sleep []
2025-11-08 09:45:22.972 [info] - Command 'tail -n 200 /run/user/1000/quickshell_manual.log' is approved by allow list rule: tail []
2025-11-08 09:45:22.972 [info] - Command line 'pkill -f quickshell || true; quickshell > /run/user/1000/quickshell_manual.log 2>&1 & sleep 0.8; tail -n 200 /run/user/1000/quickshell_manual.log' has no matching auto approve entries []
2025-11-08 09:47:03.674 [info] autoApprove: All sub-commands NOT auto-approved []
2025-11-08 09:47:03.675 [info] autoApprove: Command line NOT auto-approved []
2025-11-08 09:47:03.675 [info] - Command 'pkill -f quickshell' has no matching auto approve entries []
2025-11-08 09:47:03.675 [info] - Command 'true' has no matching auto approve entries []
2025-11-08 09:47:03.675 [info] - Command 'quickshell' has no matching auto approve entries []
2025-11-08 09:47:03.675 [info] - Command '/run/user/1000/quickshell_manual.log' has no matching auto approve entries []
2025-11-08 09:47:03.675 [info] - Command 'sleep 0.8' is approved by allow list rule: sleep []
2025-11-08 09:47:03.675 [info] - Command 'tail -n 200 /run/user/1000/quickshell_manual.log' is approved by allow list rule: tail []
2025-11-08 09:47:03.675 [info] - Command line 'pkill -f quickshell || true; quickshell > /run/user/1000/quickshell_manual.log 2>&1 & sleep 0.8; tail -n 200 /run/user/1000/quickshell_manual.log' has no matching auto approve entries []
2025-11-08 09:49:55.456 [info] autoApprove: All sub-commands NOT auto-approved []
2025-11-08 09:49:55.456 [info] autoApprove: Command line NOT auto-approved []
2025-11-08 09:49:55.457 [info] - Command 'pkill -f quickshell' has no matching auto approve entries []
2025-11-08 09:49:55.457 [info] - Command 'true' has no matching auto approve entries []
2025-11-08 09:49:55.457 [info] - Command 'quickshell' has no matching auto approve entries []
2025-11-08 09:49:55.457 [info] - Command '/run/user/1000/quickshell_manual.log' has no matching auto approve entries []
2025-11-08 09:49:55.457 [info] - Command 'sleep 0.8' is approved by allow list rule: sleep []
2025-11-08 09:49:55.457 [info] - Command 'tail -n 200 /run/user/1000/quickshell_manual.log' is approved by allow list rule: tail []
2025-11-08 09:49:55.457 [info] - Command line 'pkill -f quickshell || true; quickshell > /run/user/1000/quickshell_manual.log 2>&1 & sleep 0.8; tail -n 200 /run/user/1000/quickshell_manual.log' has no matching auto approve entries []
2025-11-08 09:50:22.646 [info] autoApprove: All sub-commands NOT auto-approved []
2025-11-08 09:50:22.646 [info] autoApprove: Command line NOT auto-approved []
2025-11-08 09:50:22.646 [info] - Command 'pkill -f quickshell' has no matching auto approve entries []
2025-11-08 09:50:22.646 [info] - Command 'true' has no matching auto approve entries []
2025-11-08 09:50:22.646 [info] - Command 'quickshell' has no matching auto approve entries []
2025-11-08 09:50:22.646 [info] - Command '/run/user/1000/quickshell_manual.log' has no matching auto approve entries []
2025-11-08 09:50:22.646 [info] - Command 'sleep 0.8' is approved by allow list rule: sleep []
2025-11-08 09:50:22.647 [info] - Command 'tail -n 200 /run/user/1000/quickshell_manual.log' is approved by allow list rule: tail []
2025-11-08 09:50:22.647 [info] - Command line 'pkill -f quickshell || true; quickshell > /run/user/1000/quickshell_manual.log 2>&1 & sleep 0.8; tail -n 200 /run/user/1000/quickshell_manual.log' has no matching auto approve entries []
2025-11-08 09:52:07.482 [info] autoApprove: All sub-commands NOT auto-approved []
2025-11-08 09:52:07.483 [info] autoApprove: Command line NOT auto-approved []
2025-11-08 09:52:07.483 [info] - Command 'pkill -f quickshell' has no matching auto approve entries []
2025-11-08 09:52:07.483 [info] - Command 'true' has no matching auto approve entries []
2025-11-08 09:52:07.483 [info] - Command 'quickshell' has no matching auto approve entries []
2025-11-08 09:52:07.483 [info] - Command '/run/user/1000/quickshell_manual.log' has no matching auto approve entries []
2025-11-08 09:52:07.483 [info] - Command 'sleep 0.8' is approved by allow list rule: sleep []
2025-11-08 09:52:07.483 [info] - Command 'tail -n 200 /run/user/1000/quickshell_manual.log' is approved by allow list rule: tail []
2025-11-08 09:52:07.483 [info] - Command line 'pkill -f quickshell || true; quickshell > /run/user/1000/quickshell_manual.log 2>&1 & sleep 0.8; tail -n 200 /run/user/1000/quickshell_manual.log' has no matching auto approve entries []
2025-11-08 09:52:30.610 [info] autoApprove: All sub-commands NOT auto-approved []
2025-11-08 09:52:30.610 [info] autoApprove: Command line NOT auto-approved []
2025-11-08 09:52:30.610 [info] - Command 'pkill -f quickshell' has no matching auto approve entries []
2025-11-08 09:52:30.610 [info] - Command 'true' has no matching auto approve entries []
2025-11-08 09:52:30.611 [info] - Command 'quickshell' has no matching auto approve entries []
2025-11-08 09:52:30.611 [info] - Command '/run/user/1000/quickshell_manual.log' has no matching auto approve entries []
2025-11-08 09:52:30.611 [info] - Command 'sleep 0.8' is approved by allow list rule: sleep []
2025-11-08 09:52:30.611 [info] - Command 'tail -n 200 /run/user/1000/quickshell_manual.log' is approved by allow list rule: tail []
2025-11-08 09:52:30.611 [info] - Command line 'pkill -f quickshell || true; quickshell > /run/user/1000/quickshell_manual.log 2>&1 & sleep 0.8; tail -n 200 /run/user/1000/quickshell_manual.log' has no matching auto approve entries []
2025-11-08 09:53:03.184 [info] autoApprove: All sub-commands NOT auto-approved []
2025-11-08 09:53:03.184 [info] autoApprove: Command line NOT auto-approved []
2025-11-08 09:53:03.185 [info] - Command 'pkill -f quickshell' has no matching auto approve entries []
2025-11-08 09:53:03.185 [info] - Command 'true' has no matching auto approve entries []
2025-11-08 09:53:03.185 [info] - Command 'quickshell' has no matching auto approve entries []
2025-11-08 09:53:03.185 [info] - Command '/run/user/1000/quickshell_manual.log' has no matching auto approve entries []
2025-11-08 09:53:03.185 [info] - Command 'sleep 0.8' is approved by allow list rule: sleep []
2025-11-08 09:53:03.185 [info] - Command 'tail -n 200 /run/user/1000/quickshell_manual.log' is approved by allow list rule: tail []
2025-11-08 09:53:03.185 [info] - Command line 'pkill -f quickshell || true; quickshell > /run/user/1000/quickshell_manual.log 2>&1 & sleep 0.8; tail -n 200 /run/user/1000/quickshell_manual.log' has no matching auto approve entries []
2025-11-08 09:53:37.503 [info] autoApprove: All sub-commands NOT auto-approved []
2025-11-08 09:53:37.503 [info] autoApprove: Command line NOT auto-approved []
2025-11-08 09:53:37.503 [info] - Command 'pkill -f quickshell' has no matching auto approve entries []
2025-11-08 09:53:37.503 [info] - Command 'true' has no matching auto approve entries []
2025-11-08 09:53:37.503 [info] - Command 'quickshell' has no matching auto approve entries []
2025-11-08 09:53:37.503 [info] - Command '/run/user/1000/quickshell_manual.log' has no matching auto approve entries []
2025-11-08 09:53:37.503 [info] - Command 'sleep 0.8' is approved by allow list rule: sleep []
2025-11-08 09:53:37.503 [info] - Command 'tail -n 200 /run/user/1000/quickshell_manual.log' is approved by allow list rule: tail []
2025-11-08 09:53:37.503 [info] - Command line 'pkill -f quickshell || true; quickshell > /run/user/1000/quickshell_manual.log 2>&1 & sleep 0.8; tail -n 200 /run/user/1000/quickshell_manual.log' has no matching auto approve entries []
2025-11-08 09:54:00.029 [info] autoApprove: All sub-commands NOT auto-approved []
2025-11-08 09:54:00.029 [info] autoApprove: Command line NOT auto-approved []
2025-11-08 09:54:00.029 [info] - Command 'pkill -f quickshell' has no matching auto approve entries []
2025-11-08 09:54:00.029 [info] - Command 'true' has no matching auto approve entries []
2025-11-08 09:54:00.029 [info] - Command 'quickshell' has no matching auto approve entries []
2025-11-08 09:54:00.029 [info] - Command '/run/user/1000/quickshell_manual.log' has no matching auto approve entries []
2025-11-08 09:54:00.030 [info] - Command 'sleep 0.8' is approved by allow list rule: sleep []
2025-11-08 09:54:00.030 [info] - Command 'tail -n 200 /run/user/1000/quickshell_manual.log' is approved by allow list rule: tail []
2025-11-08 09:54:00.030 [info] - Command line 'pkill -f quickshell || true; quickshell > /run/user/1000/quickshell_manual.log 2>&1 & sleep 0.8; tail -n 200 /run/user/1000/quickshell_manual.log' has no matching auto approve entries []
2025-11-08 09:55:10.404 [info] autoApprove: All sub-commands NOT auto-approved []
2025-11-08 09:55:10.404 [info] autoApprove: Command line NOT auto-approved []
2025-11-08 09:55:10.404 [info] - Command 'pkill -f quickshell' has no matching auto approve entries []
2025-11-08 09:55:10.404 [info] - Command 'true' has no matching auto approve entries []
2025-11-08 09:55:10.404 [info] - Command 'quickshell' has no matching auto approve entries []
2025-11-08 09:55:10.404 [info] - Command '/run/user/1000/quickshell_manual.log' has no matching auto approve entries []
2025-11-08 09:55:10.405 [info] - Command 'sleep 0.8' is approved by allow list rule: sleep []
2025-11-08 09:55:10.405 [info] - Command 'tail -n 200 /run/user/1000/quickshell_manual.log' is approved by allow list rule: tail []
2025-11-08 09:55:10.405 [info] - Command line 'pkill -f quickshell || true; quickshell > /run/user/1000/quickshell_manual.log 2>&1 & sleep 0.8; tail -n 200 /run/user/1000/quickshell_manual.log' has no matching auto approve entries []
2025-11-08 09:55:53.130 [info] autoApprove: All sub-commands NOT auto-approved []
2025-11-08 09:55:53.130 [info] autoApprove: Command line NOT auto-approved []
2025-11-08 09:55:53.130 [info] - Command 'pkill -f quickshell' has no matching auto approve entries []
2025-11-08 09:55:53.130 [info] - Command 'true' has no matching auto approve entries []
2025-11-08 09:55:53.130 [info] - Command 'quickshell' has no matching auto approve entries []
2025-11-08 09:55:53.131 [info] - Command '/run/user/1000/quickshell_manual.log' has no matching auto approve entries []
2025-11-08 09:55:53.131 [info] - Command 'sleep 0.8' is approved by allow list rule: sleep []
2025-11-08 09:55:53.131 [info] - Command 'tail -n 200 /run/user/1000/quickshell_manual.log' is approved by allow list rule: tail []
2025-11-08 09:55:53.131 [info] - Command line 'pkill -f quickshell || true; quickshell > /run/user/1000/quickshell_manual.log 2>&1 & sleep 0.8; tail -n 200 /run/user/1000/quickshell_manual.log' has no matching auto approve entries []
2025-11-08 09:56:30.435 [info] autoApprove: All sub-commands NOT auto-approved []
2025-11-08 09:56:30.435 [info] autoApprove: Command line NOT auto-approved []
2025-11-08 09:56:30.435 [info] - Command 'pkill -f quickshell' has no matching auto approve entries []
2025-11-08 09:56:30.435 [info] - Command 'true' has no matching auto approve entries []
2025-11-08 09:56:30.435 [info] - Command 'quickshell' has no matching auto approve entries []
2025-11-08 09:56:30.435 [info] - Command '/run/user/1000/quickshell_manual.log' has no matching auto approve entries []
2025-11-08 09:56:30.435 [info] - Command 'sleep 0.9' is approved by allow list rule: sleep []
2025-11-08 09:56:30.435 [info] - Command 'tail -n 200 /run/user/1000/quickshell_manual.log' is approved by allow list rule: tail []
2025-11-08 09:56:30.436 [info] - Command line 'pkill -f quickshell || true; quickshell > /run/user/1000/quickshell_manual.log 2>&1 & sleep 0.9; tail -n 200 /run/user/1000/quickshell_manual.log' has no matching auto approve entries []
2025-11-08 09:56:59.439 [info] autoApprove: All sub-commands NOT auto-approved []
2025-11-08 09:56:59.439 [info] autoApprove: Command line NOT auto-approved []
2025-11-08 09:56:59.439 [info] - Command 'pkill -f quickshell' has no matching auto approve entries []
2025-11-08 09:56:59.439 [info] - Command 'true' has no matching auto approve entries []
2025-11-08 09:56:59.439 [info] - Command 'quickshell' has no matching auto approve entries []
2025-11-08 09:56:59.440 [info] - Command '/run/user/1000/quickshell_manual.log' has no matching auto approve entries []
2025-11-08 09:56:59.440 [info] - Command 'sleep 0.9' is approved by allow list rule: sleep []
2025-11-08 09:56:59.440 [info] - Command 'tail -n 200 /run/user/1000/quickshell_manual.log' is approved by allow list rule: tail []
2025-11-08 09:56:59.440 [info] - Command line 'pkill -f quickshell || true; quickshell > /run/user/1000/quickshell_manual.log 2>&1 & sleep 0.9; tail -n 200 /run/user/1000/quickshell_manual.log' has no matching auto approve entries []
2025-11-08 09:58:40.008 [info] autoApprove: All sub-commands auto-approved []
2025-11-08 09:58:40.008 [info] - Command 'readlink -f ~/.config/rofi/.current_wallpaper' is approved by allow list rule: readlink []
2025-11-08 09:58:40.009 [info] - Command 'echo 'symlink missing'' is approved by allow list rule: echo []
2025-11-08 09:58:40.009 [info] - Command 'stat -c '%y %n' ~/.config/quickshell/qml_color.json' is approved by allow list rule: stat []
2025-11-08 09:58:40.009 [info] - Command 'ls -l ~/.config/quickshell/qml_color.json' is approved by allow list rule: ls []
2025-11-08 09:58:40.009 [info] - Command line 'readlink -f ~/.config/rofi/.current_wallpaper || echo 'symlink missing'; stat -c '%y %n' ~/.config/quickshell/qml_color.json ; ls -l ~/.config/quickshell/qml_color.json' has no matching auto approve entries []
2025-11-08 09:58:56.379 [info] autoApprove: Command line DENIED auto approval []
2025-11-08 09:58:56.379 [info] - Command 'if command -v matugen' has no matching auto approve entries []
2025-11-08 09:58:56.379 [info] - Command '/dev/null' has no matching auto approve entries []
2025-11-08 09:58:56.379 [info] - Command 'then echo 'matugen found'' has no matching auto approve entries []
2025-11-08 09:58:56.380 [info] - Command 'matugen image "$(readlink -f ~/.config/rofi/.current_wallpaper)"' has no matching auto approve entries []
2025-11-08 09:58:56.380 [info] - Command 'echo 'matugen finished'' is approved by allow list rule: echo []
2025-11-08 09:58:56.380 [info] - Command 'else echo 'matugen not found'' has no matching auto approve entries []
2025-11-08 09:58:56.380 [info] - Command 'fi' has no matching auto approve entries []
2025-11-08 09:58:56.380 [info] - Command 'stat -c '%y %n' ~/.config/quickshell/qml_color.json' is approved by allow list rule: stat []
2025-11-08 09:58:56.380 [info] - Command 'tail -n 120 /run/user/1000/quickshell/by-id/*/log.qslog' is approved by allow list rule: tail []
2025-11-08 09:58:56.380 [info] - Command '/dev/null' has no matching auto approve entries []
2025-11-08 09:58:56.380 [info] - Command 'tail -n 120' is approved by allow list rule: tail []
2025-11-08 09:58:56.380 [info] - Command line 'if command -v matugen >/dev/null 2>&1; then echo 'matugen found'; matugen image "$(readlink -f ~/.config/rofi/.current_wallpaper)" && echo 'matugen finished'; else echo 'matugen not found'; fi; stat -c '%y %n' ~/.config/quickshell/qml_color.json; tail -n 120 /run/user/1000/quickshell/by-id/*/log.qslog 2>/dev/null | tail -n 120' is denied by deny list rule: /\(.+\)/s []
2025-11-08 09:59:00.803 [error] Parsing error:  [{"position":96399,"code":127,"currentState":0,"collect":0,"params":{"maxLength":32,"maxSubParamsLength":32,"params":{"0":0,"1":5,"2":42,"3":0,"4":0,"5":0,"6":0,"7":0,"8":0,"9":0,"10":0,"11":0,"12":0,"13":0,"14":0,"15":0,"16":0,"17":0,"18":0,"19":0,"20":0,"21":0,"22":0,"23":0,"24":0,"25":0,"26":0,"27":0,"28":0,"29":0,"30":0,"31":0},"length":1,"_subParams":{"0":0,"1":0,"2":0,"3":0,"4":0,"5":0,"6":0,"7":0,"8":0,"9":0,"10":0,"11":0,"12":0,"13":0,"14":0,"15":0,"16":0,"17":0,"18":0,"19":0,"20":0,"21":0,"22":0,"23":0,"24":0,"25":0,"26":0,"27":0,"28":0,"29":0,"30":0,"31":0},"_subParamsLength":0,"_subParamsIdx":{"0":0,"1":0,"2":0,"3":0,"4":0,"5":0,"6":0,"7":0,"8":0,"9":0,"10":0,"11":0,"12":0,"13":0,"14":0,"15":0,"16":0,"17":0,"18":0,"19":0,"20":0,"21":0,"22":0,"23":0,"24":0,"25":0,"26":0,"27":0,"28":0,"29":0,"30":0,"31":0},"_rejectDigits":false,"_rejectSubDigits":false,"_digitIsSub":false},"abort":false}]
2025-11-08 10:00:18.152 [info] autoApprove: All sub-commands NOT auto-approved []
2025-11-08 10:00:18.152 [info] autoApprove: Command line NOT auto-approved []
2025-11-08 10:00:18.153 [info] - Command 'matugen --help' has no matching auto approve entries []
2025-11-08 10:00:18.153 [info] - Command 'sed -n '1,200p'' has no matching auto approve entries []
2025-11-08 10:00:18.153 [info] - Command line 'matugen --help 2>&1 | sed -n '1,200p'' has no matching auto approve entries []
2025-11-08 10:00:29.326 [info] autoApprove: Command line DENIED auto approval []
2025-11-08 10:00:29.327 [info] - Command 'matugen -d image "$(readlink -f ~/.config/rofi/.current_wallpaper)"' has no matching auto approve entries []
2025-11-08 10:00:29.327 [info] - Command 'sed -n '1,200p'' has no matching auto approve entries []
2025-11-08 10:00:29.327 [info] - Command line 'matugen -d image "$(readlink -f ~/.config/rofi/.current_wallpaper)" 2>&1 | sed -n '1,200p'' is denied by deny list rule: /\(.+\)/s []
2025-11-08 10:00:40.548 [info] autoApprove: All sub-commands NOT auto-approved []
2025-11-08 10:00:40.548 [info] autoApprove: Command line NOT auto-approved []
2025-11-08 10:00:40.548 [info] - Command 'ls -la ~/.config/matugen/templates' is approved by allow list rule: ls []
2025-11-08 10:00:40.548 [info] - Command 'sed -n '1,200p'' has no matching auto approve entries []
2025-11-08 10:00:40.548 [info] - Command line 'ls -la ~/.config/matugen/templates | sed -n '1,200p'' has no matching auto approve entries []
2025-11-08 10:01:03.665 [info] autoApprove: Command line DENIED auto approval []
2025-11-08 10:01:03.666 [info] - Command 'matugen image "$(readlink -f ~/.config/rofi/.current_wallpaper)" --json hex --dry-run' has no matching auto approve entries []
2025-11-08 10:01:03.666 [info] - Command 'sed -n '1,200p'' has no matching auto approve entries []
2025-11-08 10:01:03.666 [info] - Command line 'matugen image "$(readlink -f ~/.config/rofi/.current_wallpaper)" --json hex --dry-run 2>&1 | sed -n '1,200p'' is denied by deny list rule: /\(.+\)/s []
2025-11-08 10:01:21.685 [info] autoApprove: Sub-command DENIED auto approval []
2025-11-08 10:01:21.685 [info] - Command 'wallpath="$(readlink -f ~/.config/rofi/.current_wallpaper)"' is denied because it contains transient environment variables []
2025-11-08 10:01:21.685 [info] - Command 'matugen image "$wallpath" --json hex --dry-run' has no matching auto approve entries []
2025-11-08 10:01:21.685 [info] - Command 'jq -r '(.colors)' is denied by deny list rule: jq []
2025-11-08 10:01:21.685 [info] - Command 'windowBackground: .background.dark, primaryText: .on_background.dark, layerBackground1: (.blue.dark // .blue.default // "#000000"), layerBackground2: (.blue_container.dark // .blue_container.default // "#000000"), layerBackground3: .background.dark, surfaceText: .on_background.dark, secondaryText: .on_background.default, borderPrimary: (.blue.dark // .blue.default // "#000000"), shadowColor: "#000000", accentPrimary: (.blue.dark // .blue.default // "#000000"), accentSecondary: (.blue_container.dark // .blue_container.default // "#000000"), selectionBackground: (.blue_container.dark // .blue_container.default // "#000000"), accentPrimaryText: (.on_blue.dark // .on_blue.default // "#000000"), selectionText: (.on_blue_container.dark // .on_blue_container.default // "#000000"), borderSecondary: (.blue_container.dark // .blue_container.default // "#000000")}' has no matching auto approve entries []
2025-11-08 10:01:21.686 [info] - Command 'tojson'' has no matching auto approve entries []
2025-11-08 10:01:21.686 [info] - Command '~/.config/quickshell/qml_color.json' has no matching auto approve entries []
2025-11-08 10:01:21.686 [info] - Command 'stat -c '%y %n' ~/.config/quickshell/qml_color.json' is approved by allow list rule: stat []
2025-11-08 10:01:21.686 [info] - Command 'tail -n 160 /run/user/1000/quickshell/by-id/*/log.qslog' is approved by allow list rule: tail []
2025-11-08 10:01:21.686 [info] - Command '/dev/null' has no matching auto approve entries []
2025-11-08 10:01:21.686 [info] - Command 'tail -n 120' is approved by allow list rule: tail []
2025-11-08 10:01:21.686 [info] - Command line 'wallpath="$(readlink -f ~/.config/rofi/.current_wallpaper)" && matugen image "$wallpath" --json hex --dry-run | jq -r '(.colors) | {windowBackground: .background.dark, primaryText: .on_background.dark, layerBackground1: (.blue.dark // .blue.default // "#000000"), layerBackground2: (.blue_container.dark // .blue_container.default // "#000000"), layerBackground3: .background.dark, surfaceText: .on_background.dark, secondaryText: .on_background.default, borderPrimary: (.blue.dark // .blue.default // "#000000"), shadowColor: "#000000", accentPrimary: (.blue.dark // .blue.default // "#000000"), accentSecondary: (.blue_container.dark // .blue_container.default // "#000000"), selectionBackground: (.blue_container.dark // .blue_container.default // "#000000"), accentPrimaryText: (.on_blue.dark // .on_blue.default // "#000000"), selectionText: (.on_blue_container.dark // .on_blue_container.default // "#000000"), borderSecondary: (.blue_container.dark // .blue_container.default // "#000000")} | tojson' > ~/.config/quickshell/qml_color.json && stat -c '%y %n' ~/.config/quickshell/qml_color.json && tail -n 160 /run/user/1000/quickshell/by-id/*/log.qslog 2>/dev/null | tail -n 120' is denied by deny list rule: /\(.+\)/s []
2025-11-08 10:01:31.140 [error] Parsing error:  [{"position":90546,"code":127,"currentState":0,"collect":0,"params":{"maxLength":32,"maxSubParamsLength":32,"params":{"0":0,"1":5,"2":42,"3":0,"4":0,"5":0,"6":0,"7":0,"8":0,"9":0,"10":0,"11":0,"12":0,"13":0,"14":0,"15":0,"16":0,"17":0,"18":0,"19":0,"20":0,"21":0,"22":0,"23":0,"24":0,"25":0,"26":0,"27":0,"28":0,"29":0,"30":0,"31":0},"length":1,"_subParams":{"0":0,"1":0,"2":0,"3":0,"4":0,"5":0,"6":0,"7":0,"8":0,"9":0,"10":0,"11":0,"12":0,"13":0,"14":0,"15":0,"16":0,"17":0,"18":0,"19":0,"20":0,"21":0,"22":0,"23":0,"24":0,"25":0,"26":0,"27":0,"28":0,"29":0,"30":0,"31":0},"_subParamsLength":0,"_subParamsIdx":{"0":0,"1":0,"2":0,"3":0,"4":0,"5":0,"6":0,"7":0,"8":0,"9":0,"10":0,"11":0,"12":0,"13":0,"14":0,"15":0,"16":0,"17":0,"18":0,"19":0,"20":0,"21":0,"22":0,"23":0,"24":0,"25":0,"26":0,"27":0,"28":0,"29":0,"30":0,"31":0},"_rejectDigits":false,"_rejectSubDigits":false,"_digitIsSub":false},"abort":false}]
2025-11-08 10:02:52.746 [info] autoApprove: All sub-commands NOT auto-approved []
2025-11-08 10:02:52.746 [info] autoApprove: Command line NOT auto-approved []
2025-11-08 10:02:52.746 [info] - Command 'echo '--- qml_color.json contents ---'' is approved by allow list rule: echo []
2025-11-08 10:02:52.746 [info] - Command 'sed -n '1,240p' ~/.config/quickshell/qml_color.json' has no matching auto approve entries []
2025-11-08 10:02:52.746 [info] - Command 'true' has no matching auto approve entries []
2025-11-08 10:02:52.746 [info] - Command 'echo '--- end ---'' is approved by allow list rule: echo []
2025-11-08 10:02:52.746 [info] - Command line 'echo '--- qml_color.json contents ---'; sed -n '1,240p' ~/.config/quickshell/qml_color.json || true; echo '--- end ---'' has no matching auto approve entries []
2025-11-08 10:03:04.908 [info] autoApprove: All sub-commands NOT auto-approved []
2025-11-08 10:03:04.909 [info] autoApprove: Command line NOT auto-approved []
2025-11-08 10:03:04.909 [info] - Command 'grep -E "MaterialThemeLoader' is approved by allow list rule: grep []
2025-11-08 10:03:04.909 [info] - Command 'applyColors' has no matching auto approve entries []
2025-11-08 10:03:04.909 [info] - Command 'qml_color.json' has no matching auto approve entries []
2025-11-08 10:03:04.909 [info] - Command 'Loaded for' has no matching auto approve entries []
2025-11-08 10:03:04.909 [info] - Command 'Starting async load' has no matching auto approve entries []
2025-11-08 10:03:04.909 [info] - Command 'Async operation finished" -n /run/user/1000/quickshell/by-id/*/log.qslog' has no matching auto approve entries []
2025-11-08 10:03:04.909 [info] - Command '/dev/null' has no matching auto approve entries []
2025-11-08 10:03:04.909 [info] - Command 'true' has no matching auto approve entries []
2025-11-08 10:03:04.909 [info] - Command line 'grep -E "MaterialThemeLoader|applyColors|qml_color.json|Loaded for|Starting async load|Async operation finished" -n /run/user/1000/quickshell/by-id/*/log.qslog 2>/dev/null || true' has no matching auto approve entries []
2025-11-08 10:03:23.323 [info] autoApprove: All sub-commands auto-approved []
2025-11-08 10:03:23.323 [info] - Command 'ls -la /run/user/1000/quickshell/by-id' is approved by allow list rule: ls []
2025-11-08 10:03:23.323 [info] - Command 'head -n 40' is approved by allow list rule: head []
2025-11-08 10:03:23.323 [info] - Command line 'ls -la /run/user/1000/quickshell/by-id | head -n 40' has no matching auto approve entries []
2025-11-08 10:03:34.812 [info] autoApprove: All sub-commands auto-approved []
2025-11-08 10:03:34.812 [info] - Command 'ls -lt /run/user/1000/quickshell/by-id' is approved by allow list rule: ls []
2025-11-08 10:03:34.812 [info] - Command 'head -n 8' is approved by allow list rule: head []
2025-11-08 10:03:34.812 [info] - Command line 'ls -lt /run/user/1000/quickshell/by-id | head -n 8' has no matching auto approve entries []
2025-11-08 10:03:47.332 [info] autoApprove: All sub-commands NOT auto-approved []
2025-11-08 10:03:47.332 [info] autoApprove: Command line NOT auto-approved []
2025-11-08 10:03:47.332 [info] - Command 'tail -n 200 /run/user/1000/quickshell/by-id/9v8kfxd5t/log.qslog' is approved by allow list rule: tail []
2025-11-08 10:03:47.332 [info] - Command '/dev/null' has no matching auto approve entries []
2025-11-08 10:03:47.332 [info] - Command 'true' has no matching auto approve entries []
2025-11-08 10:03:47.332 [info] - Command line 'tail -n 200 /run/user/1000/quickshell/by-id/9v8kfxd5t/log.qslog 2>/dev/null || true' has no matching auto approve entries []
2025-11-08 10:06:09.485 [info] autoApprove: All sub-commands NOT auto-approved []
2025-11-08 10:06:09.485 [info] autoApprove: Command line NOT auto-approved []
2025-11-08 10:06:09.485 [info] - Command 'ls -la /home/blueflowers/.config/matugen/templates' is approved by allow list rule: ls []
2025-11-08 10:06:09.485 [info] - Command 'sed -n '1,240p'' has no matching auto approve entries []
2025-11-08 10:06:09.486 [info] - Command line 'ls -la /home/blueflowers/.config/matugen/templates | sed -n '1,240p'' has no matching auto approve entries []
2025-11-08 10:06:27.597 [info] autoApprove: All sub-commands NOT auto-approved []
2025-11-08 10:06:27.597 [info] autoApprove: Command line NOT auto-approved []
2025-11-08 10:06:27.597 [info] - Command 'sed -n '1,240p' /home/blueflowers/.config/matugen/Matugen.colors' has no matching auto approve entries []
2025-11-08 10:06:27.597 [info] - Command 'true' has no matching auto approve entries []
2025-11-08 10:06:27.597 [info] - Command line 'sed -n '1,240p' /home/blueflowers/.config/matugen/Matugen.colors || true' has no matching auto approve entries []
2025-11-08 10:08:01.334 [info] autoApprove: Sub-command DENIED auto approval []
2025-11-08 10:08:01.335 [info] - Command 'wallpath="$(readlink -f ~/.config/rofi/.current_wallpaper' is denied because it contains transient environment variables []
2025-11-08 10:08:01.335 [info] - Command 'true)"' has no matching auto approve entries []
2025-11-08 10:08:01.335 [info] - Command 'echo "current wallpaper: $wallpath"' is approved by allow list rule: echo []
2025-11-08 10:08:01.335 [info] - Command 'if [ -n "$wallpath" ]' has no matching auto approve entries []
2025-11-08 10:08:01.335 [info] - Command 'then matugen image "$wallpath" -q' has no matching auto approve entries []
2025-11-08 10:08:01.335 [info] - Command 'matugen image "$wallpath"' has no matching auto approve entries []
2025-11-08 10:08:01.335 [info] - Command 'else echo 'No current wallpaper symlink found'' has no matching auto approve entries []
2025-11-08 10:08:01.335 [info] - Command 'fi' has no matching auto approve entries []
2025-11-08 10:08:01.335 [info] - Command line 'wallpath="$(readlink -f ~/.config/rofi/.current_wallpaper || true)" && echo "current wallpaper: $wallpath" && if [ -n "$wallpath" ]; then matugen image "$wallpath" -q || matugen image "$wallpath"; else echo 'No current wallpaper symlink found'; fi' is denied by deny list rule: /\(.+\)/s []
2025-11-08 10:08:16.500 [info] autoApprove: Sub-command DENIED auto approval []
2025-11-08 10:08:16.500 [info] - Command 'matugen image "$(readlink -f ~/.config/rofi/.current_wallpaper)" --json hex --dry-run' has no matching auto approve entries []
2025-11-08 10:08:16.500 [info] - Command '/dev/null' has no matching auto approve entries []
2025-11-08 10:08:16.500 [info] - Command 'jq -r '(.colors)' is denied by deny list rule: jq []
2025-11-08 10:08:16.500 [info] - Command 'windowBackground: .background.dark,
  primaryText: .on_background.dark,
  layerBackground1: .primary.default,
  layerBackground2: .primary_container.default,
  layerBackground3: .surface.default,
  surfaceText: .on_surface.dark,
  secondaryText: .on_surface_variant.default,
  borderPrimary: .primary.default,
  shadowColor: "#000000",
  accentPrimary: .primary.default,
  accentSecondary: .secondary_container.default,
  selectionBackground: .secondary_container.default,
  accentPrimaryText: .on_primary.default,
  selectionText: .on_secondary_container.default,
  borderSecondary: .secondary_container.default
}' has no matching auto approve entries []
2025-11-08 10:08:16.500 [info] - Command 'tojson'' has no matching auto approve entries []
2025-11-08 10:08:16.500 [info] - Command '~/.config/quickshell/qml_color.json' has no matching auto approve entries []
2025-11-08 10:08:16.501 [info] - Command 'echo 'WROTE:'' is approved by allow list rule: echo []
2025-11-08 10:08:16.501 [info] - Command 'stat -c '%y %n' ~/.config/quickshell/qml_color.json' is approved by allow list rule: stat []
2025-11-08 10:08:16.501 [info] - Command 'echo 'matugen dry-run failed'' is approved by allow list rule: echo []
2025-11-08 10:08:16.501 [info] - Command line 'matugen image "$(readlink -f ~/.config/rofi/.current_wallpaper)" --json hex --dry-run 2>/dev/null | jq -r '(.colors) | {
  windowBackground: .background.dark,
  primaryText: .on_background.dark,
  layerBackground1: .primary.default,
  layerBackground2: .primary_container.default,
  layerBackground3: .surface.default,
  surfaceText: .on_surface.dark,
  secondaryText: .on_surface_variant.default,
  borderPrimary: .primary.default,
  shadowColor: "#000000",
  accentPrimary: .primary.default,
  accentSecondary: .secondary_container.default,
  selectionBackground: .secondary_container.default,
  accentPrimaryText: .on_primary.default,
  selectionText: .on_secondary_container.default,
  borderSecondary: .secondary_container.default
} | tojson' > ~/.config/quickshell/qml_color.json && echo 'WROTE:' && stat -c '%y %n' ~/.config/quickshell/qml_color.json || echo 'matugen dry-run failed'' is denied by deny list rule: /\(.+\)/s []
2025-11-08 10:08:32.871 [info] autoApprove: All sub-commands NOT auto-approved []
2025-11-08 10:08:32.871 [info] autoApprove: Command line NOT auto-approved []
2025-11-08 10:08:32.871 [info] - Command 'sed -n '1,240p' ~/.config/quickshell/qml_color.json' has no matching auto approve entries []
2025-11-08 10:08:32.872 [info] - Command line 'sed -n '1,240p' ~/.config/quickshell/qml_color.json' has no matching auto approve entries []
2025-11-08 10:08:43.919 [info] autoApprove: All sub-commands NOT auto-approved []
2025-11-08 10:08:43.919 [info] autoApprove: Command line NOT auto-approved []
2025-11-08 10:08:43.919 [info] - Command 'grep -Hn "qml_color.json\' is approved by allow list rule: grep []
2025-11-08 10:08:43.919 [info] - Command 'MaterialThemeLoader\' has no matching auto approve entries []
2025-11-08 10:08:43.919 [info] - Command 'applyColors" /run/user/1000/quickshell/by-id/*/log.qslog' has no matching auto approve entries []
2025-11-08 10:08:43.919 [info] - Command '/dev/null' has no matching auto approve entries []
2025-11-08 10:08:43.919 [info] - Command 'tail -n 60' is approved by allow list rule: tail []
2025-11-08 10:08:43.919 [info] - Command line 'grep -Hn "qml_color.json\|MaterialThemeLoader\|applyColors" /run/user/1000/quickshell/by-id/*/log.qslog 2>/dev/null | tail -n 60' has no matching auto approve entries []
2025-11-08 10:09:01.735 [info] autoApprove: All sub-commands NOT auto-approved []
2025-11-08 10:09:01.735 [info] autoApprove: Command line NOT auto-approved []
2025-11-08 10:09:01.735 [info] - Command 'tail -n 200 /run/user/1000/quickshell/by-id/9v8kfxd5t/log.qslog' is approved by allow list rule: tail []
2025-11-08 10:09:01.735 [info] - Command '/dev/null' has no matching auto approve entries []
2025-11-08 10:09:01.736 [info] - Command 'true' has no matching auto approve entries []
2025-11-08 10:09:01.736 [info] - Command line 'tail -n 200 /run/user/1000/quickshell/by-id/9v8kfxd5t/log.qslog 2>/dev/null || true' has no matching auto approve entries []
2025-11-08 10:13:47.487 [info] autoApprove: All sub-commands NOT auto-approved []
2025-11-08 10:13:47.487 [info] autoApprove: Command line NOT auto-approved []
2025-11-08 10:13:47.487 [info] - Command 'ls -la ~/.config/quickshell' is approved by allow list rule: ls []
2025-11-08 10:13:47.487 [info] - Command 'true' has no matching auto approve entries []
2025-11-08 10:13:47.487 [info] - Command line 'ls -la ~/.config/quickshell || true' has no matching auto approve entries []
2025-11-08 10:14:41.990 [info] autoApprove: All sub-commands NOT auto-approved []
2025-11-08 10:14:41.990 [info] autoApprove: Command line NOT auto-approved []
2025-11-08 10:14:41.990 [info] - Command 'ln -sfn /home/blueflowers/.config/quickshell/modules/dank/ControlCenter /home/blueflowers/.config/quickshell/qs/Modules/ControlCenter/ControlCenter' has no matching auto approve entries []
2025-11-08 10:14:41.990 [info] - Command 'ln -sfn /home/blueflowers/.config/quickshell/modules/dank/Widgets /home/blueflowers/.config/quickshell/qs/Widgets' has no matching auto approve entries []
2025-11-08 10:14:41.990 [info] - Command 'ln -sfn /home/blueflowers/.config/quickshell/modules/dank/ControlCenter/Models /home/blueflowers/.config/quickshell/qs/Modules/ControlCenter/Models' has no matching auto approve entries []
2025-11-08 10:14:41.990 [info] - Command 'true' has no matching auto approve entries []
2025-11-08 10:14:41.991 [info] - Command line 'ln -sfn /home/blueflowers/.config/quickshell/modules/dank/ControlCenter /home/blueflowers/.config/quickshell/qs/Modules/ControlCenter/ControlCenter && ln -sfn /home/blueflowers/.config/quickshell/modules/dank/Widgets /home/blueflowers/.config/quickshell/qs/Widgets && ln -sfn /home/blueflowers/.config/quickshell/modules/dank/ControlCenter/Models /home/blueflowers/.config/quickshell/qs/Modules/ControlCenter/Models || true' has no matching auto approve entries []
2025-11-08 10:17:13.017 [info] autoApprove: All sub-commands NOT auto-approved []
2025-11-08 10:17:13.017 [info] autoApprove: Command line NOT auto-approved []
2025-11-08 10:17:13.017 [info] - Command 'ln -sfn /home/blueflowers/.config/quickshell/modules/dank/ControlCenter/Components /home/blueflowers/.config/quickshell/qs/Modules/ControlCenter/Components/Components' has no matching auto approve entries []
2025-11-08 10:17:13.017 [info] - Command 'true' has no matching auto approve entries []
2025-11-08 10:17:13.017 [info] - Command line 'ln -sfn /home/blueflowers/.config/quickshell/modules/dank/ControlCenter/Components /home/blueflowers/.config/quickshell/qs/Modules/ControlCenter/Components/Components || true' has no matching auto approve entries []
2025-11-08 10:17:32.027 [info] autoApprove: All sub-commands NOT auto-approved []
2025-11-08 10:17:32.027 [info] autoApprove: Command line NOT auto-approved []
2025-11-08 10:17:32.027 [info] - Command 'ln -sfn /home/blueflowers/.config/quickshell/modules/dank/ControlCenter/Models /home/blueflowers/.config/quickshell/qs/Modules/ControlCenter/Models/Models' has no matching auto approve entries []
2025-11-08 10:17:32.027 [info] - Command 'true' has no matching auto approve entries []
2025-11-08 10:17:32.027 [info] - Command line 'ln -sfn /home/blueflowers/.config/quickshell/modules/dank/ControlCenter/Models /home/blueflowers/.config/quickshell/qs/Modules/ControlCenter/Models/Models || true' has no matching auto approve entries []
2025-11-08 10:17:43.616 [info] autoApprove: All sub-commands NOT auto-approved []
2025-11-08 10:17:43.616 [info] autoApprove: Command line NOT auto-approved []
2025-11-08 10:17:43.616 [info] - Command 'ls -la ~/.config/quickshell/qs' is approved by allow list rule: ls []
2025-11-08 10:17:43.616 [info] - Command 'true' has no matching auto approve entries []
2025-11-08 10:17:43.616 [info] - Command line 'ls -la ~/.config/quickshell/qs || true' has no matching auto approve entries []
2025-11-08 10:17:56.650 [info] autoApprove: All sub-commands NOT auto-approved []
2025-11-08 10:17:56.650 [info] autoApprove: Command line NOT auto-approved []
2025-11-08 10:17:56.650 [info] - Command 'grep -n "module \' is approved by allow list rule: grep []
2025-11-08 10:17:56.650 [info] - Command 'qmldir" -n ~/.config/quickshell/qs/* -R' has no matching auto approve entries []
2025-11-08 10:17:56.650 [info] - Command '/dev/null' has no matching auto approve entries []
2025-11-08 10:17:56.650 [info] - Command 'true' has no matching auto approve entries []
2025-11-08 10:17:56.650 [info] - Command line 'grep -n "module \|qmldir" -n ~/.config/quickshell/qs/* -R 2>/dev/null || true' has no matching auto approve entries []
2025-11-08 10:18:07.367 [info] autoApprove: All sub-commands NOT auto-approved []
2025-11-08 10:18:07.368 [info] autoApprove: Command line NOT auto-approved []
2025-11-08 10:18:07.368 [info] - Command 'tail -n 160 /run/user/1000/quickshell/by-id/9v8kfxd5t/log.qslog' is approved by allow list rule: tail []
2025-11-08 10:18:07.368 [info] - Command '/dev/null' has no matching auto approve entries []
2025-11-08 10:18:07.368 [info] - Command 'true' has no matching auto approve entries []
2025-11-08 10:18:07.368 [info] - Command line 'tail -n 160 /run/user/1000/quickshell/by-id/9v8kfxd5t/log.qslog 2>/dev/null || true' has no matching auto approve entries []
2025-11-08 10:18:33.835 [info] autoApprove: All sub-commands NOT auto-approved []
2025-11-08 10:18:33.835 [info] autoApprove: Command line NOT auto-approved []
2025-11-08 10:18:33.835 [info] - Command 'ln -sfn /home/blueflowers/.config/quickshell/modules/dank/ControlCenter/Details /home/blueflowers/.config/quickshell/qs/Modules/ControlCenter/Details/Details' has no matching auto approve entries []
2025-11-08 10:18:33.836 [info] - Command 'true' has no matching auto approve entries []
2025-11-08 10:18:33.836 [info] - Command 'ls -la /home/blueflowers/.config/quickshell/qs/Modules/ControlCenter' is approved by allow list rule: ls []
2025-11-08 10:18:33.836 [info] - Command 'true' has no matching auto approve entries []
2025-11-08 10:18:33.836 [info] - Command line 'ln -sfn /home/blueflowers/.config/quickshell/modules/dank/ControlCenter/Details /home/blueflowers/.config/quickshell/qs/Modules/ControlCenter/Details/Details || true && ls -la /home/blueflowers/.config/quickshell/qs/Modules/ControlCenter || true' has no matching auto approve entries []
2025-11-08 10:18:52.682 [info] autoApprove: All sub-commands NOT auto-approved []
2025-11-08 10:18:52.682 [info] autoApprove: Command line NOT auto-approved []
2025-11-08 10:18:52.682 [info] - Command 'ln -sfn /home/blueflowers/.config/quickshell/modules/dank/ControlCenter/Details /home/blueflowers/.config/quickshell/qs/Modules/ControlCenter/Details/Details' has no matching auto approve entries []
2025-11-08 10:18:52.682 [info] - Command 'ls -la /home/blueflowers/.config/quickshell/qs/Modules/ControlCenter/Details' is approved by allow list rule: ls []
2025-11-08 10:18:52.682 [info] - Command line 'ln -sfn /home/blueflowers/.config/quickshell/modules/dank/ControlCenter/Details /home/blueflowers/.config/quickshell/qs/Modules/ControlCenter/Details/Details && ls -la /home/blueflowers/.config/quickshell/qs/Modules/ControlCenter/Details' has no matching auto approve entries []
2025-11-08 10:19:07.636 [info] autoApprove: All sub-commands NOT auto-approved []
2025-11-08 10:19:07.636 [info] autoApprove: Command line NOT auto-approved []
2025-11-08 10:19:07.636 [info] - Command 'tail -n 160 /run/user/1000/quickshell/by-id/9v8kfxd5t/log.qslog' is approved by allow list rule: tail []
2025-11-08 10:19:07.637 [info] - Command '/dev/null' has no matching auto approve entries []
2025-11-08 10:19:07.637 [info] - Command 'true' has no matching auto approve entries []
2025-11-08 10:19:07.637 [info] - Command line 'tail -n 160 /run/user/1000/quickshell/by-id/9v8kfxd5t/log.qslog 2>/dev/null || true' has no matching auto approve entries []
2025-11-08 10:19:59.610 [info] autoApprove: Sub-command DENIED auto approval []
2025-11-08 10:19:59.611 [info] - Command 'rm -rf /home/blueflowers/.config/quickshell/qs/Modules/ControlCenter/Details/Details' is denied by deny list rule: rm []
2025-11-08 10:19:59.611 [info] - Command 'for f in /home/blueflowers/.config/quickshell/modules/dank/ControlCenter/Details/*.qml' has no matching auto approve entries []
2025-11-08 10:19:59.611 [info] - Command 'do ln -sfn "$f" "/home/blueflowers/.config/quickshell/qs/Modules/ControlCenter/Details/$(basename $f)"' has no matching auto approve entries []
2025-11-08 10:19:59.611 [info] - Command 'done' has no matching auto approve entries []
2025-11-08 10:19:59.611 [info] - Command 'ls -la /home/blueflowers/.config/quickshell/qs/Modules/ControlCenter/Details' is approved by allow list rule: ls []
2025-11-08 10:19:59.611 [info] - Command line 'rm -rf /home/blueflowers/.config/quickshell/qs/Modules/ControlCenter/Details/Details && for f in /home/blueflowers/.config/quickshell/modules/dank/ControlCenter/Details/*.qml; do ln -sfn "$f" "/home/blueflowers/.config/quickshell/qs/Modules/ControlCenter/Details/$(basename $f)"; done && ls -la /home/blueflowers/.config/quickshell/qs/Modules/ControlCenter/Details' is denied by deny list rule: /\(.+\)/s []
2025-11-08 10:20:12.814 [info] autoApprove: All sub-commands NOT auto-approved []
2025-11-08 10:20:12.814 [info] autoApprove: Command line NOT auto-approved []
2025-11-08 10:20:12.815 [info] - Command 'tail -n 160 /run/user/1000/quickshell/by-id/9v8kfxd5t/log.qslog' is approved by allow list rule: tail []
2025-11-08 10:20:12.815 [info] - Command '/dev/null' has no matching auto approve entries []
2025-11-08 10:20:12.815 [info] - Command 'true' has no matching auto approve entries []
2025-11-08 10:20:12.815 [info] - Command line 'tail -n 160 /run/user/1000/quickshell/by-id/9v8kfxd5t/log.qslog 2>/dev/null || true' has no matching auto approve entries []
2025-11-08 10:22:16.082 [info] autoApprove: All sub-commands NOT auto-approved []
2025-11-08 10:22:16.082 [info] autoApprove: Command line NOT auto-approved []
2025-11-08 10:22:16.082 [info] - Command 'ls -la /home/blueflowers/.config/quickshell/modules/dank/ControlCenter' is approved by allow list rule: ls []
2025-11-08 10:22:16.082 [info] - Command 'true' has no matching auto approve entries []
2025-11-08 10:22:16.082 [info] - Command line 'ls -la /home/blueflowers/.config/quickshell/modules/dank/ControlCenter || true' has no matching auto approve entries []
2025-11-08 10:22:27.176 [info] autoApprove: All sub-commands auto-approved []
2025-11-08 10:22:27.176 [info] - Command 'ls -la /home/blueflowers/.config/quickshell/modules/dank/ControlCenter/Details' is approved by allow list rule: ls []
2025-11-08 10:22:27.176 [info] - Command line 'ls -la /home/blueflowers/.config/quickshell/modules/dank/ControlCenter/Details' has no matching auto approve entries []
2025-11-08 10:22:58.225 [info] autoApprove: All sub-commands NOT auto-approved []
2025-11-08 10:22:58.225 [info] autoApprove: Command line NOT auto-approved []
2025-11-08 10:22:58.225 [info] - Command 'tail -n 160 /run/user/1000/quickshell/by-id/9v8kfxd5t/log.qslog' is approved by allow list rule: tail []
2025-11-08 10:22:58.225 [info] - Command '/dev/null' has no matching auto approve entries []
2025-11-08 10:22:58.225 [info] - Command 'true' has no matching auto approve entries []
2025-11-08 10:22:58.225 [info] - Command line 'tail -n 160 /run/user/1000/quickshell/by-id/9v8kfxd5t/log.qslog 2>/dev/null || true' has no matching auto approve entries []
2025-11-08 10:23:19.699 [info] autoApprove: All sub-commands NOT auto-approved []
2025-11-08 10:23:19.699 [info] autoApprove: Command line NOT auto-approved []
2025-11-08 10:23:19.699 [info] - Command 'tail -n 200 /run/user/1000/quickshell/by-id/9v8kfxd5t/log.qslog' is approved by allow list rule: tail []
2025-11-08 10:23:19.700 [info] - Command '/dev/null' has no matching auto approve entries []
2025-11-08 10:23:19.700 [info] - Command 'true' has no matching auto approve entries []
2025-11-08 10:23:19.700 [info] - Command line 'tail -n 200 /run/user/1000/quickshell/by-id/9v8kfxd5t/log.qslog 2>/dev/null || true' has no matching auto approve entries []
2025-11-08 10:23:32.502 [info] autoApprove: All sub-commands NOT auto-approved []
2025-11-08 10:23:32.502 [info] autoApprove: Command line NOT auto-approved []
2025-11-08 10:23:32.502 [info] - Command 'sed -n '1,120p' /home/blueflowers/.config/quickshell/qs/Modules/ControlCenter/Details/qmldir' has no matching auto approve entries []
2025-11-08 10:23:32.502 [info] - Command 'true' has no matching auto approve entries []
2025-11-08 10:23:32.502 [info] - Command line 'sed -n '1,120p' /home/blueflowers/.config/quickshell/qs/Modules/ControlCenter/Details/qmldir || true' has no matching auto approve entries []
2025-11-08 10:23:51.254 [info] autoApprove: All sub-commands NOT auto-approved []
2025-11-08 10:23:51.254 [info] autoApprove: Command line NOT auto-approved []
2025-11-08 10:23:51.255 [info] - Command 'pgrep -a quickshell' has no matching auto approve entries []
2025-11-08 10:23:51.255 [info] - Command 'true' has no matching auto approve entries []
2025-11-08 10:23:51.255 [info] - Command line 'pgrep -a quickshell || true' has no matching auto approve entries []
2025-11-08 10:24:42.537 [info] autoApprove: Sub-command DENIED auto approval []
2025-11-08 10:24:42.537 [info] - Command 'kill 11191' is denied by deny list rule: kill []
2025-11-08 10:24:42.537 [info] - Command 'sleep 0.4' is approved by allow list rule: sleep []
2025-11-08 10:24:42.537 [info] - Command 'setsid quickshell' has no matching auto approve entries []
2025-11-08 10:24:42.537 [info] - Command '/tmp/quickshell-restart.log' has no matching auto approve entries []
2025-11-08 10:24:42.537 [info] - Command 'disown' has no matching auto approve entries []
2025-11-08 10:24:42.537 [info] - Command 'sleep 0.6' is approved by allow list rule: sleep []
2025-11-08 10:24:42.537 [info] - Command 'pgrep -a quickshell' has no matching auto approve entries []
2025-11-08 10:24:42.538 [info] - Command 'true' has no matching auto approve entries []
2025-11-08 10:24:42.538 [info] - Command line 'kill 11191 && sleep 0.4 && setsid quickshell >/tmp/quickshell-restart.log 2>&1 & disown && sleep 0.6 && pgrep -a quickshell || true' has no matching auto approve entries []
2025-11-08 10:24:54.325 [info] autoApprove: All sub-commands NOT auto-approved []
2025-11-08 10:24:54.325 [info] autoApprove: Command line NOT auto-approved []
2025-11-08 10:24:54.325 [info] - Command 'tail -n 240 /run/user/1000/quickshell/by-id/9v8kfxd5t/log.qslog' is approved by allow list rule: tail []
2025-11-08 10:24:54.325 [info] - Command '/dev/null' has no matching auto approve entries []
2025-11-08 10:24:54.325 [info] - Command 'true' has no matching auto approve entries []
2025-11-08 10:24:54.325 [info] - Command line 'tail -n 240 /run/user/1000/quickshell/by-id/9v8kfxd5t/log.qslog 2>/dev/null || true' has no matching auto approve entries []
2025-11-08 10:25:21.736 [info] autoApprove: All sub-commands NOT auto-approved []
2025-11-08 10:25:21.736 [info] autoApprove: Command line NOT auto-approved []
2025-11-08 10:25:21.736 [info] - Command 'ls -la /home/blueflowers/.config/quickshell/qs/Modules/ControlCenter/Details' is approved by allow list rule: ls []
2025-11-08 10:25:21.737 [info] - Command 'sed -n '1,200p'' has no matching auto approve entries []
2025-11-08 10:25:21.737 [info] - Command line 'ls -la /home/blueflowers/.config/quickshell/qs/Modules/ControlCenter/Details | sed -n '1,200p'' has no matching auto approve entries []
2025-11-08 10:25:44.388 [info] autoApprove: Sub-command DENIED auto approval []
2025-11-08 10:25:44.388 [info] - Command 'rm -f /home/blueflowers/.config/quickshell/qs/Modules/ControlCenter/Details/BluetoothCodecSelector.qml' is denied by deny list rule: rm []
2025-11-08 10:25:44.388 [info] - Command 'echo removed' is approved by allow list rule: echo []
2025-11-08 10:25:44.388 [info] - Command 'echo rm-failed' is approved by allow list rule: echo []
2025-11-08 10:25:44.388 [info] - Command line 'rm -f /home/blueflowers/.config/quickshell/qs/Modules/ControlCenter/Details/BluetoothCodecSelector.qml && echo removed || echo rm-failed' has no matching auto approve entries []
2025-11-08 10:26:10.500 [info] autoApprove: All sub-commands NOT auto-approved []
2025-11-08 10:26:10.501 [info] autoApprove: Command line NOT auto-approved []
2025-11-08 10:26:10.501 [info] - Command 'ls -la /home/blueflowers/.config/quickshell/qs/Modules/ControlCenter/Details' is approved by allow list rule: ls []
2025-11-08 10:26:10.501 [info] - Command 'sed -n '1,200p'' has no matching auto approve entries []
2025-11-08 10:26:10.501 [info] - Command line 'ls -la /home/blueflowers/.config/quickshell/qs/Modules/ControlCenter/Details | sed -n '1,200p'' has no matching auto approve entries []
2025-11-08 10:26:28.224 [info] autoApprove: All sub-commands NOT auto-approved []
2025-11-08 10:26:28.224 [info] autoApprove: Command line NOT auto-approved []
2025-11-08 10:26:28.225 [info] - Command 'pgrep -a quickshell' has no matching auto approve entries []
2025-11-08 10:26:28.225 [info] - Command 'true' has no matching auto approve entries []
2025-11-08 10:26:28.225 [info] - Command line 'pgrep -a quickshell || true' has no matching auto approve entries []
2025-11-08 10:26:44.569 [info] autoApprove: Sub-command DENIED auto approval []
2025-11-08 10:26:44.569 [info] - Command 'kill 38701' is denied by deny list rule: kill []
2025-11-08 10:26:44.570 [info] - Command 'sleep 0.3' is approved by allow list rule: sleep []
2025-11-08 10:26:44.570 [info] - Command 'setsid quickshell' has no matching auto approve entries []
2025-11-08 10:26:44.570 [info] - Command '/tmp/quickshell-restart.log' has no matching auto approve entries []
2025-11-08 10:26:44.570 [info] - Command 'disown' has no matching auto approve entries []
2025-11-08 10:26:44.570 [info] - Command 'sleep 0.6' is approved by allow list rule: sleep []
2025-11-08 10:26:44.570 [info] - Command 'pgrep -a quickshell' has no matching auto approve entries []
2025-11-08 10:26:44.570 [info] - Command 'true' has no matching auto approve entries []
2025-11-08 10:26:44.570 [info] - Command line 'kill 38701 && sleep 0.3 && setsid quickshell >/tmp/quickshell-restart.log 2>&1 & disown && sleep 0.6 && pgrep -a quickshell || true' has no matching auto approve entries []
2025-11-08 10:26:58.844 [info] autoApprove: All sub-commands NOT auto-approved []
2025-11-08 10:26:58.844 [info] autoApprove: Command line NOT auto-approved []
2025-11-08 10:26:58.844 [info] - Command 'tail -n 200 /run/user/1000/quickshell/by-id/9v8kfxd5t/log.qslog' is approved by allow list rule: tail []
2025-11-08 10:26:58.844 [info] - Command '/dev/null' has no matching auto approve entries []
2025-11-08 10:26:58.844 [info] - Command 'true' has no matching auto approve entries []
2025-11-08 10:26:58.844 [info] - Command line 'tail -n 200 /run/user/1000/quickshell/by-id/9v8kfxd5t/log.qslog 2>/dev/null || true' has no matching auto approve entries []
2025-11-08 10:27:11.055 [info] autoApprove: All sub-commands NOT auto-approved []
2025-11-08 10:27:11.056 [info] autoApprove: Command line NOT auto-approved []
2025-11-08 10:27:11.056 [info] - Command 'ls -la /home/blueflowers/.config/quickshell/qs/Modules/ControlCenter' is approved by allow list rule: ls []
2025-11-08 10:27:11.056 [info] - Command 'true' has no matching auto approve entries []
2025-11-08 10:27:11.056 [info] - Command line 'ls -la /home/blueflowers/.config/quickshell/qs/Modules/ControlCenter || true' has no matching auto approve entries []
2025-11-08 10:28:04.312 [info] autoApprove: All sub-commands NOT auto-approved []
2025-11-08 10:28:04.312 [info] autoApprove: Command line NOT auto-approved []
2025-11-08 10:28:04.312 [info] - Command 'pgrep -a quickshell' has no matching auto approve entries []
2025-11-08 10:28:04.312 [info] - Command 'true' has no matching auto approve entries []
2025-11-08 10:28:04.312 [info] - Command line 'pgrep -a quickshell || true' has no matching auto approve entries []
2025-11-08 10:28:14.477 [info] autoApprove: Sub-command DENIED auto approval []
2025-11-08 10:28:14.477 [info] - Command 'kill 39850' is denied by deny list rule: kill []
2025-11-08 10:28:14.478 [info] - Command 'sleep 0.3' is approved by allow list rule: sleep []
2025-11-08 10:28:14.478 [info] - Command 'setsid quickshell' has no matching auto approve entries []
2025-11-08 10:28:14.478 [info] - Command '/tmp/quickshell-restart.log' has no matching auto approve entries []
2025-11-08 10:28:14.478 [info] - Command 'disown' has no matching auto approve entries []
2025-11-08 10:28:14.478 [info] - Command 'sleep 0.6' is approved by allow list rule: sleep []
2025-11-08 10:28:14.478 [info] - Command 'pgrep -a quickshell' has no matching auto approve entries []
2025-11-08 10:28:14.478 [info] - Command 'true' has no matching auto approve entries []
2025-11-08 10:28:14.478 [info] - Command line 'kill 39850 && sleep 0.3 && setsid quickshell >/tmp/quickshell-restart.log 2>&1 & disown && sleep 0.6 && pgrep -a quickshell || true' has no matching auto approve entries []
2025-11-08 10:28:52.146 [info] autoApprove: All sub-commands NOT auto-approved []
2025-11-08 10:28:52.146 [info] autoApprove: Command line NOT auto-approved []
2025-11-08 10:28:52.146 [info] - Command 'tail -n 240 /run/user/1000/quickshell/by-id/9v8kfxd5t/log.qslog' is approved by allow list rule: tail []
2025-11-08 10:28:52.146 [info] - Command '/dev/null' has no matching auto approve entries []
2025-11-08 10:28:52.146 [info] - Command 'true' has no matching auto approve entries []
2025-11-08 10:28:52.146 [info] - Command line 'tail -n 240 /run/user/1000/quickshell/by-id/9v8kfxd5t/log.qslog 2>/dev/null || true' has no matching auto approve entries []
2025-11-08 10:31:23.702 [info] autoApprove: All sub-commands NOT auto-approved []
2025-11-08 10:31:23.702 [info] autoApprove: Command line NOT auto-approved []
2025-11-08 10:31:23.702 [info] - Command 'ls -la /home/blueflowers/.config/quickshell/qs/Modules/ControlCenter/Details' is approved by allow list rule: ls []
2025-11-08 10:31:23.702 [info] - Command 'true' has no matching auto approve entries []
2025-11-08 10:31:23.702 [info] - Command line 'ls -la /home/blueflowers/.config/quickshell/qs/Modules/ControlCenter/Details || true' has no matching auto approve entries []
2025-11-08 10:31:30.700 [info] ToolTerminalCreator#createTerminal: Waiting 5000ms for shell integration []
2025-11-08 10:31:30.815 [info] ToolTerminalCreator#_waitForShellIntegration: Rich SI available eventually []
2025-11-08 10:31:30.815 [info] ToolTerminalCreator#_waitForShellIntegration: Promise complete, disposing store []
2025-11-08 10:31:30.815 [info] ToolTerminalCreator#createTerminal: Waiting up to 2s for PromptInputModel state to change []
2025-11-08 10:31:42.300 [info] autoApprove: All sub-commands auto-approved []
2025-11-08 10:31:42.300 [info] - Command 'ls -la /home/blueflowers/.config/quickshell/modules/dank/ControlCenter/Details' is approved by allow list rule: ls []
2025-11-08 10:31:42.300 [info] - Command line 'ls -la /home/blueflowers/.config/quickshell/modules/dank/ControlCenter/Details' has no matching auto approve entries []
